Archive member included to satisfy reference by file (symbol)

/usr/lib/gcc/arm-none-eabi/14.2.0/thumb/v7e-m+fp/hard/libgcc.a(_arm_addsubdf3.o)
                              CMakeFiles/V2.2_F407.dir/Core/Src/main.c.obj (__aeabi_f2d)
/usr/lib/gcc/arm-none-eabi/14.2.0/thumb/v7e-m+fp/hard/libgcc.a(_aeabi_uldivmod.o)
                              cmake/stm32cubemx/CMakeFiles/STM32_Drivers.dir/__/__/Drivers/STM32F4xx_HAL_Driver/Src/stm32f4xx_hal_rcc.c.obj (__aeabi_uldivmod)
/usr/lib/gcc/arm-none-eabi/14.2.0/thumb/v7e-m+fp/hard/libgcc.a(_udivmoddi4.o)
                              /usr/lib/gcc/arm-none-eabi/14.2.0/thumb/v7e-m+fp/hard/libgcc.a(_aeabi_uldivmod.o) (__udivmoddi4)
/usr/lib/gcc/arm-none-eabi/14.2.0/thumb/v7e-m+fp/hard/libgcc.a(_dvmd_tls.o)
                              /usr/lib/gcc/arm-none-eabi/14.2.0/thumb/v7e-m+fp/hard/libgcc.a(_aeabi_uldivmod.o) (__aeabi_ldiv0)
/usr/lib/gcc/arm-none-eabi/14.2.0/../../../../arm-none-eabi/lib/thumb/v7e-m+fp/hard/libg_nano.a(libc_a-atexit.o)
                              /usr/lib/gcc/arm-none-eabi/14.2.0/../../../../arm-none-eabi/lib/thumb/v7e-m+fp/hard/crt0.o (atexit)
/usr/lib/gcc/arm-none-eabi/14.2.0/../../../../arm-none-eabi/lib/thumb/v7e-m+fp/hard/libg_nano.a(libc_a-exit.o)
                              /usr/lib/gcc/arm-none-eabi/14.2.0/../../../../arm-none-eabi/lib/thumb/v7e-m+fp/hard/crt0.o (exit)
/usr/lib/gcc/arm-none-eabi/14.2.0/../../../../arm-none-eabi/lib/thumb/v7e-m+fp/hard/libg_nano.a(libc_a-nano-vfprintf_float.o)
                              (_printf_float)
/usr/lib/gcc/arm-none-eabi/14.2.0/../../../../arm-none-eabi/lib/thumb/v7e-m+fp/hard/libg_nano.a(libc_a-nano-vfprintf_i.o)
                              /usr/lib/gcc/arm-none-eabi/14.2.0/../../../../arm-none-eabi/lib/thumb/v7e-m+fp/hard/libg_nano.a(libc_a-nano-vfprintf_float.o) (_printf_common)
/usr/lib/gcc/arm-none-eabi/14.2.0/../../../../arm-none-eabi/lib/thumb/v7e-m+fp/hard/libg_nano.a(libc_a-findfp.o)
                              /usr/lib/gcc/arm-none-eabi/14.2.0/../../../../arm-none-eabi/lib/thumb/v7e-m+fp/hard/libg_nano.a(libc_a-exit.o) (__stdio_exit_handler)
/usr/lib/gcc/arm-none-eabi/14.2.0/../../../../arm-none-eabi/lib/thumb/v7e-m+fp/hard/libg_nano.a(libc_a-fwalk.o)
                              /usr/lib/gcc/arm-none-eabi/14.2.0/../../../../arm-none-eabi/lib/thumb/v7e-m+fp/hard/libg_nano.a(libc_a-findfp.o) (_fwalk_sglue)
/usr/lib/gcc/arm-none-eabi/14.2.0/../../../../arm-none-eabi/lib/thumb/v7e-m+fp/hard/libg_nano.a(libc_a-printf.o)
                              CMakeFiles/V2.2_F407.dir/Core/Src/main.c.obj (printf)
/usr/lib/gcc/arm-none-eabi/14.2.0/../../../../arm-none-eabi/lib/thumb/v7e-m+fp/hard/libg_nano.a(libc_a-puts.o)
                              CMakeFiles/V2.2_F407.dir/Core/Src/main.c.obj (puts)
/usr/lib/gcc/arm-none-eabi/14.2.0/../../../../arm-none-eabi/lib/thumb/v7e-m+fp/hard/libg_nano.a(libc_a-stdio.o)
                              /usr/lib/gcc/arm-none-eabi/14.2.0/../../../../arm-none-eabi/lib/thumb/v7e-m+fp/hard/libg_nano.a(libc_a-findfp.o) (__sread)
/usr/lib/gcc/arm-none-eabi/14.2.0/../../../../arm-none-eabi/lib/thumb/v7e-m+fp/hard/libg_nano.a(libc_a-wbuf.o)
                              /usr/lib/gcc/arm-none-eabi/14.2.0/../../../../arm-none-eabi/lib/thumb/v7e-m+fp/hard/libg_nano.a(libc_a-puts.o) (__swbuf_r)
/usr/lib/gcc/arm-none-eabi/14.2.0/../../../../arm-none-eabi/lib/thumb/v7e-m+fp/hard/libg_nano.a(libc_a-wsetup.o)
                              /usr/lib/gcc/arm-none-eabi/14.2.0/../../../../arm-none-eabi/lib/thumb/v7e-m+fp/hard/libg_nano.a(libc_a-puts.o) (__swsetup_r)
/usr/lib/gcc/arm-none-eabi/14.2.0/../../../../arm-none-eabi/lib/thumb/v7e-m+fp/hard/libg_nano.a(libc_a-memset.o)
                              /usr/lib/gcc/arm-none-eabi/14.2.0/../../../../arm-none-eabi/lib/thumb/v7e-m+fp/hard/crt0.o (memset)
/usr/lib/gcc/arm-none-eabi/14.2.0/../../../../arm-none-eabi/lib/thumb/v7e-m+fp/hard/libg_nano.a(libc_a-localeconv.o)
                              /usr/lib/gcc/arm-none-eabi/14.2.0/../../../../arm-none-eabi/lib/thumb/v7e-m+fp/hard/libg_nano.a(libc_a-nano-vfprintf_float.o) (_localeconv_r)
/usr/lib/gcc/arm-none-eabi/14.2.0/../../../../arm-none-eabi/lib/thumb/v7e-m+fp/hard/libg_nano.a(libc_a-closer.o)
                              /usr/lib/gcc/arm-none-eabi/14.2.0/../../../../arm-none-eabi/lib/thumb/v7e-m+fp/hard/libg_nano.a(libc_a-stdio.o) (_close_r)
/usr/lib/gcc/arm-none-eabi/14.2.0/../../../../arm-none-eabi/lib/thumb/v7e-m+fp/hard/libg_nano.a(libc_a-reent.o)
                              /usr/lib/gcc/arm-none-eabi/14.2.0/../../../../arm-none-eabi/lib/thumb/v7e-m+fp/hard/libg_nano.a(libc_a-closer.o) (errno)
/usr/lib/gcc/arm-none-eabi/14.2.0/../../../../arm-none-eabi/lib/thumb/v7e-m+fp/hard/libg_nano.a(libc_a-impure.o)
                              /usr/lib/gcc/arm-none-eabi/14.2.0/../../../../arm-none-eabi/lib/thumb/v7e-m+fp/hard/libg_nano.a(libc_a-printf.o) (_impure_ptr)
[...]
Memory Configuration

Name             Origin             Length             Attributes
RAM              0x20000000         0x00020000         xrw
CCMRAM           0x10000000         0x00010000         xrw
FLASH            0x08000000         0x00080000         xr
*default*        0x00000000         0xffffffff

Linker script and memory map

LOAD /usr/lib/gcc/arm-none-eabi/14.2.0/thumb/v7e-m+fp/hard/crti.o
LOAD /usr/lib/gcc/arm-none-eabi/14.2.0/thumb/v7e-m+fp/hard/crtbegin.o
LOAD /usr/lib/gcc/arm-none-eabi/14.2.0/../../../../arm-none-eabi/lib/thumb/v7e-m+fp/hard/crt0.o
LOAD cmake/stm32cubemx/CMakeFiles/STM32_Drivers.dir/__/__/Core/Src/system_stm32f4xx.c.obj
LOAD cmake/stm32cubemx/CMakeFiles/STM32_Drivers.dir/__/__/Drivers/STM32F4xx_HAL_Driver/Src/stm32f4xx_hal_dcmi.c.obj
LOAD cmake/stm32cubemx/CMakeFiles/STM32_Drivers.dir/__/__/Drivers/STM32F4xx_HAL_Driver/Src/stm32f4xx_hal_dcmi_ex.c.obj
LOAD cmake/stm32cubemx/CMakeFiles/STM32_Drivers.dir/__/__/Drivers/STM32F4xx_HAL_Driver/Src/stm32f4xx_hal_rcc.c.obj
LOAD cmake/stm32cubemx/CMakeFiles/STM32_Drivers.dir/__/__/Drivers/STM32F4xx_HAL_Driver/Src/stm32f4xx_hal_rcc_ex.c.obj
LOAD cmake/stm32cubemx/CMakeFiles/STM32_Drivers.dir/__/__/Drivers/STM32F4xx_HAL_Driver/Src/stm32f4xx_hal_flash.c.obj
LOAD cmake/stm32cubemx/CMakeFiles/STM32_Drivers.dir/__/__/Drivers/STM32F4xx_HAL_Driver/Src/stm32f4xx_hal_flash_ex.c.obj
LOAD cmake/stm32cubemx/CMakeFiles/STM32_Drivers.dir/__/__/Drivers/STM32F4xx_HAL_Driver/Src/stm32f4xx_hal_flash_ramfunc.c.obj
LOAD cmake/stm32cubemx/CMakeFiles/STM32_Drivers.dir/__/__/Drivers/STM32F4xx_HAL_Driver/Src/stm32f4xx_hal_gpio.c.obj
LOAD cmake/stm32cubemx/CMakeFiles/STM32_Drivers.dir/__/__/Drivers/STM32F4xx_HAL_Driver/Src/stm32f4xx_hal_dma_ex.c.obj
LOAD cmake/stm32cubemx/CMakeFiles/STM32_Drivers.dir/__/__/Drivers/STM32F4xx_HAL_Driver/Src/stm32f4xx_hal_dma.c.obj
LOAD cmake/stm32cubemx/CMakeFiles/STM32_Drivers.dir/__/__/Drivers/STM32F4xx_HAL_Driver/Src/stm32f4xx_hal_pwr.c.obj
LOAD cmake/stm32cubemx/CMakeFiles/STM32_Drivers.dir/__/__/Drivers/STM32F4xx_HAL_Driver/Src/stm32f4xx_hal_pwr_ex.c.obj
LOAD cmake/stm32cubemx/CMakeFiles/STM32_Drivers.dir/__/__/Drivers/STM32F4xx_HAL_Driver/Src/stm32f4xx_hal_cortex.c.obj
LOAD cmake/stm32cubemx/CMakeFiles/STM32_Drivers.dir/__/__/Drivers/STM32F4xx_HAL_Driver/Src/stm32f4xx_hal.c.obj
LOAD cmake/stm32cubemx/CMakeFiles/STM32_Drivers.dir/__/__/Drivers/STM32F4xx_HAL_Driver/Src/stm32f4xx_hal_exti.c.obj
LOAD cmake/stm32cubemx/CMakeFiles/STM32_Drivers.dir/__/__/Drivers/STM32F4xx_HAL_Driver/Src/stm32f4xx_hal_i2c.c.obj
LOAD cmake/stm32cubemx/CMakeFiles/STM32_Drivers.dir/__/__/Drivers/STM32F4xx_HAL_Driver/Src/stm32f4xx_hal_i2c_ex.c.obj
LOAD cmake/stm32cubemx/CMakeFiles/STM32_Drivers.dir/__/__/Drivers/STM32F4xx_HAL_Driver/Src/stm32f4xx_hal_tim.c.obj
LOAD cmake/stm32cubemx/CMakeFiles/STM32_Drivers.dir/__/__/Drivers/STM32F4xx_HAL_Driver/Src/stm32f4xx_hal_tim_ex.c.obj
LOAD cmake/stm32cubemx/CMakeFiles/STM32_Drivers.dir/__/__/Drivers/STM32F4xx_HAL_Driver/Src/stm32f4xx_hal_uart.c.obj
LOAD CMakeFiles/V2.2_F407.dir/Core/Src/main.c.obj
LOAD CMakeFiles/V2.2_F407.dir/Core/Src/gpio.c.obj
LOAD CMakeFiles/V2.2_F407.dir/Core/Src/dcmi.c.obj
LOAD CMakeFiles/V2.2_F407.dir/Core/Src/dma.c.obj
LOAD CMakeFiles/V2.2_F407.dir/Core/Src/i2c.c.obj
LOAD CMakeFiles/V2.2_F407.dir/Core/Src/tim.c.obj
LOAD CMakeFiles/V2.2_F407.dir/Core/Src/usart.c.obj
LOAD CMakeFiles/V2.2_F407.dir/Core/Src/stm32f4xx_it.c.obj
LOAD CMakeFiles/V2.2_F407.dir/Core/Src/stm32f4xx_hal_msp.c.obj
LOAD CMakeFiles/V2.2_F407.dir/Core/Src/sysmem.c.obj
LOAD CMakeFiles/V2.2_F407.dir/Core/Src/syscalls.c.obj
LOAD CMakeFiles/V2.2_F407.dir/startup_stm32f407xx.s.obj
LOAD CMakeFiles/V2.2_F407.dir/Core/Src/servo_driver.c.obj
LOAD CMakeFiles/V2.2_F407.dir/Core/Src/hcsr04.c.obj
LOAD CMakeFiles/V2.2_F407.dir/Core/Src/ov2640.c.obj
LOAD CMakeFiles/V2.2_F407.dir/Core/Src/test_suite.c.obj
LOAD /usr/lib/gcc/arm-none-eabi/14.2.0/../../../../arm-none-eabi/lib/thumb/v7e-m+fp/hard/libm.a
START GROUP
LOAD /usr/lib/gcc/arm-none-eabi/14.2.0/thumb/v7e-m+fp/hard/libgcc.a
LOAD /usr/lib/gcc/arm-none-eabi/14.2.0/../../../../arm-none-eabi/lib/thumb/v7e-m+fp/hard/libg_nano.a
LOAD /usr/lib/gcc/arm-none-eabi/14.2.0/../../../../arm-none-eabi/lib/thumb/v7e-m+fp/hard/libc_nano.a
END GROUP
START GROUP
LOAD /usr/lib/gcc/arm-none-eabi/14.2.0/thumb/v7e-m+fp/hard/libgcc.a
LOAD /usr/lib/gcc/arm-none-eabi/14.2.0/../../../../arm-none-eabi/lib/thumb/v7e-m+fp/hard/libc_nano.a
END GROUP
LOAD /usr/lib/gcc/arm-none-eabi/14.2.0/thumb/v7e-m+fp/hard/crtend.o
LOAD /usr/lib/gcc/arm-none-eabi/14.2.0/thumb/v7e-m+fp/hard/crtn.o
                0x20020000                        _estack = (ORIGIN (RAM) + LENGTH (RAM))
                0x00004000                        _Min_Heap_Size = 0x4000
                0x00001000                        _Min_Stack_Size = 0x1000

.isr_vector     0x08000000      0x188
                0x08000000                        . = ALIGN (0x4)
 *(.isr_vector)
 .isr_vector    0x08000000      0x188 CMakeFiles/V2.2_F407.dir/startup_stm32f407xx.s.obj
                0x08000000                g_pfnVectors
                0x08000188                        . = ALIGN (0x4)

.text           0x08000190     0x9244
                0x08000190                        . = ALIGN (0x4)
 *(.text)
 .text          0x08000190      0x378 /usr/lib/gcc/arm-none-eabi/14.2.0/thumb/v7e-m+fp/hard/libgcc.a(_arm_addsubdf3.o)
                0x08000190                __aeabi_drsub
                0x08000198                __aeabi_dsub
                0x08000198                __subdf3
                0x0800019c                __adddf3
                0x0800019c                __aeabi_dadd
                0x08000414                __aeabi_ui2d
                0x08000414                __floatunsidf
                0x08000434                __floatsidf
                0x08000434                __aeabi_i2d
                0x08000458                __extendsfdf2
                0x08000458                __aeabi_f2d
                0x0800049c                __aeabi_ul2d
                0x0800049c                __floatundidf
                0x080004ac                __floatdidf
                0x080004ac                __aeabi_l2d
 .text          0x08000508       0x30 /usr/lib/gcc/arm-none-eabi/14.2.0/thumb/v7e-m+fp/hard/libgcc.a(_aeabi_uldivmod.o)
                0x08000508                __aeabi_uldivmod
 .text          0x08000538        0x4 /usr/lib/gcc/arm-none-eabi/14.2.0/thumb/v7e-m+fp/hard/libgcc.a(_dvmd_tls.o)
                0x08000538                __aeabi_ldiv0
                0x08000538                __aeabi_idiv0
 *fill*         0x0800053c        0x4 
 .text          0x08000540       0xa0 /usr/lib/gcc/arm-none-eabi/14.2.0/../../../../arm-none-eabi/lib/thumb/v7e-m+fp/hard/libg_nano.a(libc_a-memchr.o)
                0x08000540                memchr
 .text          0x080005e0       0x10 /usr/lib/gcc/arm-none-eabi/14.2.0/../../../../arm-none-eabi/lib/thumb/v7e-m+fp/hard/libg_nano.a(libc_a-strlen.o)
                0x080005e0                strlen
 .text          0x080005f0      0x424 /usr/lib/gcc/arm-none-eabi/14.2.0/thumb/v7e-m+fp/hard/libgcc.a(_arm_muldivdf3.o)
                0x080005f0                __aeabi_dmul
                0x080005f0                __muldf3
                0x08000844                __aeabi_ddiv
                0x08000844                __divdf3
 .text          0x08000a14      0x110 /usr/lib/gcc/arm-none-eabi/14.2.0/thumb/v7e-m+fp/hard/libgcc.a(_arm_cmpdf2.o)
                0x08000a14                __gtdf2
                0x08000a14                __gedf2
                0x08000a1c                __ltdf2
                0x08000a1c                __ledf2
                0x08000a24                __cmpdf2
                0x08000a24                __eqdf2
                0x08000a24                __nedf2
                0x08000aa0                __aeabi_cdrcmple
                0x08000ab0                __aeabi_cdcmple
                0x08000ab0                __aeabi_cdcmpeq
                0x08000ac0                __aeabi_dcmpeq
                0x08000ad4                __aeabi_dcmplt
                0x08000ae8                __aeabi_dcmple
                0x08000afc                __aeabi_dcmpge
                0x08000b10                __aeabi_dcmpgt
 .text          0x08000b24       0x2c /usr/lib/gcc/arm-none-eabi/14.2.0/thumb/v7e-m+fp/hard/libgcc.a(_arm_unorddf2.o)
                0x08000b24                __aeabi_dcmpun
                0x08000b24                __unorddf2
 .text          0x08000b50       0x50 /usr/lib/gcc/arm-none-eabi/14.2.0/thumb/v7e-m+fp/hard/libgcc.a(_arm_fixdfsi.o)
                0x08000b50                __fixdfsi
                0x08000b50                __aeabi_d2iz
 *(.text*)
 .text.__do_global_dtors_aux
                0x08000ba0       0x24 /usr/lib/gcc/arm-none-eabi/14.2.0/thumb/v7e-m+fp/hard/crtbegin.o
 .text.frame_dummy
                0x08000bc4       0x1c /usr/lib/gcc/arm-none-eabi/14.2.0/thumb/v7e-m+fp/hard/crtbegin.o
 .text.SystemInit
                0x08000be0       0x24 cmake/stm32cubemx/CMakeFiles/STM32_Drivers.dir/__/__/Core/Src/system_stm32f4xx.c.obj
                0x08000be0                SystemInit
 .text.HAL_DCMI_Init
                0x08000c04       0xda cmake/stm32cubemx/CMakeFiles/STM32_Drivers.dir/__/__/Drivers/STM32F4xx_HAL_Driver/Src/stm32f4xx_hal_dcmi_ex.c.obj
                0x08000c04                HAL_DCMI_Init
 *fill*         0x08000cde        0x2 
 .text.HAL_RCC_OscConfig
                0x08000ce0      0x4f0 cmake/stm32cubemx/CMakeFiles/STM32_Drivers.dir/__/__/Drivers/STM32F4xx_HAL_Driver/Src/stm32f4xx_hal_rcc.c.obj
                0x08000ce0                HAL_RCC_OscConfig
 .text.HAL_RCC_ClockConfig
                0x080011d0      0x1cc cmake/stm32cubemx/CMakeFiles/STM32_Drivers.dir/__/__/Drivers/STM32F4xx_HAL_Driver/Src/stm32f4xx_hal_rcc.c.obj
                0x080011d0                HAL_RCC_ClockConfig
 .text.HAL_RCC_GetSysClockFreq
                0x0800139c      0x20c cmake/stm32cubemx/CMakeFiles/STM32_Drivers.dir/__/__/Drivers/STM32F4xx_HAL_Driver/Src/stm32f4xx_hal_rcc.c.obj
                0x0800139c                HAL_RCC_GetSysClockFreq
 .text.HAL_RCC_GetHCLKFreq
                0x080015a8       0x18 cmake/stm32cubemx/CMakeFiles/STM32_Drivers.dir/__/__/Drivers/STM32F4xx_HAL_Driver/Src/stm32f4xx_hal_rcc.c.obj
                0x080015a8                HAL_RCC_GetHCLKFreq
 .text.HAL_RCC_GetPCLK1Freq
                0x080015c0       0x28 cmake/stm32cubemx/CMakeFiles/STM32_Drivers.dir/__/__/Drivers/STM32F4xx_HAL_Driver/Src/stm32f4xx_hal_rcc.c.obj
                0x080015c0                HAL_RCC_GetPCLK1Freq
 .text.HAL_RCC_GetPCLK2Freq
                0x080015e8       0x28 cmake/stm32cubemx/CMakeFiles/STM32_Drivers.dir/__/__/Drivers/STM32F4xx_HAL_Driver/Src/stm32f4xx_hal_rcc.c.obj
                0x080015e8                HAL_RCC_GetPCLK2Freq
 .text.HAL_GPIO_Init
                0x08001610      0x338 cmake/stm32cubemx/CMakeFiles/STM32_Drivers.dir/__/__/Drivers/STM32F4xx_HAL_Driver/Src/stm32f4xx_hal_gpio.c.obj
                0x08001610                HAL_GPIO_Init
 .text.HAL_GPIO_WritePin
                0x08001948       0x32 cmake/stm32cubemx/CMakeFiles/STM32_Drivers.dir/__/__/Drivers/STM32F4xx_HAL_Driver/Src/stm32f4xx_hal_gpio.c.obj
                0x08001948                HAL_GPIO_WritePin
 *fill*         0x0800197a        0x2 
 .text.HAL_DMA_Init
                0x0800197c      0x15c cmake/stm32cubemx/CMakeFiles/STM32_Drivers.dir/__/__/Drivers/STM32F4xx_HAL_Driver/Src/stm32f4xx_hal_dma.c.obj
                0x0800197c                HAL_DMA_Init
 .text.HAL_DMA_IRQHandler
                0x08001ad8      0x314 cmake/stm32cubemx/CMakeFiles/STM32_Drivers.dir/__/__/Drivers/STM32F4xx_HAL_Driver/Src/stm32f4xx_hal_dma.c.obj
                0x08001ad8                HAL_DMA_IRQHandler
 .text.DMA_CalcBaseAndBitshift
                0x08001dec       0x6c cmake/stm32cubemx/CMakeFiles/STM32_Drivers.dir/__/__/Drivers/STM32F4xx_HAL_Driver/Src/stm32f4xx_hal_dma.c.obj
 .text.DMA_CheckFifoParam
                0x08001e58       0xf8 cmake/stm32cubemx/CMakeFiles/STM32_Drivers.dir/__/__/Drivers/STM32F4xx_HAL_Driver/Src/stm32f4xx_hal_dma.c.obj
 .text.__NVIC_SetPriorityGrouping
                0x08001f50       0x48 cmake/stm32cubemx/CMakeFiles/STM32_Drivers.dir/__/__/Drivers/STM32F4xx_HAL_Driver/Src/stm32f4xx_hal_cortex.c.obj
 .text.__NVIC_GetPriorityGrouping
                0x08001f98       0x1c cmake/stm32cubemx/CMakeFiles/STM32_Drivers.dir/__/__/Drivers/STM32F4xx_HAL_Driver/Src/stm32f4xx_hal_cortex.c.obj
 .text.__NVIC_EnableIRQ
                0x08001fb4       0x3c cmake/stm32cubemx/CMakeFiles/STM32_Drivers.dir/__/__/Drivers/STM32F4xx_HAL_Driver/Src/stm32f4xx_hal_cortex.c.obj
 .text.__NVIC_SetPriority
                0x08001ff0       0x54 cmake/stm32cubemx/CMakeFiles/STM32_Drivers.dir/__/__/Drivers/STM32F4xx_HAL_Driver/Src/stm32f4xx_hal_cortex.c.obj
 .text.NVIC_EncodePriority
                0x08002044       0x66 cmake/stm32cubemx/CMakeFiles/STM32_Drivers.dir/__/__/Drivers/STM32F4xx_HAL_Driver/Src/stm32f4xx_hal_cortex.c.obj
 *fill*         0x080020aa        0x2 
 .text.SysTick_Config
                0x080020ac       0x44 cmake/stm32cubemx/CMakeFiles/STM32_Drivers.dir/__/__/Drivers/STM32F4xx_HAL_Driver/Src/stm32f4xx_hal_cortex.c.obj
 .text.HAL_NVIC_SetPriorityGrouping
                0x080020f0       0x16 cmake/stm32cubemx/CMakeFiles/STM32_Drivers.dir/__/__/Drivers/STM32F4xx_HAL_Driver/Src/stm32f4xx_hal_cortex.c.obj
                0x080020f0                HAL_NVIC_SetPriorityGrouping
 .text.HAL_NVIC_SetPriority
                0x08002106       0x38 cmake/stm32cubemx/CMakeFiles/STM32_Drivers.dir/__/__/Drivers/STM32F4xx_HAL_Driver/Src/stm32f4xx_hal_cortex.c.obj
                0x08002106                HAL_NVIC_SetPriority
 .text.HAL_NVIC_EnableIRQ
                0x0800213e       0x1c cmake/stm32cubemx/CMakeFiles/STM32_Drivers.dir/__/__/Drivers/STM32F4xx_HAL_Driver/Src/stm32f4xx_hal_cortex.c.obj
                0x0800213e                HAL_NVIC_EnableIRQ
 .text.HAL_SYSTICK_Config
                0x0800215a       0x18 cmake/stm32cubemx/CMakeFiles/STM32_Drivers.dir/__/__/Drivers/STM32F4xx_HAL_Driver/Src/stm32f4xx_hal_cortex.c.obj
                0x0800215a                HAL_SYSTICK_Config
 *fill*         0x08002172        0x2 
 .text.HAL_Init
                0x08002174       0x44 cmake/stm32cubemx/CMakeFiles/STM32_Drivers.dir/__/__/Drivers/STM32F4xx_HAL_Driver/Src/stm32f4xx_hal.c.obj
                0x08002174                HAL_Init
 .text.HAL_InitTick
                0x080021b8       0x60 cmake/stm32cubemx/CMakeFiles/STM32_Drivers.dir/__/__/Drivers/STM32F4xx_HAL_Driver/Src/stm32f4xx_hal.c.obj
                0x080021b8                HAL_InitTick
 .text.HAL_IncTick
                0x08002218       0x28 cmake/stm32cubemx/CMakeFiles/STM32_Drivers.dir/__/__/Drivers/STM32F4xx_HAL_Driver/Src/stm32f4xx_hal.c.obj
                0x08002218                HAL_IncTick
 .text.HAL_GetTick
                0x08002240       0x18 cmake/stm32cubemx/CMakeFiles/STM32_Drivers.dir/__/__/Drivers/STM32F4xx_HAL_Driver/Src/stm32f4xx_hal.c.obj
                0x08002240                HAL_GetTick
 .text.HAL_Delay
                0x08002258       0x48 cmake/stm32cubemx/CMakeFiles/STM32_Drivers.dir/__/__/Drivers/STM32F4xx_HAL_Driver/Src/stm32f4xx_hal.c.obj
                0x08002258                HAL_Delay
 .text.HAL_I2C_Init
                0x080022a0      0x288 cmake/stm32cubemx/CMakeFiles/STM32_Drivers.dir/__/__/Drivers/STM32F4xx_HAL_Driver/Src/stm32f4xx_hal_i2c.c.obj
                0x080022a0                HAL_I2C_Init
 .text.HAL_I2C_Master_Transmit
                0x08002528      0x1fc cmake/stm32cubemx/CMakeFiles/STM32_Drivers.dir/__/__/Drivers/STM32F4xx_HAL_Driver/Src/stm32f4xx_hal_i2c.c.obj
                0x08002528                HAL_I2C_Master_Transmit
 .text.HAL_I2C_Master_Receive
                0x08002724      0x464 cmake/stm32cubemx/CMakeFiles/STM32_Drivers.dir/__/__/Drivers/STM32F4xx_HAL_Driver/Src/stm32f4xx_hal_i2c.c.obj
                0x08002724                HAL_I2C_Master_Receive
 .text.I2C_MasterRequestWrite
                0x08002b88      0x104 cmake/stm32cubemx/CMakeFiles/STM32_Drivers.dir/__/__/Drivers/STM32F4xx_HAL_Driver/Src/stm32f4xx_hal_i2c.c.obj
 .text.I2C_MasterRequestRead
                0x08002c8c      0x19c cmake/stm32cubemx/CMakeFiles/STM32_Drivers.dir/__/__/Drivers/STM32F4xx_HAL_Driver/Src/stm32f4xx_hal_i2c.c.obj
 .text.I2C_WaitOnFlagUntilTimeout
                0x08002e28       0xf4 cmake/stm32cubemx/CMakeFiles/STM32_Drivers.dir/__/__/Drivers/STM32F4xx_HAL_Driver/Src/stm32f4xx_hal_i2c.c.obj
 .text.I2C_WaitOnMasterAddressFlagUntilTimeout
                0x08002f1c      0x140 cmake/stm32cubemx/CMakeFiles/STM32_Drivers.dir/__/__/Drivers/STM32F4xx_HAL_Driver/Src/stm32f4xx_hal_i2c.c.obj
 .text.I2C_WaitOnTXEFlagUntilTimeout
                0x0800305c       0x90 cmake/stm32cubemx/CMakeFiles/STM32_Drivers.dir/__/__/Drivers/STM32F4xx_HAL_Driver/Src/stm32f4xx_hal_i2c.c.obj
 .text.I2C_WaitOnBTFFlagUntilTimeout
                0x080030ec       0x90 cmake/stm32cubemx/CMakeFiles/STM32_Drivers.dir/__/__/Drivers/STM32F4xx_HAL_Driver/Src/stm32f4xx_hal_i2c.c.obj
 .text.I2C_WaitOnRXNEFlagUntilTimeout
                0x0800317c       0xba cmake/stm32cubemx/CMakeFiles/STM32_Drivers.dir/__/__/Drivers/STM32F4xx_HAL_Driver/Src/stm32f4xx_hal_i2c.c.obj
 .text.I2C_IsAcknowledgeFailed
                0x08003236       0x5e cmake/stm32cubemx/CMakeFiles/STM32_Drivers.dir/__/__/Drivers/STM32F4xx_HAL_Driver/Src/stm32f4xx_hal_i2c.c.obj
 .text.HAL_TIM_Base_Init
                0x08003294       0x9e cmake/stm32cubemx/CMakeFiles/STM32_Drivers.dir/__/__/Drivers/STM32F4xx_HAL_Driver/Src/stm32f4xx_hal_tim.c.obj
                0x08003294                HAL_TIM_Base_Init
 .text.HAL_TIM_PWM_Init
                0x08003332       0x9e cmake/stm32cubemx/CMakeFiles/STM32_Drivers.dir/__/__/Drivers/STM32F4xx_HAL_Driver/Src/stm32f4xx_hal_tim.c.obj
                0x08003332                HAL_TIM_PWM_Init
 .text.HAL_TIM_PWM_MspInit
                0x080033d0       0x14 cmake/stm32cubemx/CMakeFiles/STM32_Drivers.dir/__/__/Drivers/STM32F4xx_HAL_Driver/Src/stm32f4xx_hal_tim.c.obj
                0x080033d0                HAL_TIM_PWM_MspInit
 .text.HAL_TIM_PWM_Start
                0x080033e4      0x190 cmake/stm32cubemx/CMakeFiles/STM32_Drivers.dir/__/__/Drivers/STM32F4xx_HAL_Driver/Src/stm32f4xx_hal_tim.c.obj
                0x080033e4                HAL_TIM_PWM_Start
 .text.HAL_TIM_IC_Init
                0x08003574       0x9e cmake/stm32cubemx/CMakeFiles/STM32_Drivers.dir/__/__/Drivers/STM32F4xx_HAL_Driver/Src/stm32f4xx_hal_tim.c.obj
                0x08003574                HAL_TIM_IC_Init
 .text.HAL_TIM_IC_MspInit
                0x08003612       0x14 cmake/stm32cubemx/CMakeFiles/STM32_Drivers.dir/__/__/Drivers/STM32F4xx_HAL_Driver/Src/stm32f4xx_hal_tim.c.obj
                0x08003612                HAL_TIM_IC_MspInit
 *fill*         0x08003626        0x2 
 .text.HAL_TIM_IC_Start_IT
                0x08003628      0x250 cmake/stm32cubemx/CMakeFiles/STM32_Drivers.dir/__/__/Drivers/STM32F4xx_HAL_Driver/Src/stm32f4xx_hal_tim.c.obj
                0x08003628                HAL_TIM_IC_Start_IT
 .text.HAL_TIM_IRQHandler
                0x08003878      0x1e0 cmake/stm32cubemx/CMakeFiles/STM32_Drivers.dir/__/__/Drivers/STM32F4xx_HAL_Driver/Src/stm32f4xx_hal_tim.c.obj
                0x08003878                HAL_TIM_IRQHandler
 .text.HAL_TIM_IC_ConfigChannel
                0x08003a58      0x138 cmake/stm32cubemx/CMakeFiles/STM32_Drivers.dir/__/__/Drivers/STM32F4xx_HAL_Driver/Src/stm32f4xx_hal_tim.c.obj
                0x08003a58                HAL_TIM_IC_ConfigChannel
 .text.HAL_TIM_PWM_ConfigChannel
                0x08003b90      0x184 cmake/stm32cubemx/CMakeFiles/STM32_Drivers.dir/__/__/Drivers/STM32F4xx_HAL_Driver/Src/stm32f4xx_hal_tim.c.obj
                0x08003b90                HAL_TIM_PWM_ConfigChannel
 .text.HAL_TIM_ConfigClockSource
                0x08003d14      0x18e cmake/stm32cubemx/CMakeFiles/STM32_Drivers.dir/__/__/Drivers/STM32F4xx_HAL_Driver/Src/stm32f4xx_hal_tim.c.obj
                0x08003d14                HAL_TIM_ConfigClockSource
 *fill*         0x08003ea2        0x2 
 .text.HAL_TIM_ReadCapturedValue
                0x08003ea4       0x88 cmake/stm32cubemx/CMakeFiles/STM32_Drivers.dir/__/__/Drivers/STM32F4xx_HAL_Driver/Src/stm32f4xx_hal_tim.c.obj
                0x08003ea4                HAL_TIM_ReadCapturedValue
 .text.HAL_TIM_PeriodElapsedCallback
                0x08003f2c       0x14 cmake/stm32cubemx/CMakeFiles/STM32_Drivers.dir/__/__/Drivers/STM32F4xx_HAL_Driver/Src/stm32f4xx_hal_tim.c.obj
                0x08003f2c                HAL_TIM_PeriodElapsedCallback
 .text.HAL_TIM_OC_DelayElapsedCallback
                0x08003f40       0x14 cmake/stm32cubemx/CMakeFiles/STM32_Drivers.dir/__/__/Drivers/STM32F4xx_HAL_Driver/Src/stm32f4xx_hal_tim.c.obj
                0x08003f40                HAL_TIM_OC_DelayElapsedCallback
 .text.HAL_TIM_PWM_PulseFinishedCallback
                0x08003f54       0x14 cmake/stm32cubemx/CMakeFiles/STM32_Drivers.dir/__/__/Drivers/STM32F4xx_HAL_Driver/Src/stm32f4xx_hal_tim.c.obj
                0x08003f54                HAL_TIM_PWM_PulseFinishedCallback
 .text.HAL_TIM_TriggerCallback
                0x08003f68       0x14 cmake/stm32cubemx/CMakeFiles/STM32_Drivers.dir/__/__/Drivers/STM32F4xx_HAL_Driver/Src/stm32f4xx_hal_tim.c.obj
                0x08003f68                HAL_TIM_TriggerCallback
 .text.TIM_Base_SetConfig
                0x08003f7c      0x14c cmake/stm32cubemx/CMakeFiles/STM32_Drivers.dir/__/__/Drivers/STM32F4xx_HAL_Driver/Src/stm32f4xx_hal_tim.c.obj
                0x08003f7c                TIM_Base_SetConfig
 .text.TIM_OC1_SetConfig
                0x080040c8       0xe0 cmake/stm32cubemx/CMakeFiles/STM32_Drivers.dir/__/__/Drivers/STM32F4xx_HAL_Driver/Src/stm32f4xx_hal_tim.c.obj
 .text.TIM_OC2_SetConfig
                0x080041a8       0xec cmake/stm32cubemx/CMakeFiles/STM32_Drivers.dir/__/__/Drivers/STM32F4xx_HAL_Driver/Src/stm32f4xx_hal_tim.c.obj
                0x080041a8                TIM_OC2_SetConfig
 .text.TIM_OC3_SetConfig
                0x08004294       0xe8 cmake/stm32cubemx/CMakeFiles/STM32_Drivers.dir/__/__/Drivers/STM32F4xx_HAL_Driver/Src/stm32f4xx_hal_tim.c.obj
 .text.TIM_OC4_SetConfig
                0x0800437c       0xac cmake/stm32cubemx/CMakeFiles/STM32_Drivers.dir/__/__/Drivers/STM32F4xx_HAL_Driver/Src/stm32f4xx_hal_tim.c.obj
 .text.TIM_TI1_SetConfig
                0x08004428       0xe8 cmake/stm32cubemx/CMakeFiles/STM32_Drivers.dir/__/__/Drivers/STM32F4xx_HAL_Driver/Src/stm32f4xx_hal_tim.c.obj
                0x08004428                TIM_TI1_SetConfig
 .text.TIM_TI1_ConfigInputStage
                0x08004510       0x5e cmake/stm32cubemx/CMakeFiles/STM32_Drivers.dir/__/__/Drivers/STM32F4xx_HAL_Driver/Src/stm32f4xx_hal_tim.c.obj
 .text.TIM_TI2_SetConfig
                0x0800456e       0x7a cmake/stm32cubemx/CMakeFiles/STM32_Drivers.dir/__/__/Drivers/STM32F4xx_HAL_Driver/Src/stm32f4xx_hal_tim.c.obj
 .text.TIM_TI2_ConfigInputStage
                0x080045e8       0x60 cmake/stm32cubemx/CMakeFiles/STM32_Drivers.dir/__/__/Drivers/STM32F4xx_HAL_Driver/Src/stm32f4xx_hal_tim.c.obj
 .text.TIM_TI3_SetConfig
                0x08004648       0x78 cmake/stm32cubemx/CMakeFiles/STM32_Drivers.dir/__/__/Drivers/STM32F4xx_HAL_Driver/Src/stm32f4xx_hal_tim.c.obj
 .text.TIM_TI4_SetConfig
                0x080046c0       0x7a cmake/stm32cubemx/CMakeFiles/STM32_Drivers.dir/__/__/Drivers/STM32F4xx_HAL_Driver/Src/stm32f4xx_hal_tim.c.obj
 .text.TIM_ITRx_SetConfig
                0x0800473a       0x36 cmake/stm32cubemx/CMakeFiles/STM32_Drivers.dir/__/__/Drivers/STM32F4xx_HAL_Driver/Src/stm32f4xx_hal_tim.c.obj
 .text.TIM_ETR_SetConfig
                0x08004770       0x40 cmake/stm32cubemx/CMakeFiles/STM32_Drivers.dir/__/__/Drivers/STM32F4xx_HAL_Driver/Src/stm32f4xx_hal_tim.c.obj
                0x08004770                TIM_ETR_SetConfig
 .text.TIM_CCxChannelCmd
                0x080047b0       0x4a cmake/stm32cubemx/CMakeFiles/STM32_Drivers.dir/__/__/Drivers/STM32F4xx_HAL_Driver/Src/stm32f4xx_hal_tim.c.obj
                0x080047b0                TIM_CCxChannelCmd
 *fill*         0x080047fa        0x2 
 .text.HAL_TIMEx_MasterConfigSynchronization
                0x080047fc       0xf8 cmake/stm32cubemx/CMakeFiles/STM32_Drivers.dir/__/__/Drivers/STM32F4xx_HAL_Driver/Src/stm32f4xx_hal_tim_ex.c.obj
                0x080047fc                HAL_TIMEx_MasterConfigSynchronization
 .text.HAL_TIMEx_CommutCallback
                0x080048f4       0x14 cmake/stm32cubemx/CMakeFiles/STM32_Drivers.dir/__/__/Drivers/STM32F4xx_HAL_Driver/Src/stm32f4xx_hal_tim_ex.c.obj
                0x080048f4                HAL_TIMEx_CommutCallback
 .text.HAL_TIMEx_BreakCallback
                0x08004908       0x14 cmake/stm32cubemx/CMakeFiles/STM32_Drivers.dir/__/__/Drivers/STM32F4xx_HAL_Driver/Src/stm32f4xx_hal_tim_ex.c.obj
                0x08004908                HAL_TIMEx_BreakCallback
 .text.HAL_UART_Init
                0x0800491c       0xa0 cmake/stm32cubemx/CMakeFiles/STM32_Drivers.dir/__/__/Drivers/STM32F4xx_HAL_Driver/Src/stm32f4xx_hal_uart.c.obj
                0x0800491c                HAL_UART_Init
 .text.UART_SetConfig
                0x080049bc      0x4e8 cmake/stm32cubemx/CMakeFiles/STM32_Drivers.dir/__/__/Drivers/STM32F4xx_HAL_Driver/Src/stm32f4xx_hal_uart.c.obj
 .text.main     0x08004ea4      0x1c0 CMakeFiles/V2.2_F407.dir/Core/Src/main.c.obj
                0x08004ea4                main
 .text.SystemClock_Config
                0x08005064       0xd4 CMakeFiles/V2.2_F407.dir/Core/Src/main.c.obj
                0x08005064                SystemClock_Config
 .text.Error_Handler
                0x08005138        0xc CMakeFiles/V2.2_F407.dir/Core/Src/main.c.obj
                0x08005138                Error_Handler
 .text.MX_GPIO_Init
                0x08005144      0x130 CMakeFiles/V2.2_F407.dir/Core/Src/gpio.c.obj
                0x08005144                MX_GPIO_Init
 .text.MX_DCMI_Init
                0x08005274       0x50 CMakeFiles/V2.2_F407.dir/Core/Src/dcmi.c.obj
                0x08005274                MX_DCMI_Init
 .text.HAL_DCMI_MspInit
                0x080052c4      0x190 CMakeFiles/V2.2_F407.dir/Core/Src/dcmi.c.obj
                0x080052c4                HAL_DCMI_MspInit
 .text.MX_DMA_Init
                0x08005454       0x40 CMakeFiles/V2.2_F407.dir/Core/Src/dma.c.obj
                0x08005454                MX_DMA_Init
 .text.MX_I2C2_Init
                0x08005494       0x5c CMakeFiles/V2.2_F407.dir/Core/Src/i2c.c.obj
                0x08005494                MX_I2C2_Init
 .text.HAL_I2C_MspInit
                0x080054f0       0x90 CMakeFiles/V2.2_F407.dir/Core/Src/i2c.c.obj
                0x080054f0                HAL_I2C_MspInit
 .text.MX_TIM3_Init
                0x08005580       0xe0 CMakeFiles/V2.2_F407.dir/Core/Src/tim.c.obj
                0x08005580                MX_TIM3_Init
 .text.MX_TIM4_Init
                0x08005660      0x108 CMakeFiles/V2.2_F407.dir/Core/Src/tim.c.obj
                0x08005660                MX_TIM4_Init
 .text.HAL_TIM_Base_MspInit
                0x08005768       0xcc CMakeFiles/V2.2_F407.dir/Core/Src/tim.c.obj
                0x08005768                HAL_TIM_Base_MspInit
 .text.HAL_TIM_MspPostInit
                0x08005834       0x74 CMakeFiles/V2.2_F407.dir/Core/Src/tim.c.obj
                0x08005834                HAL_TIM_MspPostInit
 .text.MX_USART1_UART_Init
                0x080058a8       0x54 CMakeFiles/V2.2_F407.dir/Core/Src/usart.c.obj
                0x080058a8                MX_USART1_UART_Init
 .text.HAL_UART_MspInit
                0x080058fc       0x90 CMakeFiles/V2.2_F407.dir/Core/Src/usart.c.obj
                0x080058fc                HAL_UART_MspInit
 .text.NMI_Handler
                0x0800598c        0x8 CMakeFiles/V2.2_F407.dir/Core/Src/stm32f4xx_it.c.obj
                0x0800598c                NMI_Handler
 .text.HardFault_Handler
                0x08005994        0x8 CMakeFiles/V2.2_F407.dir/Core/Src/stm32f4xx_it.c.obj
                0x08005994                HardFault_Handler
 .text.MemManage_Handler
                0x0800599c        0x8 CMakeFiles/V2.2_F407.dir/Core/Src/stm32f4xx_it.c.obj
                0x0800599c                MemManage_Handler
 .text.BusFault_Handler
                0x080059a4        0x8 CMakeFiles/V2.2_F407.dir/Core/Src/stm32f4xx_it.c.obj
                0x080059a4                BusFault_Handler
 .text.UsageFault_Handler
                0x080059ac        0x8 CMakeFiles/V2.2_F407.dir/Core/Src/stm32f4xx_it.c.obj
                0x080059ac                UsageFault_Handler
 .text.SVC_Handler
                0x080059b4        0xe CMakeFiles/V2.2_F407.dir/Core/Src/stm32f4xx_it.c.obj
                0x080059b4                SVC_Handler
 .text.DebugMon_Handler
                0x080059c2        0xe CMakeFiles/V2.2_F407.dir/Core/Src/stm32f4xx_it.c.obj
                0x080059c2                DebugMon_Handler
 .text.PendSV_Handler
                0x080059d0        0xe CMakeFiles/V2.2_F407.dir/Core/Src/stm32f4xx_it.c.obj
                0x080059d0                PendSV_Handler
 .text.SysTick_Handler
                0x080059de        0xc CMakeFiles/V2.2_F407.dir/Core/Src/stm32f4xx_it.c.obj
                0x080059de                SysTick_Handler
 *fill*         0x080059ea        0x2 
 .text.TIM3_IRQHandler
                0x080059ec       0x14 CMakeFiles/V2.2_F407.dir/Core/Src/stm32f4xx_it.c.obj
                0x080059ec                TIM3_IRQHandler
 .text.DMA2_Stream1_IRQHandler
                0x08005a00       0x14 CMakeFiles/V2.2_F407.dir/Core/Src/stm32f4xx_it.c.obj
                0x08005a00                DMA2_Stream1_IRQHandler
 .text.HAL_TIM_IC_CaptureCallback
                0x08005a14       0x24 CMakeFiles/V2.2_F407.dir/Core/Src/stm32f4xx_it.c.obj
                0x08005a14                HAL_TIM_IC_CaptureCallback
 .text.HAL_MspInit
                0x08005a38       0x50 CMakeFiles/V2.2_F407.dir/Core/Src/stm32f4xx_hal_msp.c.obj
                0x08005a38                HAL_MspInit
 .text._sbrk    0x08005a88       0x6c CMakeFiles/V2.2_F407.dir/Core/Src/sysmem.c.obj
                0x08005a88                _sbrk
 .text._getpid  0x08005af4       0x10 CMakeFiles/V2.2_F407.dir/Core/Src/syscalls.c.obj
                0x08005af4                _getpid
 .text._kill    0x08005b04       0x20 CMakeFiles/V2.2_F407.dir/Core/Src/syscalls.c.obj
                0x08005b04                _kill
 .text._exit    0x08005b24       0x16 CMakeFiles/V2.2_F407.dir/Core/Src/syscalls.c.obj
                0x08005b24                _exit
 .text._read    0x08005b3a       0x3a CMakeFiles/V2.2_F407.dir/Core/Src/syscalls.c.obj
                0x08005b3a                _read
 .text._write   0x08005b74       0x38 CMakeFiles/V2.2_F407.dir/Core/Src/syscalls.c.obj
                0x08005b74                _write
 .text._close   0x08005bac       0x18 CMakeFiles/V2.2_F407.dir/Core/Src/syscalls.c.obj
                0x08005bac                _close
 .text._fstat   0x08005bc4       0x20 CMakeFiles/V2.2_F407.dir/Core/Src/syscalls.c.obj
                0x08005bc4                _fstat
 .text._isatty  0x08005be4       0x16 CMakeFiles/V2.2_F407.dir/Core/Src/syscalls.c.obj
                0x08005be4                _isatty
 .text._lseek   0x08005bfa       0x1a CMakeFiles/V2.2_F407.dir/Core/Src/syscalls.c.obj
                0x08005bfa                _lseek
 .text.Reset_Handler
                0x08005c14       0x50 CMakeFiles/V2.2_F407.dir/startup_stm32f407xx.s.obj
                0x08005c14                Reset_Handler
 .text.Default_Handler
                0x08005c64        0x2 CMakeFiles/V2.2_F407.dir/startup_stm32f407xx.s.obj
                0x08005c64                RTC_Alarm_IRQHandler
                0x08005c64                HASH_RNG_IRQHandler
                0x08005c64                EXTI2_IRQHandler
                0x08005c64                TIM8_CC_IRQHandler
                0x08005c64                TIM1_CC_IRQHandler
                0x08005c64                DMA2_Stream5_IRQHandler
                0x08005c64                DMA1_Stream5_IRQHandler
                0x08005c64                PVD_IRQHandler
                0x08005c64                SDIO_IRQHandler
                0x08005c64                TAMP_STAMP_IRQHandler
                0x08005c64                CAN2_RX1_IRQHandler
                0x08005c64                EXTI3_IRQHandler
                0x08005c64                TIM8_TRG_COM_TIM14_IRQHandler
                0x08005c64                TIM1_UP_TIM10_IRQHandler
                0x08005c64                TIM8_UP_TIM13_IRQHandler
                0x08005c64                I2C3_ER_IRQHandler
                0x08005c64                EXTI0_IRQHandler
                0x08005c64                I2C2_EV_IRQHandler
                0x08005c64                DMA1_Stream2_IRQHandler
                0x08005c64                CAN1_RX0_IRQHandler
                0x08005c64                FPU_IRQHandler
                0x08005c64                OTG_HS_WKUP_IRQHandler
                0x08005c64                CAN2_SCE_IRQHandler
                0x08005c64                DMA2_Stream2_IRQHandler
                0x08005c64                SPI1_IRQHandler
                0x08005c64                TIM6_DAC_IRQHandler
                0x08005c64                TIM1_BRK_TIM9_IRQHandler
                0x08005c64                DCMI_IRQHandler
                0x08005c64                CAN2_RX0_IRQHandler
                0x08005c64                DMA2_Stream3_IRQHandler
                0x08005c64                USART6_IRQHandler
                0x08005c64                USART3_IRQHandler
                0x08005c64                CAN1_RX1_IRQHandler
                0x08005c64                UART5_IRQHandler
                0x08005c64                DMA2_Stream0_IRQHandler
                0x08005c64                TIM4_IRQHandler
                0x08005c64                I2C1_EV_IRQHandler
                0x08005c64                DMA1_Stream6_IRQHandler
                0x08005c64                DMA1_Stream1_IRQHandler
                0x08005c64                UART4_IRQHandler
                0x08005c64                RCC_IRQHandler
                0x08005c64                TIM8_BRK_TIM12_IRQHandler
                0x08005c64                Default_Handler
                0x08005c64                EXTI15_10_IRQHandler
                0x08005c64                ADC_IRQHandler
                0x08005c64                DMA1_Stream7_IRQHandler
                0x08005c64                TIM7_IRQHandler
                0x08005c64                CAN2_TX_IRQHandler
                0x08005c64                TIM5_IRQHandler
                0x08005c64                DMA2_Stream7_IRQHandler
                0x08005c64                I2C3_EV_IRQHandler
                0x08005c64                EXTI9_5_IRQHandler
                0x08005c64                RTC_WKUP_IRQHandler
                0x08005c64                ETH_WKUP_IRQHandler
                0x08005c64                SPI2_IRQHandler
                0x08005c64                OTG_HS_EP1_IN_IRQHandler
                0x08005c64                DMA1_Stream0_IRQHandler
                0x08005c64                CAN1_TX_IRQHandler
                0x08005c64                EXTI4_IRQHandler
                0x08005c64                FSMC_IRQHandler
                0x08005c64                ETH_IRQHandler
                0x08005c64                OTG_HS_EP1_OUT_IRQHandler
                0x08005c64                WWDG_IRQHandler
                0x08005c64                TIM2_IRQHandler
                0x08005c64                OTG_FS_WKUP_IRQHandler
                0x08005c64                TIM1_TRG_COM_TIM11_IRQHandler
                0x08005c64                OTG_HS_IRQHandler
                0x08005c64                EXTI1_IRQHandler
                0x08005c64                USART2_IRQHandler
                0x08005c64                I2C2_ER_IRQHandler
                0x08005c64                CAN1_SCE_IRQHandler
                0x08005c64                FLASH_IRQHandler
                0x08005c64                DMA2_Stream4_IRQHandler
                0x08005c64                USART1_IRQHandler
                0x08005c64                OTG_FS_IRQHandler
                0x08005c64                SPI3_IRQHandler
                0x08005c64                DMA1_Stream4_IRQHandler
                0x08005c64                I2C1_ER_IRQHandler
                0x08005c64                DMA2_Stream6_IRQHandler
                0x08005c64                DMA1_Stream3_IRQHandler
 *fill*         0x08005c66        0x2 
 .text.Servo_Init
                0x08005c68       0x34 CMakeFiles/V2.2_F407.dir/Core/Src/servo_driver.c.obj
                0x08005c68                Servo_Init
 .text.Servo_AngleToPulse
                0x08005c9c       0x70 CMakeFiles/V2.2_F407.dir/Core/Src/servo_driver.c.obj
                0x08005c9c                Servo_AngleToPulse
 .text.Servo_SetAngle
                0x08005d0c       0x2a CMakeFiles/V2.2_F407.dir/Core/Src/servo_driver.c.obj
                0x08005d0c                Servo_SetAngle
 *fill*         0x08005d36        0x2 
 .text.Servo_SetPulse
                0x08005d38       0x74 CMakeFiles/V2.2_F407.dir/Core/Src/servo_driver.c.obj
                0x08005d38                Servo_SetPulse
 .text.HCSR04_Init
                0x08005dac       0x2c CMakeFiles/V2.2_F407.dir/Core/Src/hcsr04.c.obj
                0x08005dac                HCSR04_Init
 .text.HCSR04_Trigger
                0x08005dd8       0x58 CMakeFiles/V2.2_F407.dir/Core/Src/hcsr04.c.obj
                0x08005dd8                HCSR04_Trigger
 .text.HCSR04_GetStatus
                0x08005e30       0x50 CMakeFiles/V2.2_F407.dir/Core/Src/hcsr04.c.obj
                0x08005e30                HCSR04_GetStatus
 .text.HCSR04_GetDistance
                0x08005e80       0x1c CMakeFiles/V2.2_F407.dir/Core/Src/hcsr04.c.obj
                0x08005e80                HCSR04_GetDistance
 .text.HCSR04_PulseToDistance
                0x08005e9c       0x2c CMakeFiles/V2.2_F407.dir/Core/Src/hcsr04.c.obj
                0x08005e9c                HCSR04_PulseToDistance
 .text.HCSR04_CaptureCallback
                0x08005ec8       0xe4 CMakeFiles/V2.2_F407.dir/Core/Src/hcsr04.c.obj
                0x08005ec8                HCSR04_CaptureCallback
 .text.OV2640_WriteReg
                0x08005fac       0x44 CMakeFiles/V2.2_F407.dir/Core/Src/ov2640.c.obj
                0x08005fac                OV2640_WriteReg
 .text.OV2640_ReadReg
                0x08005ff0       0x50 CMakeFiles/V2.2_F407.dir/Core/Src/ov2640.c.obj
                0x08005ff0                OV2640_ReadReg
 .text.OV2640_ReadID
                0x08006040       0x76 CMakeFiles/V2.2_F407.dir/Core/Src/ov2640.c.obj
                0x08006040                OV2640_ReadID
 *fill*         0x080060b6        0x2 
 .text.OV2640_HardwareReset
                0x080060b8       0x44 CMakeFiles/V2.2_F407.dir/Core/Src/ov2640.c.obj
 .text.OV2640_WriteArray
                0x080060fc       0x54 CMakeFiles/V2.2_F407.dir/Core/Src/ov2640.c.obj
 .text.OV2640_Init
                0x08006150       0xb4 CMakeFiles/V2.2_F407.dir/Core/Src/ov2640.c.obj
                0x08006150                OV2640_Init
 .text.Test_ReportFailure
                0x08006204       0x24 CMakeFiles/V2.2_F407.dir/Core/Src/test_suite.c.obj
                0x08006204                Test_ReportFailure
 .text.Test_Servo_AngleToPulse
                0x08006228      0x13c CMakeFiles/V2.2_F407.dir/Core/Src/test_suite.c.obj
                0x08006228                Test_Servo_AngleToPulse
 .text.Test_HCSR04_PulseToDistance
                0x08006364      0x248 CMakeFiles/V2.2_F407.dir/Core/Src/test_suite.c.obj
                0x08006364                Test_HCSR04_PulseToDistance
 .text.Run_Single_Test
                0x080065ac       0x64 CMakeFiles/V2.2_F407.dir/Core/Src/test_suite.c.obj
 .text.Run_All_Tests
                0x08006610       0xd8 CMakeFiles/V2.2_F407.dir/Core/Src/test_suite.c.obj
                0x08006610                Run_All_Tests
 .text.__udivmoddi4
                0x080066e8      0x2bc /usr/lib/gcc/arm-none-eabi/14.2.0/thumb/v7e-m+fp/hard/libgcc.a(_udivmoddi4.o)
                0x080066e8                __udivmoddi4
 .text.__cvt    0x080069a4       0xca /usr/lib/gcc/arm-none-eabi/14.2.0/../../../../arm-none-eabi/lib/thumb/v7e-m+fp/hard/libg_nano.a(libc_a-nano-vfprintf_float.o)
                0x080069a4                __cvt
 .text.__exponent
                0x08006a6e       0x74 /usr/lib/gcc/arm-none-eabi/14.2.0/../../../../arm-none-eabi/lib/thumb/v7e-m+fp/hard/libg_nano.a(libc_a-nano-vfprintf_float.o)
                0x08006a6e                __exponent
 *fill*         0x08006ae2        0x2 
 .text._printf_float
                0x08006ae4      0x450 /usr/lib/gcc/arm-none-eabi/14.2.0/../../../../arm-none-eabi/lib/thumb/v7e-m+fp/hard/libg_nano.a(libc_a-nano-vfprintf_float.o)
                0x08006ae4                _printf_float
 .text._printf_common
                0x08006f34       0xda /usr/lib/gcc/arm-none-eabi/14.2.0/../../../../arm-none-eabi/lib/thumb/v7e-m+fp/hard/libg_nano.a(libc_a-nano-vfprintf_i.o)
                0x08006f34                _printf_common
 *fill*         0x0800700e        0x2 
 .text._printf_i
                0x08007010      0x240 /usr/lib/gcc/arm-none-eabi/14.2.0/../../../../arm-none-eabi/lib/thumb/v7e-m+fp/hard/libg_nano.a(libc_a-nano-vfprintf_i.o)
                0x08007010                _printf_i
 .text.std      0x08007250       0x6c /usr/lib/gcc/arm-none-eabi/14.2.0/../../../../arm-none-eabi/lib/thumb/v7e-m+fp/hard/libg_nano.a(libc_a-findfp.o)
 .text.stdio_exit_handler
                0x080072bc       0x18 /usr/lib/gcc/arm-none-eabi/14.2.0/../../../../arm-none-eabi/lib/thumb/v7e-m+fp/hard/libg_nano.a(libc_a-findfp.o)
 .text.cleanup_stdio
                0x080072d4       0x40 /usr/lib/gcc/arm-none-eabi/14.2.0/../../../../arm-none-eabi/lib/thumb/v7e-m+fp/hard/libg_nano.a(libc_a-findfp.o)
 .text.global_stdio_init.part.0
                0x08007314       0x40 /usr/lib/gcc/arm-none-eabi/14.2.0/../../../../arm-none-eabi/lib/thumb/v7e-m+fp/hard/libg_nano.a(libc_a-findfp.o)
 .text.__sfp_lock_acquire
                0x08007354        0xc /usr/lib/gcc/arm-none-eabi/14.2.0/../../../../arm-none-eabi/lib/thumb/v7e-m+fp/hard/libg_nano.a(libc_a-findfp.o)
                0x08007354                __sfp_lock_acquire
 .text.__sfp_lock_release
                0x08007360        0xc /usr/lib/gcc/arm-none-eabi/14.2.0/../../../../arm-none-eabi/lib/thumb/v7e-m+fp/hard/libg_nano.a(libc_a-findfp.o)
                0x08007360                __sfp_lock_release
 .text.__sinit  0x0800736c       0x30 /usr/lib/gcc/arm-none-eabi/14.2.0/../../../../arm-none-eabi/lib/thumb/v7e-m+fp/hard/libg_nano.a(libc_a-findfp.o)
                0x0800736c                __sinit
 .text._fwalk_sglue
                0x0800739c       0x3c /usr/lib/gcc/arm-none-eabi/14.2.0/../../../../arm-none-eabi/lib/thumb/v7e-m+fp/hard/libg_nano.a(libc_a-fwalk.o)
                0x0800739c                _fwalk_sglue
 .text.printf   0x080073d8       0x24 /usr/lib/gcc/arm-none-eabi/14.2.0/../../../../arm-none-eabi/lib/thumb/v7e-m+fp/hard/libg_nano.a(libc_a-printf.o)
                0x080073d8                printf
                0x080073d8                iprintf
 .text._puts_r  0x080073fc       0xaa /usr/lib/gcc/arm-none-eabi/14.2.0/../../../../arm-none-eabi/lib/thumb/v7e-m+fp/hard/libg_nano.a(libc_a-puts.o)
                0x080073fc                _puts_r
 *fill*         0x080074a6        0x2 
 .text.puts     0x080074a8       0x10 /usr/lib/gcc/arm-none-eabi/14.2.0/../../../../arm-none-eabi/lib/thumb/v7e-m+fp/hard/libg_nano.a(libc_a-puts.o)
                0x080074a8                puts
 .text.__sread  0x080074b8       0x22 /usr/lib/gcc/arm-none-eabi/14.2.0/../../../../arm-none-eabi/lib/thumb/v7e-m+fp/hard/libg_nano.a(libc_a-stdio.o)
                0x080074b8                __sread
 .text.__swrite
                0x080074da       0x38 /usr/lib/gcc/arm-none-eabi/14.2.0/../../../../arm-none-eabi/lib/thumb/v7e-m+fp/hard/libg_nano.a(libc_a-stdio.o)
                0x080074da                __swrite
 .text.__sseek  0x08007512       0x26 /usr/lib/gcc/arm-none-eabi/14.2.0/../../../../arm-none-eabi/lib/thumb/v7e-m+fp/hard/libg_nano.a(libc_a-stdio.o)
                0x08007512                __sseek
 .text.__sclose
                0x08007538        0x8 /usr/lib/gcc/arm-none-eabi/14.2.0/../../../../arm-none-eabi/lib/thumb/v7e-m+fp/hard/libg_nano.a(libc_a-stdio.o)
                0x08007538                __sclose
 .text.__swbuf_r
                0x08007540       0x7c /usr/lib/gcc/arm-none-eabi/14.2.0/../../../../arm-none-eabi/lib/thumb/v7e-m+fp/hard/libg_nano.a(libc_a-wbuf.o)
                0x08007540                __swbuf_r
 .text.__swsetup_r
                0x080075bc       0xa8 /usr/lib/gcc/arm-none-eabi/14.2.0/../../../../arm-none-eabi/lib/thumb/v7e-m+fp/hard/libg_nano.a(libc_a-wsetup.o)
                0x080075bc                __swsetup_r
 .text.memset   0x08007664       0x10 /usr/lib/gcc/arm-none-eabi/14.2.0/../../../../arm-none-eabi/lib/thumb/v7e-m+fp/hard/libg_nano.a(libc_a-memset.o)
                0x08007664                memset
 .text._localeconv_r
                0x08007674        0x8 /usr/lib/gcc/arm-none-eabi/14.2.0/../../../../arm-none-eabi/lib/thumb/v7e-m+fp/hard/libg_nano.a(libc_a-localeconv.o)
                0x08007674                _localeconv_r
 .text._close_r
                0x0800767c       0x20 /usr/lib/gcc/arm-none-eabi/14.2.0/../../../../arm-none-eabi/lib/thumb/v7e-m+fp/hard/libg_nano.a(libc_a-closer.o)
                0x0800767c                _close_r
 .text._lseek_r
                0x0800769c       0x24 /usr/lib/gcc/arm-none-eabi/14.2.0/../../../../arm-none-eabi/lib/thumb/v7e-m+fp/hard/libg_nano.a(libc_a-lseekr.o)
                0x0800769c                _lseek_r
 .text._read_r  0x080076c0       0x24 /usr/lib/gcc/arm-none-eabi/14.2.0/../../../../arm-none-eabi/lib/thumb/v7e-m+fp/hard/libg_nano.a(libc_a-readr.o)
                0x080076c0                _read_r
 .text._write_r
                0x080076e4       0x24 /usr/lib/gcc/arm-none-eabi/14.2.0/../../../../arm-none-eabi/lib/thumb/v7e-m+fp/hard/libg_nano.a(libc_a-writer.o)
                0x080076e4                _write_r
 .text.__errno  0x08007708        0xc /usr/lib/gcc/arm-none-eabi/14.2.0/../../../../arm-none-eabi/lib/thumb/v7e-m+fp/hard/libg_nano.a(libc_a-errno.o)
                0x08007708                __errno
 .text.__libc_init_array
                0x08007714       0x48 /usr/lib/gcc/arm-none-eabi/14.2.0/../../../../arm-none-eabi/lib/thumb/v7e-m+fp/hard/libg_nano.a(libc_a-init.o)
                0x08007714                __libc_init_array
 .text.__retarget_lock_init_recursive
                0x0800775c        0x2 /usr/lib/gcc/arm-none-eabi/14.2.0/../../../../arm-none-eabi/lib/thumb/v7e-m+fp/hard/libg_nano.a(libc_a-lock.o)
                0x0800775c                __retarget_lock_init_recursive
 .text.__retarget_lock_acquire_recursive
                0x0800775e        0x2 /usr/lib/gcc/arm-none-eabi/14.2.0/../../../../arm-none-eabi/lib/thumb/v7e-m+fp/hard/libg_nano.a(libc_a-lock.o)
                0x0800775e                __retarget_lock_acquire_recursive
 .text.__retarget_lock_release_recursive
                0x08007760        0x2 /usr/lib/gcc/arm-none-eabi/14.2.0/../../../../arm-none-eabi/lib/thumb/v7e-m+fp/hard/libg_nano.a(libc_a-lock.o)
                0x08007760                __retarget_lock_release_recursive
 .text.quorem   0x08007762      0x110 /usr/lib/gcc/arm-none-eabi/14.2.0/../../../../arm-none-eabi/lib/thumb/v7e-m+fp/hard/libg_nano.a(libc_a-dtoa.o)
 *fill*         0x08007872        0x6 
 .text._dtoa_r  0x08007878      0xbc0 /usr/lib/gcc/arm-none-eabi/14.2.0/../../../../arm-none-eabi/lib/thumb/v7e-m+fp/hard/libg_nano.a(libc_a-dtoa.o)
                0x08007878                _dtoa_r
 .text._free_r  0x08008438       0x94 /usr/lib/gcc/arm-none-eabi/14.2.0/../../../../arm-none-eabi/lib/thumb/v7e-m+fp/hard/libg_nano.a(libc_a-freer.o)
                0x08008438                _free_r
 .text.malloc   0x080084cc       0x10 /usr/lib/gcc/arm-none-eabi/14.2.0/../../../../arm-none-eabi/lib/thumb/v7e-m+fp/hard/libg_nano.a(libc_a-malloc.o)
                0x080084cc                malloc
 .text.sbrk_aligned
                0x080084dc       0x44 /usr/lib/gcc/arm-none-eabi/14.2.0/../../../../arm-none-eabi/lib/thumb/v7e-m+fp/hard/libg_nano.a(libc_a-mallocr.o)
 .text._malloc_r
                0x08008520      0x100 /usr/lib/gcc/arm-none-eabi/14.2.0/../../../../arm-none-eabi/lib/thumb/v7e-m+fp/hard/libg_nano.a(libc_a-mallocr.o)
                0x08008520                _malloc_r
 .text.__malloc_lock
                0x08008620        0xc /usr/lib/gcc/arm-none-eabi/14.2.0/../../../../arm-none-eabi/lib/thumb/v7e-m+fp/hard/libg_nano.a(libc_a-mlock.o)
                0x08008620                __malloc_lock
 .text.__malloc_unlock
                0x0800862c        0xc /usr/lib/gcc/arm-none-eabi/14.2.0/../../../../arm-none-eabi/lib/thumb/v7e-m+fp/hard/libg_nano.a(libc_a-mlock.o)
                0x0800862c                __malloc_unlock
 .text._Balloc  0x08008638       0x7c /usr/lib/gcc/arm-none-eabi/14.2.0/../../../../arm-none-eabi/lib/thumb/v7e-m+fp/hard/libg_nano.a(libc_a-mprec.o)
                0x08008638                _Balloc
 .text._Bfree   0x080086b4       0x44 /usr/lib/gcc/arm-none-eabi/14.2.0/../../../../arm-none-eabi/lib/thumb/v7e-m+fp/hard/libg_nano.a(libc_a-mprec.o)
                0x080086b4                _Bfree
 .text.__multadd
                0x080086f8       0x8c /usr/lib/gcc/arm-none-eabi/14.2.0/../../../../arm-none-eabi/lib/thumb/v7e-m+fp/hard/libg_nano.a(libc_a-mprec.o)
                0x080086f8                __multadd
 .text.__hi0bits
                0x08008784       0x3e /usr/lib/gcc/arm-none-eabi/14.2.0/../../../../arm-none-eabi/lib/thumb/v7e-m+fp/hard/libg_nano.a(libc_a-mprec.o)
                0x08008784                __hi0bits
 .text.__lo0bits
                0x080087c2       0x5a /usr/lib/gcc/arm-none-eabi/14.2.0/../../../../arm-none-eabi/lib/thumb/v7e-m+fp/hard/libg_nano.a(libc_a-mprec.o)
                0x080087c2                __lo0bits
 .text.__i2b    0x0800881c       0x2c /usr/lib/gcc/arm-none-eabi/14.2.0/../../../../arm-none-eabi/lib/thumb/v7e-m+fp/hard/libg_nano.a(libc_a-mprec.o)
                0x0800881c                __i2b
 .text.__multiply
                0x08008848      0x154 /usr/lib/gcc/arm-none-eabi/14.2.0/../../../../arm-none-eabi/lib/thumb/v7e-m+fp/hard/libg_nano.a(libc_a-mprec.o)
                0x08008848                __multiply
 .text.__pow5mult
                0x0800899c       0xb8 /usr/lib/gcc/arm-none-eabi/14.2.0/../../../../arm-none-eabi/lib/thumb/v7e-m+fp/hard/libg_nano.a(libc_a-mprec.o)
                0x0800899c                __pow5mult
 .text.__lshift
                0x08008a54       0xdc /usr/lib/gcc/arm-none-eabi/14.2.0/../../../../arm-none-eabi/lib/thumb/v7e-m+fp/hard/libg_nano.a(libc_a-mprec.o)
                0x08008a54                __lshift
 .text.__mcmp   0x08008b30       0x36 /usr/lib/gcc/arm-none-eabi/14.2.0/../../../../arm-none-eabi/lib/thumb/v7e-m+fp/hard/libg_nano.a(libc_a-mprec.o)
                0x08008b30                __mcmp
 *fill*         0x08008b66        0x2 
 .text.__mdiff  0x08008b68      0x130 /usr/lib/gcc/arm-none-eabi/14.2.0/../../../../arm-none-eabi/lib/thumb/v7e-m+fp/hard/libg_nano.a(libc_a-mprec.o)
                0x08008b68                __mdiff
 .text.__d2b    0x08008c98       0xb0 /usr/lib/gcc/arm-none-eabi/14.2.0/../../../../arm-none-eabi/lib/thumb/v7e-m+fp/hard/libg_nano.a(libc_a-mprec.o)
                0x08008c98                __d2b
 .text.__sfputc_r
                0x08008d48       0x2e /usr/lib/gcc/arm-none-eabi/14.2.0/../../../../arm-none-eabi/lib/thumb/v7e-m+fp/hard/libg_nano.a(libc_a-nano-vfprintf.o)
 .text.__sfputs_r
                0x08008d76       0x24 /usr/lib/gcc/arm-none-eabi/14.2.0/../../../../arm-none-eabi/lib/thumb/v7e-m+fp/hard/libg_nano.a(libc_a-nano-vfprintf.o)
                0x08008d76                __sfputs_r
 *fill*         0x08008d9a        0x2 
 .text._vfprintf_r
                0x08008d9c      0x230 /usr/lib/gcc/arm-none-eabi/14.2.0/../../../../arm-none-eabi/lib/thumb/v7e-m+fp/hard/libg_nano.a(libc_a-nano-vfprintf.o)
                0x08008d9c                _vfiprintf_r
                0x08008d9c                _vfprintf_r
 .text.__sflush_r
                0x08008fcc      0x104 /usr/lib/gcc/arm-none-eabi/14.2.0/../../../../arm-none-eabi/lib/thumb/v7e-m+fp/hard/libg_nano.a(libc_a-fflush.o)
                0x08008fcc                __sflush_r
 .text._fflush_r
                0x080090d0       0x50 /usr/lib/gcc/arm-none-eabi/14.2.0/../../../../arm-none-eabi/lib/thumb/v7e-m+fp/hard/libg_nano.a(libc_a-fflush.o)
                0x080090d0                _fflush_r
 .text.__swhatbuf_r
                0x08009120       0x48 /usr/lib/gcc/arm-none-eabi/14.2.0/../../../../arm-none-eabi/lib/thumb/v7e-m+fp/hard/libg_nano.a(libc_a-makebuf.o)
                0x08009120                __swhatbuf_r
 .text.__smakebuf_r
                0x08009168       0x72 /usr/lib/gcc/arm-none-eabi/14.2.0/../../../../arm-none-eabi/lib/thumb/v7e-m+fp/hard/libg_nano.a(libc_a-makebuf.o)
                0x08009168                __smakebuf_r
 *fill*         0x080091da        0x2 
 .text._fstat_r
                0x080091dc       0x24 /usr/lib/gcc/arm-none-eabi/14.2.0/../../../../arm-none-eabi/lib/thumb/v7e-m+fp/hard/libg_nano.a(libc_a-fstatr.o)
                0x080091dc                _fstat_r
 .text._isatty_r
                0x08009200       0x20 /usr/lib/gcc/arm-none-eabi/14.2.0/../../../../arm-none-eabi/lib/thumb/v7e-m+fp/hard/libg_nano.a(libc_a-isattyr.o)
                0x08009200                _isatty_r
 .text._sbrk_r  0x08009220       0x20 /usr/lib/gcc/arm-none-eabi/14.2.0/../../../../arm-none-eabi/lib/thumb/v7e-m+fp/hard/libg_nano.a(libc_a-sbrkr.o)
                0x08009220                _sbrk_r
 .text.memcpy   0x08009240       0x1c /usr/lib/gcc/arm-none-eabi/14.2.0/../../../../arm-none-eabi/lib/thumb/v7e-m+fp/hard/libg_nano.a(libc_a-memcpy-stub.o)
                0x08009240                memcpy
 .text.__assert_func
                0x0800925c       0x3c /usr/lib/gcc/arm-none-eabi/14.2.0/../../../../arm-none-eabi/lib/thumb/v7e-m+fp/hard/libg_nano.a(libc_a-assert.o)
                0x0800925c                __assert_func
 .text._calloc_r
                0x08009298       0x28 /usr/lib/gcc/arm-none-eabi/14.2.0/../../../../arm-none-eabi/lib/thumb/v7e-m+fp/hard/libg_nano.a(libc_a-callocr.o)
                0x08009298                _calloc_r
 .text.__ascii_mbtowc
                0x080092c0       0x24 /usr/lib/gcc/arm-none-eabi/14.2.0/../../../../arm-none-eabi/lib/thumb/v7e-m+fp/hard/libg_nano.a(libc_a-mbtowc_r.o)
                0x080092c0                __ascii_mbtowc
 .text.__ascii_wctomb
                0x080092e4       0x1a /usr/lib/gcc/arm-none-eabi/14.2.0/../../../../arm-none-eabi/lib/thumb/v7e-m+fp/hard/libg_nano.a(libc_a-wctomb_r.o)
                0x080092e4                __ascii_wctomb
 *fill*         0x080092fe        0x2 
 .text.fprintf  0x08009300       0x24 /usr/lib/gcc/arm-none-eabi/14.2.0/../../../../arm-none-eabi/lib/thumb/v7e-m+fp/hard/libg_nano.a(libc_a-fprintf.o)
                0x08009300                fprintf
                0x08009300                fiprintf
 .text.abort    0x08009324        0xe /usr/lib/gcc/arm-none-eabi/14.2.0/../../../../arm-none-eabi/lib/thumb/v7e-m+fp/hard/libg_nano.a(libc_a-abort.o)
                0x08009324                abort
 .text._raise_r
                0x08009332       0x50 /usr/lib/gcc/arm-none-eabi/14.2.0/../../../../arm-none-eabi/lib/thumb/v7e-m+fp/hard/libg_nano.a(libc_a-signal.o)
                0x08009332                _raise_r
 *fill*         0x08009382        0x2 
 .text.raise    0x08009384       0x10 /usr/lib/gcc/arm-none-eabi/14.2.0/../../../../arm-none-eabi/lib/thumb/v7e-m+fp/hard/libg_nano.a(libc_a-signal.o)
                0x08009384                raise
 .text._kill_r  0x08009394       0x24 /usr/lib/gcc/arm-none-eabi/14.2.0/../../../../arm-none-eabi/lib/thumb/v7e-m+fp/hard/libg_nano.a(libc_a-signalr.o)
                0x08009394                _kill_r
 .text._getpid_r
                0x080093b8        0x4 /usr/lib/gcc/arm-none-eabi/14.2.0/../../../../arm-none-eabi/lib/thumb/v7e-m+fp/hard/libg_nano.a(libc_a-signalr.o)
                0x080093b8                _getpid_r
 *(.glue_7)
 .glue_7        0x080093bc        0x0 linker stubs
 *(.glue_7t)
 .glue_7t       0x080093bc        0x0 linker stubs
 *(.eh_frame)
 .eh_frame      0x080093bc        0x0 /usr/lib/gcc/arm-none-eabi/14.2.0/thumb/v7e-m+fp/hard/crtbegin.o
 *(.init)
 .init          0x080093bc        0x4 /usr/lib/gcc/arm-none-eabi/14.2.0/thumb/v7e-m+fp/hard/crti.o
                0x080093bc                _init
 .init          0x080093c0        0x8 /usr/lib/gcc/arm-none-eabi/14.2.0/thumb/v7e-m+fp/hard/crtn.o
 *(.fini)
 .fini          0x080093c8        0x4 /usr/lib/gcc/arm-none-eabi/14.2.0/thumb/v7e-m+fp/hard/crti.o
                0x080093c8                _fini
 .fini          0x080093cc        0x8 /usr/lib/gcc/arm-none-eabi/14.2.0/thumb/v7e-m+fp/hard/crtn.o
                0x080093d4                        . = ALIGN (0x4)
                0x080093d4                        _etext = .

.vfp11_veneer   0x080093d4        0x0
 .vfp11_veneer  0x080093d4        0x0 linker stubs

.v4_bx          0x080093d4        0x0
 .v4_bx         0x080093d4        0x0 linker stubs

.iplt           0x080093d4        0x0
 .iplt          0x080093d4        0x0 /usr/lib/gcc/arm-none-eabi/14.2.0/thumb/v7e-m+fp/hard/crtbegin.o

.rodata         0x080093d8      0xa0c
                0x080093d8                        . = ALIGN (0x4)
 *(.rodata)
 .rodata        0x080093d8      0x219 CMakeFiles/V2.2_F407.dir/Core/Src/main.c.obj
 *fill*         0x080095f1        0x3 
 .rodata        0x080095f4      0x34f CMakeFiles/V2.2_F407.dir/Core/Src/test_suite.c.obj
 *(.rodata*)
 *fill*         0x08009943        0x1 
 .rodata.AHBPrescTable
                0x08009944       0x10 cmake/stm32cubemx/CMakeFiles/STM32_Drivers.dir/__/__/Core/Src/system_stm32f4xx.c.obj
                0x08009944                AHBPrescTable
 .rodata.APBPrescTable
                0x08009954        0x8 cmake/stm32cubemx/CMakeFiles/STM32_Drivers.dir/__/__/Core/Src/system_stm32f4xx.c.obj
                0x08009954                APBPrescTable
 .rodata.flagBitshiftOffset.0
                0x0800995c        0x8 cmake/stm32cubemx/CMakeFiles/STM32_Drivers.dir/__/__/Drivers/STM32F4xx_HAL_Driver/Src/stm32f4xx_hal_dma.c.obj
 .rodata.OV2640_SVGA_Init
                0x08009964       0x96 CMakeFiles/V2.2_F407.dir/Core/Src/ov2640.c.obj
                0x08009964                OV2640_SVGA_Init
 *fill*         0x080099fa        0x2 
 .rodata.OV2640_JPEG_Init
                0x080099fc       0x22 CMakeFiles/V2.2_F407.dir/Core/Src/ov2640.c.obj
                0x080099fc                OV2640_JPEG_Init
 *fill*         0x08009a1e        0x2 
 .rodata.OV2640_JPEG_QQVGA
                0x08009a20       0x3c CMakeFiles/V2.2_F407.dir/Core/Src/ov2640.c.obj
                0x08009a20                OV2640_JPEG_QQVGA
 .rodata.OV2640_JPEG_QVGA
                0x08009a5c       0x3c CMakeFiles/V2.2_F407.dir/Core/Src/ov2640.c.obj
                0x08009a5c                OV2640_JPEG_QVGA
 .rodata._printf_float.str1.1
                0x08009a98      0x145 /usr/lib/gcc/arm-none-eabi/14.2.0/../../../../arm-none-eabi/lib/thumb/v7e-m+fp/hard/libg_nano.a(libc_a-nano-vfprintf_float.o)
                                 0x12 (size before relaxing)
 .rodata._printf_i.str1.1
                0x08009bdd       0x22 /usr/lib/gcc/arm-none-eabi/14.2.0/../../../../arm-none-eabi/lib/thumb/v7e-m+fp/hard/libg_nano.a(libc_a-nano-vfprintf_i.o)
 .rodata._dtoa_r.str1.1
                0x08009bdd       0x79 /usr/lib/gcc/arm-none-eabi/14.2.0/../../../../arm-none-eabi/lib/thumb/v7e-m+fp/hard/libg_nano.a(libc_a-dtoa.o)
 .rodata._Balloc.str1.1
                0x08009bdd       0x5a /usr/lib/gcc/arm-none-eabi/14.2.0/../../../../arm-none-eabi/lib/thumb/v7e-m+fp/hard/libg_nano.a(libc_a-mprec.o)
 .rodata.__multadd.str1.1
                0x08009bdd       0x11 /usr/lib/gcc/arm-none-eabi/14.2.0/../../../../arm-none-eabi/lib/thumb/v7e-m+fp/hard/libg_nano.a(libc_a-mprec.o)
 *fill*         0x08009bdd        0x3 
 .rodata.p05.0  0x08009be0        0xc /usr/lib/gcc/arm-none-eabi/14.2.0/../../../../arm-none-eabi/lib/thumb/v7e-m+fp/hard/libg_nano.a(libc_a-mprec.o)
 *fill*         0x08009bec        0x4 
 .rodata.__mprec_bigtens
                0x08009bf0       0x28 /usr/lib/gcc/arm-none-eabi/14.2.0/../../../../arm-none-eabi/lib/thumb/v7e-m+fp/hard/libg_nano.a(libc_a-mprec.o)
                0x08009bf0                __mprec_bigtens
 .rodata.__mprec_tens
                0x08009c18       0xc8 /usr/lib/gcc/arm-none-eabi/14.2.0/../../../../arm-none-eabi/lib/thumb/v7e-m+fp/hard/libg_nano.a(libc_a-mprec.o)
                0x08009c18                __mprec_tens
 .rodata._vfprintf_r.str1.1
                0x08009ce0       0x11 /usr/lib/gcc/arm-none-eabi/14.2.0/../../../../arm-none-eabi/lib/thumb/v7e-m+fp/hard/libg_nano.a(libc_a-nano-vfprintf.o)
 .rodata._setlocale_r.str1.1
                0x08009ce0        0x9 /usr/lib/gcc/arm-none-eabi/14.2.0/../../../../arm-none-eabi/lib/thumb/v7e-m+fp/hard/libg_nano.a(libc_a-locale.o)
 .rodata.str1.1
                0x08009ce0        0x2 /usr/lib/gcc/arm-none-eabi/14.2.0/../../../../arm-none-eabi/lib/thumb/v7e-m+fp/hard/libg_nano.a(libc_a-locale.o)
 .rodata.__assert_func.str1.1
                0x08009ce0       0x3d /usr/lib/gcc/arm-none-eabi/14.2.0/../../../../arm-none-eabi/lib/thumb/v7e-m+fp/hard/libg_nano.a(libc_a-assert.o)
 .rodata._ctype_
                0x08009ce0      0x101 /usr/lib/gcc/arm-none-eabi/14.2.0/../../../../arm-none-eabi/lib/thumb/v7e-m+fp/hard/libg_nano.a(libc_a-ctype_.o)
                0x08009ce0                _ctype_
                0x08009de4                        . = ALIGN (0x4)
 *fill*         0x08009de1        0x3 

.ARM.extab      0x08009de4        0x0
                0x08009de4                        . = ALIGN (0x4)
 *(.ARM.extab* .gnu.linkonce.armextab.*)
                0x08009de4                        . = ALIGN (0x4)

.ARM            0x08009de4        0x8
                0x08009de4                        . = ALIGN (0x4)
                0x08009de4                        __exidx_start = .
 *(.ARM.exidx*)
 .ARM.exidx     0x08009de4        0x8 /usr/lib/gcc/arm-none-eabi/14.2.0/../../../../arm-none-eabi/lib/thumb/v7e-m+fp/hard/libg_nano.a(libc_a-memchr.o)
 .ARM.exidx     0x08009dec        0x0 /usr/lib/gcc/arm-none-eabi/14.2.0/../../../../arm-none-eabi/lib/thumb/v7e-m+fp/hard/libg_nano.a(libc_a-strlen.o)
                                  0x8 (size before relaxing)
 .ARM.exidx.text.__udivmoddi4
                0x08009dec        0x0 /usr/lib/gcc/arm-none-eabi/14.2.0/thumb/v7e-m+fp/hard/libgcc.a(_udivmoddi4.o)
                                  0x8 (size before relaxing)
                0x08009dec                        __exidx_end = .
                0x08009dec                        . = ALIGN (0x4)

.preinit_array  0x08009dec        0x0
                0x08009dec                        . = ALIGN (0x4)
                0x08009dec                        PROVIDE (__preinit_array_start = .)
 *(.preinit_array*)
                0x08009dec                        PROVIDE (__preinit_array_end = .)
                0x08009dec                        . = ALIGN (0x4)

.init_array     0x08009dec        0x4
                0x08009dec                        . = ALIGN (0x4)
                0x08009dec                        PROVIDE (__init_array_start = .)
 *(SORT_BY_NAME(.init_array.*))
 *(.init_array*)
 .init_array    0x08009dec        0x4 /usr/lib/gcc/arm-none-eabi/14.2.0/thumb/v7e-m+fp/hard/crtbegin.o
                0x08009df0                        PROVIDE (__init_array_end = .)
                0x08009df0                        . = ALIGN (0x4)

.fini_array     0x08009df0        0x4
                0x08009df0                        . = ALIGN (0x4)
                0x08009df0                        PROVIDE (__fini_array_start = .)
 *(SORT_BY_NAME(.fini_array.*))
 *(.fini_array*)
 .fini_array    0x08009df0        0x4 /usr/lib/gcc/arm-none-eabi/14.2.0/thumb/v7e-m+fp/hard/crtbegin.o
                0x08009df4                        PROVIDE (__fini_array_end = .)
                0x08009df4                        . = ALIGN (0x4)
                0x08009df4                        _siccmram = LOADADDR (.ccmram)

.rel.dyn        0x08009df4        0x0
 .rel.iplt      0x08009df4        0x0 /usr/lib/gcc/arm-none-eabi/14.2.0/thumb/v7e-m+fp/hard/crtbegin.o

.ccmram         0x10000000        0x0 load address 0x08009df4
                0x10000000                        . = ALIGN (0x4)
                0x10000000                        _sccmram = .
 *(.ccmram)
 *(.ccmram*)
                0x10000000                        . = ALIGN (0x4)
                0x10000000                        _eccmram = .
                0x08009df4                        _sidata = LOADADDR (.data)

.data           0x20000000      0x1d8 load address 0x08009df4
                0x20000000                        . = ALIGN (0x4)
                0x20000000                        _sdata = .
 *(.data)
 *(.data*)
 .data.SystemCoreClock
                0x20000000        0x4 cmake/stm32cubemx/CMakeFiles/STM32_Drivers.dir/__/__/Core/Src/system_stm32f4xx.c.obj
                0x20000000                SystemCoreClock
 .data.uwTickPrio
                0x20000004        0x4 cmake/stm32cubemx/CMakeFiles/STM32_Drivers.dir/__/__/Drivers/STM32F4xx_HAL_Driver/Src/stm32f4xx_hal.c.obj
                0x20000004                uwTickPrio
 .data.uwTickFreq
                0x20000008        0x1 cmake/stm32cubemx/CMakeFiles/STM32_Drivers.dir/__/__/Drivers/STM32F4xx_HAL_Driver/Src/stm32f4xx_hal.c.obj
                0x20000008                uwTickFreq
 *fill*         0x20000009        0x3 
 .data.currentTiltAngle
                0x2000000c        0x4 CMakeFiles/V2.2_F407.dir/Core/Src/main.c.obj
                0x2000000c                currentTiltAngle
 .data.__sglue  0x20000010        0xc /usr/lib/gcc/arm-none-eabi/14.2.0/../../../../arm-none-eabi/lib/thumb/v7e-m+fp/hard/libg_nano.a(libc_a-findfp.o)
                0x20000010                __sglue
 .data._impure_ptr
                0x2000001c        0x4 /usr/lib/gcc/arm-none-eabi/14.2.0/../../../../arm-none-eabi/lib/thumb/v7e-m+fp/hard/libg_nano.a(libc_a-impure.o)
                0x2000001c                _impure_ptr
 .data._impure_data
                0x20000020       0x4c /usr/lib/gcc/arm-none-eabi/14.2.0/../../../../arm-none-eabi/lib/thumb/v7e-m+fp/hard/libg_nano.a(libc_a-impure.o)
                0x20000020                _impure_data
 .data.__global_locale
                0x2000006c      0x16c /usr/lib/gcc/arm-none-eabi/14.2.0/../../../../arm-none-eabi/lib/thumb/v7e-m+fp/hard/libg_nano.a(libc_a-locale.o)
                0x2000006c                __global_locale
 *(.RamFunc)
 *(.RamFunc*)
                0x200001d8                        . = ALIGN (0x4)

.igot.plt       0x200001d8        0x0 load address 0x08009fcc
 .igot.plt      0x200001d8        0x0 /usr/lib/gcc/arm-none-eabi/14.2.0/thumb/v7e-m+fp/hard/crtbegin.o

.tdata          0x200001d8        0x0 load address 0x08009fcc
 *(.tdata .tdata.* .gnu.linkonce.td.*)
                0x200001d8                        . = ALIGN (0x4)
                0x200001d8                        _edata = .
                [!provide]                        PROVIDE (__data_end = .)
                [!provide]                        PROVIDE (__tdata_end = .)
                [!provide]                        PROVIDE (__tdata_start = ADDR (.tdata))
                [!provide]                        PROVIDE (__tdata_size = (__tdata_end - __tdata_start))
                [!provide]                        PROVIDE (__data_start = ADDR (.data))
                [!provide]                        PROVIDE (__data_size = (__data_end - __data_start))
                [!provide]                        PROVIDE (__tdata_source = LOADADDR (.tdata))
                [!provide]                        PROVIDE (__tdata_source_end = (LOADADDR (.tdata) + SIZEOF (.tdata)))
                [!provide]                        PROVIDE (__tdata_source_size = (__tdata_source_end - __tdata_source))
                [!provide]                        PROVIDE (__data_source = LOADADDR (.data))
                [!provide]                        PROVIDE (__data_source_end = __tdata_source_end)
                [!provide]                        PROVIDE (__data_source_size = (__data_source_end - __data_source))

.tbss           0x200001d8        0x0 load address 0x08009fcc
                0x200001d8                        _sbss = .
                0x200001d8                        __bss_start__ = _sbss
 *(.tbss .tbss.*)
                0x200001d8                        . = ALIGN (0x4)
                [!provide]                        PROVIDE (__tbss_end = .)
                [!provide]                        PROVIDE (__tbss_start = ADDR (.tbss))
                [!provide]                        PROVIDE (__tbss_size = (__tbss_end - __tbss_start))
                [!provide]                        PROVIDE (__tbss_offset = (ADDR (.tbss) - ADDR (.tdata)))
                [!provide]                        PROVIDE (__tls_base = __tdata_start)
                [!provide]                        PROVIDE (__tls_end = __tbss_end)
                [!provide]                        PROVIDE (__tls_size = (__tls_end - __tls_base))
                [!provide]                        PROVIDE (__tls_align = MAX (ALIGNOF (.tdata), ALIGNOF (.tbss)))
                [!provide]                        PROVIDE (__tls_size_align = (((__tls_size + __tls_align) - 0x1) & ~ ((__tls_align - 0x1))))
                [!provide]                        PROVIDE (__arm32_tls_tcb_offset = MAX (0x8, __tls_align))
                [!provide]                        PROVIDE (__arm64_tls_tcb_offset = MAX (0x10, __tls_align))

.bss            0x200001d8      0x364 load address 0x08009fcc
 *(.bss)
 *(.bss*)
 .bss.completed.1
                0x200001d8        0x1 /usr/lib/gcc/arm-none-eabi/14.2.0/thumb/v7e-m+fp/hard/crtbegin.o
 *fill*         0x200001d9        0x3 
 .bss.object.0  0x200001dc       0x18 /usr/lib/gcc/arm-none-eabi/14.2.0/thumb/v7e-m+fp/hard/crtbegin.o
 .bss.uwTick    0x200001f4        0x4 cmake/stm32cubemx/CMakeFiles/STM32_Drivers.dir/__/__/Drivers/STM32F4xx_HAL_Driver/Src/stm32f4xx_hal.c.obj
                0x200001f4                uwTick
 .bss.currentPanAngle
                0x200001f8        0x4 CMakeFiles/V2.2_F407.dir/Core/Src/main.c.obj
                0x200001f8                currentPanAngle
 .bss.hdcmi     0x200001fc       0x40 CMakeFiles/V2.2_F407.dir/Core/Src/dcmi.c.obj
                0x200001fc                hdcmi
 .bss.hdma_dcmi
                0x2000023c       0x60 CMakeFiles/V2.2_F407.dir/Core/Src/dcmi.c.obj
                0x2000023c                hdma_dcmi
 .bss.hi2c2     0x2000029c       0x54 CMakeFiles/V2.2_F407.dir/Core/Src/i2c.c.obj
                0x2000029c                hi2c2
 .bss.htim3     0x200002f0       0x48 CMakeFiles/V2.2_F407.dir/Core/Src/tim.c.obj
                0x200002f0                htim3
 .bss.htim4     0x20000338       0x48 CMakeFiles/V2.2_F407.dir/Core/Src/tim.c.obj
                0x20000338                htim4
 .bss.huart1    0x20000380       0x48 CMakeFiles/V2.2_F407.dir/Core/Src/usart.c.obj
                0x20000380                huart1
 .bss.__sbrk_heap_end
                0x200003c8        0x4 CMakeFiles/V2.2_F407.dir/Core/Src/sysmem.c.obj
 .bss.capture1  0x200003cc        0x4 CMakeFiles/V2.2_F407.dir/Core/Src/hcsr04.c.obj
 .bss.capture2  0x200003d0        0x4 CMakeFiles/V2.2_F407.dir/Core/Src/hcsr04.c.obj
 .bss.captureFlag
                0x200003d4        0x1 CMakeFiles/V2.2_F407.dir/Core/Src/hcsr04.c.obj
 .bss.measureStatus
                0x200003d5        0x1 CMakeFiles/V2.2_F407.dir/Core/Src/hcsr04.c.obj
 *fill*         0x200003d6        0x2 
 .bss.distance_cm
                0x200003d8        0x4 CMakeFiles/V2.2_F407.dir/Core/Src/hcsr04.c.obj
 .bss.timeoutCounter
                0x200003dc        0x4 CMakeFiles/V2.2_F407.dir/Core/Src/hcsr04.c.obj
 .bss.currentFormat
                0x200003e0        0x1 CMakeFiles/V2.2_F407.dir/Core/Src/ov2640.c.obj
 *fill*         0x200003e1        0x3 
 .bss.testResult
                0x200003e4        0xc CMakeFiles/V2.2_F407.dir/Core/Src/test_suite.c.obj
 .bss.__sf      0x200003f0      0x138 /usr/lib/gcc/arm-none-eabi/14.2.0/../../../../arm-none-eabi/lib/thumb/v7e-m+fp/hard/libg_nano.a(libc_a-findfp.o)
                0x200003f0                __sf
 .bss.__stdio_exit_handler
                0x20000528        0x4 /usr/lib/gcc/arm-none-eabi/14.2.0/../../../../arm-none-eabi/lib/thumb/v7e-m+fp/hard/libg_nano.a(libc_a-findfp.o)
                0x20000528                __stdio_exit_handler
 .bss.errno     0x2000052c        0x4 /usr/lib/gcc/arm-none-eabi/14.2.0/../../../../arm-none-eabi/lib/thumb/v7e-m+fp/hard/libg_nano.a(libc_a-reent.o)
                0x2000052c                errno
 .bss.__lock___malloc_recursive_mutex
                0x20000530        0x1 /usr/lib/gcc/arm-none-eabi/14.2.0/../../../../arm-none-eabi/lib/thumb/v7e-m+fp/hard/libg_nano.a(libc_a-lock.o)
                0x20000530                __lock___malloc_recursive_mutex
 .bss.__lock___sfp_recursive_mutex
                0x20000531        0x1 /usr/lib/gcc/arm-none-eabi/14.2.0/../../../../arm-none-eabi/lib/thumb/v7e-m+fp/hard/libg_nano.a(libc_a-lock.o)
                0x20000531                __lock___sfp_recursive_mutex
 *fill*         0x20000532        0x2 
 .bss.__malloc_sbrk_start
                0x20000534        0x4 /usr/lib/gcc/arm-none-eabi/14.2.0/../../../../arm-none-eabi/lib/thumb/v7e-m+fp/hard/libg_nano.a(libc_a-mallocr.o)
                0x20000534                __malloc_sbrk_start
 .bss.__malloc_free_list
                0x20000538        0x4 /usr/lib/gcc/arm-none-eabi/14.2.0/../../../../arm-none-eabi/lib/thumb/v7e-m+fp/hard/libg_nano.a(libc_a-mallocr.o)
                0x20000538                __malloc_free_list
 *(COMMON)
                0x2000053c                        . = ALIGN (0x4)
                0x2000053c                        _ebss = .
                0x2000053c                        __bss_end__ = _ebss
                [!provide]                        PROVIDE (__bss_end = .)
                [!provide]                        PROVIDE (__non_tls_bss_start = ADDR (.bss))
                [!provide]                        PROVIDE (__bss_start = __tbss_start)
                [!provide]                        PROVIDE (__bss_size = (__bss_end - __bss_start))

._user_heap_stack
                0x2000053c     0x5004 load address 0x08009fcc
                0x20000540                        . = ALIGN (0x8)
 *fill*         0x2000053c        0x4 
                [!provide]                        PROVIDE (end = .)
                0x20000540                        PROVIDE (_end = .)
                0x20004540                        . = (. + _Min_Heap_Size)
 *fill*         0x20000540     0x4000 
                0x20005540                        . = (. + _Min_Stack_Size)
 *fill*         0x20004540     0x1000 
                0x20005540                        . = ALIGN (0x8)

/DISCARD/
 libc.a:*(*)
 libm.a:*(*)
 libgcc.a:*(*)
OUTPUT(V2.2_F407.elf elf32-littlearm)
LOAD linker stubs

.ARM.attributes
                0x00000000       0x30
 .ARM.attributes
                0x00000000       0x22 /usr/lib/gcc/arm-none-eabi/14.2.0/thumb/v7e-m+fp/hard/crti.o
 .ARM.attributes
                0x00000022       0x34 /usr/lib/gcc/arm-none-eabi/14.2.0/thumb/v7e-m+fp/hard/crtbegin.o
 .ARM.attributes
                0x00000056       0x34 cmake/stm32cubemx/CMakeFiles/STM32_Drivers.dir/__/__/Core/Src/system_stm32f4xx.c.obj
 .ARM.attributes
                0x0000008a       0x34 cmake/stm32cubemx/CMakeFiles/STM32_Drivers.dir/__/__/Drivers/STM32F4xx_HAL_Driver/Src/stm32f4xx_hal_dcmi_ex.c.obj
 .ARM.attributes
                0x000000be       0x34 cmake/stm32cubemx/CMakeFiles/STM32_Drivers.dir/__/__/Drivers/STM32F4xx_HAL_Driver/Src/stm32f4xx_hal_rcc.c.obj
 .ARM.attributes
                0x000000f2       0x34 cmake/stm32cubemx/CMakeFiles/STM32_Drivers.dir/__/__/Drivers/STM32F4xx_HAL_Driver/Src/stm32f4xx_hal_gpio.c.obj
 .ARM.attributes
                0x00000126       0x34 cmake/stm32cubemx/CMakeFiles/STM32_Drivers.dir/__/__/Drivers/STM32F4xx_HAL_Driver/Src/stm32f4xx_hal_dma.c.obj
 .ARM.attributes
                0x0000015a       0x34 cmake/stm32cubemx/CMakeFiles/STM32_Drivers.dir/__/__/Drivers/STM32F4xx_HAL_Driver/Src/stm32f4xx_hal_cortex.c.obj
 .ARM.attributes
                0x0000018e       0x34 cmake/stm32cubemx/CMakeFiles/STM32_Drivers.dir/__/__/Drivers/STM32F4xx_HAL_Driver/Src/stm32f4xx_hal.c.obj
 .ARM.attributes
                0x000001c2       0x34 cmake/stm32cubemx/CMakeFiles/STM32_Drivers.dir/__/__/Drivers/STM32F4xx_HAL_Driver/Src/stm32f4xx_hal_i2c.c.obj
 .ARM.attributes
                0x000001f6       0x34 cmake/stm32cubemx/CMakeFiles/STM32_Drivers.dir/__/__/Drivers/STM32F4xx_HAL_Driver/Src/stm32f4xx_hal_tim.c.obj
 .ARM.attributes
                0x0000022a       0x34 cmake/stm32cubemx/CMakeFiles/STM32_Drivers.dir/__/__/Drivers/STM32F4xx_HAL_Driver/Src/stm32f4xx_hal_tim_ex.c.obj
 .ARM.attributes
                0x0000025e       0x34 cmake/stm32cubemx/CMakeFiles/STM32_Drivers.dir/__/__/Drivers/STM32F4xx_HAL_Driver/Src/stm32f4xx_hal_uart.c.obj
 .ARM.attributes
                0x00000292       0x34 CMakeFiles/V2.2_F407.dir/Core/Src/main.c.obj
 .ARM.attributes
                0x000002c6       0x34 CMakeFiles/V2.2_F407.dir/Core/Src/gpio.c.obj
 .ARM.attributes
                0x000002fa       0x34 CMakeFiles/V2.2_F407.dir/Core/Src/dcmi.c.obj
 .ARM.attributes
                0x0000032e       0x34 CMakeFiles/V2.2_F407.dir/Core/Src/dma.c.obj
 .ARM.attributes
                0x00000362       0x34 CMakeFiles/V2.2_F407.dir/Core/Src/i2c.c.obj
 .ARM.attributes
                0x00000396       0x34 CMakeFiles/V2.2_F407.dir/Core/Src/tim.c.obj
 .ARM.attributes
                0x000003ca       0x34 CMakeFiles/V2.2_F407.dir/Core/Src/usart.c.obj
 .ARM.attributes
                0x000003fe       0x34 CMakeFiles/V2.2_F407.dir/Core/Src/stm32f4xx_it.c.obj
 .ARM.attributes
                0x00000432       0x34 CMakeFiles/V2.2_F407.dir/Core/Src/stm32f4xx_hal_msp.c.obj
 .ARM.attributes
                0x00000466       0x34 CMakeFiles/V2.2_F407.dir/Core/Src/sysmem.c.obj
 .ARM.attributes
                0x0000049a       0x34 CMakeFiles/V2.2_F407.dir/Core/Src/syscalls.c.obj
 .ARM.attributes
                0x000004ce       0x21 CMakeFiles/V2.2_F407.dir/startup_stm32f407xx.s.obj
 .ARM.attributes
                0x000004ef       0x34 CMakeFiles/V2.2_F407.dir/Core/Src/servo_driver.c.obj
 .ARM.attributes
                0x00000523       0x34 CMakeFiles/V2.2_F407.dir/Core/Src/hcsr04.c.obj
 .ARM.attributes
                0x00000557       0x34 CMakeFiles/V2.2_F407.dir/Core/Src/ov2640.c.obj
 .ARM.attributes
                0x0000058b       0x34 CMakeFiles/V2.2_F407.dir/Core/Src/test_suite.c.obj
 .ARM.attributes
                0x000005bf       0x22 /usr/lib/gcc/arm-none-eabi/14.2.0/thumb/v7e-m+fp/hard/libgcc.a(_arm_addsubdf3.o)
 .ARM.attributes
                0x000005e1       0x22 /usr/lib/gcc/arm-none-eabi/14.2.0/thumb/v7e-m+fp/hard/libgcc.a(_aeabi_uldivmod.o)
 .ARM.attributes
                0x00000603       0x34 /usr/lib/gcc/arm-none-eabi/14.2.0/thumb/v7e-m+fp/hard/libgcc.a(_udivmoddi4.o)
 .ARM.attributes
                0x00000637       0x22 /usr/lib/gcc/arm-none-eabi/14.2.0/thumb/v7e-m+fp/hard/libgcc.a(_dvmd_tls.o)
 .ARM.attributes
                0x00000659       0x34 /usr/lib/gcc/arm-none-eabi/14.2.0/../../../../arm-none-eabi/lib/thumb/v7e-m+fp/hard/libg_nano.a(libc_a-nano-vfprintf_float.o)
 .ARM.attributes
                0x0000068d       0x34 /usr/lib/gcc/arm-none-eabi/14.2.0/../../../../arm-none-eabi/lib/thumb/v7e-m+fp/hard/libg_nano.a(libc_a-nano-vfprintf_i.o)
 .ARM.attributes
                0x000006c1       0x34 /usr/lib/gcc/arm-none-eabi/14.2.0/../../../../arm-none-eabi/lib/thumb/v7e-m+fp/hard/libg_nano.a(libc_a-findfp.o)
 .ARM.attributes
                0x000006f5       0x34 /usr/lib/gcc/arm-none-eabi/14.2.0/../../../../arm-none-eabi/lib/thumb/v7e-m+fp/hard/libg_nano.a(libc_a-fwalk.o)
 .ARM.attributes
                0x00000729       0x34 /usr/lib/gcc/arm-none-eabi/14.2.0/../../../../arm-none-eabi/lib/thumb/v7e-m+fp/hard/libg_nano.a(libc_a-printf.o)
 .ARM.attributes
                0x0000075d       0x34 /usr/lib/gcc/arm-none-eabi/14.2.0/../../../../arm-none-eabi/lib/thumb/v7e-m+fp/hard/libg_nano.a(libc_a-puts.o)
 .ARM.attributes
                0x00000791       0x34 /usr/lib/gcc/arm-none-eabi/14.2.0/../../../../arm-none-eabi/lib/thumb/v7e-m+fp/hard/libg_nano.a(libc_a-stdio.o)
 .ARM.attributes
                0x000007c5       0x34 /usr/lib/gcc/arm-none-eabi/14.2.0/../../../../arm-none-eabi/lib/thumb/v7e-m+fp/hard/libg_nano.a(libc_a-wbuf.o)
 .ARM.attributes
                0x000007f9       0x34 /usr/lib/gcc/arm-none-eabi/14.2.0/../../../../arm-none-eabi/lib/thumb/v7e-m+fp/hard/libg_nano.a(libc_a-wsetup.o)
 .ARM.attributes
                0x0000082d       0x34 /usr/lib/gcc/arm-none-eabi/14.2.0/../../../../arm-none-eabi/lib/thumb/v7e-m+fp/hard/libg_nano.a(libc_a-memset.o)
 .ARM.attributes
                0x00000861       0x34 /usr/lib/gcc/arm-none-eabi/14.2.0/../../../../arm-none-eabi/lib/thumb/v7e-m+fp/hard/libg_nano.a(libc_a-localeconv.o)
 .ARM.attributes
                0x00000895       0x34 /usr/lib/gcc/arm-none-eabi/14.2.0/../../../../arm-none-eabi/lib/thumb/v7e-m+fp/hard/libg_nano.a(libc_a-closer.o)
 .ARM.attributes
                0x000008c9       0x34 /usr/lib/gcc/arm-none-eabi/14.2.0/../../../../arm-none-eabi/lib/thumb/v7e-m+fp/hard/libg_nano.a(libc_a-reent.o)
 .ARM.attributes
                0x000008fd       0x34 /usr/lib/gcc/arm-none-eabi/14.2.0/../../../../arm-none-eabi/lib/thumb/v7e-m+fp/hard/libg_nano.a(libc_a-impure.o)
 .ARM.attributes
                0x00000931       0x34 /usr/lib/gcc/arm-none-eabi/14.2.0/../../../../arm-none-eabi/lib/thumb/v7e-m+fp/hard/libg_nano.a(libc_a-lseekr.o)
 .ARM.attributes
                0x00000965       0x34 /usr/lib/gcc/arm-none-eabi/14.2.0/../../../../arm-none-eabi/lib/thumb/v7e-m+fp/hard/libg_nano.a(libc_a-readr.o)
 .ARM.attributes
                0x00000999       0x34 /usr/lib/gcc/arm-none-eabi/14.2.0/../../../../arm-none-eabi/lib/thumb/v7e-m+fp/hard/libg_nano.a(libc_a-writer.o)
 .ARM.attributes
                0x000009cd       0x34 /usr/lib/gcc/arm-none-eabi/14.2.0/../../../../arm-none-eabi/lib/thumb/v7e-m+fp/hard/libg_nano.a(libc_a-errno.o)
 .ARM.attributes
                0x00000a01       0x34 /usr/lib/gcc/arm-none-eabi/14.2.0/../../../../arm-none-eabi/lib/thumb/v7e-m+fp/hard/libg_nano.a(libc_a-init.o)
 .ARM.attributes
                0x00000a35       0x34 /usr/lib/gcc/arm-none-eabi/14.2.0/../../../../arm-none-eabi/lib/thumb/v7e-m+fp/hard/libg_nano.a(libc_a-lock.o)
 .ARM.attributes
                0x00000a69       0x1c /usr/lib/gcc/arm-none-eabi/14.2.0/../../../../arm-none-eabi/lib/thumb/v7e-m+fp/hard/libg_nano.a(libc_a-memchr.o)
 .ARM.attributes
                0x00000a85       0x17 /usr/lib/gcc/arm-none-eabi/14.2.0/../../../../arm-none-eabi/lib/thumb/v7e-m+fp/hard/libg_nano.a(libc_a-strlen.o)
 .ARM.attributes
                0x00000a9c       0x34 /usr/lib/gcc/arm-none-eabi/14.2.0/../../../../arm-none-eabi/lib/thumb/v7e-m+fp/hard/libg_nano.a(libc_a-dtoa.o)
 .ARM.attributes
                0x00000ad0       0x34 /usr/lib/gcc/arm-none-eabi/14.2.0/../../../../arm-none-eabi/lib/thumb/v7e-m+fp/hard/libg_nano.a(libc_a-freer.o)
 .ARM.attributes
                0x00000b04       0x34 /usr/lib/gcc/arm-none-eabi/14.2.0/../../../../arm-none-eabi/lib/thumb/v7e-m+fp/hard/libg_nano.a(libc_a-malloc.o)
 .ARM.attributes
                0x00000b38       0x34 /usr/lib/gcc/arm-none-eabi/14.2.0/../../../../arm-none-eabi/lib/thumb/v7e-m+fp/hard/libg_nano.a(libc_a-mallocr.o)
 .ARM.attributes
                0x00000b6c       0x34 /usr/lib/gcc/arm-none-eabi/14.2.0/../../../../arm-none-eabi/lib/thumb/v7e-m+fp/hard/libg_nano.a(libc_a-mlock.o)
 .ARM.attributes
                0x00000ba0       0x34 /usr/lib/gcc/arm-none-eabi/14.2.0/../../../../arm-none-eabi/lib/thumb/v7e-m+fp/hard/libg_nano.a(libc_a-mprec.o)
 .ARM.attributes
                0x00000bd4       0x34 /usr/lib/gcc/arm-none-eabi/14.2.0/../../../../arm-none-eabi/lib/thumb/v7e-m+fp/hard/libg_nano.a(libc_a-nano-vfprintf.o)
 .ARM.attributes
                0x00000c08       0x34 /usr/lib/gcc/arm-none-eabi/14.2.0/../../../../arm-none-eabi/lib/thumb/v7e-m+fp/hard/libg_nano.a(libc_a-fflush.o)
 .ARM.attributes
                0x00000c3c       0x34 /usr/lib/gcc/arm-none-eabi/14.2.0/../../../../arm-none-eabi/lib/thumb/v7e-m+fp/hard/libg_nano.a(libc_a-makebuf.o)
 .ARM.attributes
                0x00000c70       0x34 /usr/lib/gcc/arm-none-eabi/14.2.0/../../../../arm-none-eabi/lib/thumb/v7e-m+fp/hard/libg_nano.a(libc_a-locale.o)
 .ARM.attributes
                0x00000ca4       0x34 /usr/lib/gcc/arm-none-eabi/14.2.0/../../../../arm-none-eabi/lib/thumb/v7e-m+fp/hard/libg_nano.a(libc_a-fstatr.o)
 .ARM.attributes
                0x00000cd8       0x34 /usr/lib/gcc/arm-none-eabi/14.2.0/../../../../arm-none-eabi/lib/thumb/v7e-m+fp/hard/libg_nano.a(libc_a-isattyr.o)
 .ARM.attributes
                0x00000d0c       0x34 /usr/lib/gcc/arm-none-eabi/14.2.0/../../../../arm-none-eabi/lib/thumb/v7e-m+fp/hard/libg_nano.a(libc_a-sbrkr.o)
 .ARM.attributes
                0x00000d40       0x34 /usr/lib/gcc/arm-none-eabi/14.2.0/../../../../arm-none-eabi/lib/thumb/v7e-m+fp/hard/libg_nano.a(libc_a-memcpy-stub.o)
 .ARM.attributes
                0x00000d74       0x34 /usr/lib/gcc/arm-none-eabi/14.2.0/../../../../arm-none-eabi/lib/thumb/v7e-m+fp/hard/libg_nano.a(libc_a-assert.o)
 .ARM.attributes
                0x00000da8       0x34 /usr/lib/gcc/arm-none-eabi/14.2.0/../../../../arm-none-eabi/lib/thumb/v7e-m+fp/hard/libg_nano.a(libc_a-callocr.o)
 .ARM.attributes
                0x00000ddc       0x34 /usr/lib/gcc/arm-none-eabi/14.2.0/../../../../arm-none-eabi/lib/thumb/v7e-m+fp/hard/libg_nano.a(libc_a-mbtowc_r.o)
 .ARM.attributes
                0x00000e10       0x34 /usr/lib/gcc/arm-none-eabi/14.2.0/../../../../arm-none-eabi/lib/thumb/v7e-m+fp/hard/libg_nano.a(libc_a-wctomb_r.o)
 .ARM.attributes
                0x00000e44       0x34 /usr/lib/gcc/arm-none-eabi/14.2.0/../../../../arm-none-eabi/lib/thumb/v7e-m+fp/hard/libg_nano.a(libc_a-ctype_.o)
 .ARM.attributes
                0x00000e78       0x34 /usr/lib/gcc/arm-none-eabi/14.2.0/../../../../arm-none-eabi/lib/thumb/v7e-m+fp/hard/libg_nano.a(libc_a-fprintf.o)
 .ARM.attributes
                0x00000eac       0x34 /usr/lib/gcc/arm-none-eabi/14.2.0/../../../../arm-none-eabi/lib/thumb/v7e-m+fp/hard/libg_nano.a(libc_a-abort.o)
 .ARM.attributes
                0x00000ee0       0x34 /usr/lib/gcc/arm-none-eabi/14.2.0/../../../../arm-none-eabi/lib/thumb/v7e-m+fp/hard/libg_nano.a(libc_a-signal.o)
 .ARM.attributes
                0x00000f14       0x34 /usr/lib/gcc/arm-none-eabi/14.2.0/../../../../arm-none-eabi/lib/thumb/v7e-m+fp/hard/libg_nano.a(libc_a-signalr.o)
 .ARM.attributes
                0x00000f48       0x22 /usr/lib/gcc/arm-none-eabi/14.2.0/thumb/v7e-m+fp/hard/libgcc.a(_arm_muldivdf3.o)
 .ARM.attributes
                0x00000f6a       0x22 /usr/lib/gcc/arm-none-eabi/14.2.0/thumb/v7e-m+fp/hard/libgcc.a(_arm_cmpdf2.o)
 .ARM.attributes
                0x00000f8c       0x22 /usr/lib/gcc/arm-none-eabi/14.2.0/thumb/v7e-m+fp/hard/libgcc.a(_arm_unorddf2.o)
 .ARM.attributes
                0x00000fae       0x22 /usr/lib/gcc/arm-none-eabi/14.2.0/thumb/v7e-m+fp/hard/libgcc.a(_arm_fixdfsi.o)
 .ARM.attributes
                0x00000fd0       0x22 /usr/lib/gcc/arm-none-eabi/14.2.0/thumb/v7e-m+fp/hard/crtn.o

.comment        0x00000000       0x1e
 .comment       0x00000000       0x1e cmake/stm32cubemx/CMakeFiles/STM32_Drivers.dir/__/__/Core/Src/system_stm32f4xx.c.obj
                                 0x1f (size before relaxing)
 .comment       0x0000001e       0x1f cmake/stm32cubemx/CMakeFiles/STM32_Drivers.dir/__/__/Drivers/STM32F4xx_HAL_Driver/Src/stm32f4xx_hal_dcmi_ex.c.obj
 .comment       0x0000001e       0x1f cmake/stm32cubemx/CMakeFiles/STM32_Drivers.dir/__/__/Drivers/STM32F4xx_HAL_Driver/Src/stm32f4xx_hal_rcc.c.obj
 .comment       0x0000001e       0x1f cmake/stm32cubemx/CMakeFiles/STM32_Drivers.dir/__/__/Drivers/STM32F4xx_HAL_Driver/Src/stm32f4xx_hal_gpio.c.obj
 .comment       0x0000001e       0x1f cmake/stm32cubemx/CMakeFiles/STM32_Drivers.dir/__/__/Drivers/STM32F4xx_HAL_Driver/Src/stm32f4xx_hal_dma.c.obj
 .comment       0x0000001e       0x1f cmake/stm32cubemx/CMakeFiles/STM32_Drivers.dir/__/__/Drivers/STM32F4xx_HAL_Driver/Src/stm32f4xx_hal_cortex.c.obj
 .comment       0x0000001e       0x1f cmake/stm32cubemx/CMakeFiles/STM32_Drivers.dir/__/__/Drivers/STM32F4xx_HAL_Driver/Src/stm32f4xx_hal.c.obj
 .comment       0x0000001e       0x1f cmake/stm32cubemx/CMakeFiles/STM32_Drivers.dir/__/__/Drivers/STM32F4xx_HAL_Driver/Src/stm32f4xx_hal_i2c.c.obj
 .comment       0x0000001e       0x1f cmake/stm32cubemx/CMakeFiles/STM32_Drivers.dir/__/__/Drivers/STM32F4xx_HAL_Driver/Src/stm32f4xx_hal_tim.c.obj
 .comment       0x0000001e       0x1f cmake/stm32cubemx/CMakeFiles/STM32_Drivers.dir/__/__/Drivers/STM32F4xx_HAL_Driver/Src/stm32f4xx_hal_tim_ex.c.obj
 .comment       0x0000001e       0x1f cmake/stm32cubemx/CMakeFiles/STM32_Drivers.dir/__/__/Drivers/STM32F4xx_HAL_Driver/Src/stm32f4xx_hal_uart.c.obj
 .comment       0x0000001e       0x1f CMakeFiles/V2.2_F407.dir/Core/Src/main.c.obj
 .comment       0x0000001e       0x1f CMakeFiles/V2.2_F407.dir/Core/Src/gpio.c.obj
 .comment       0x0000001e       0x1f CMakeFiles/V2.2_F407.dir/Core/Src/dcmi.c.obj
 .comment       0x0000001e       0x1f CMakeFiles/V2.2_F407.dir/Core/Src/dma.c.obj
 .comment       0x0000001e       0x1f CMakeFiles/V2.2_F407.dir/Core/Src/i2c.c.obj
 .comment       0x0000001e       0x1f CMakeFiles/V2.2_F407.dir/Core/Src/tim.c.obj
 .comment       0x0000001e       0x1f CMakeFiles/V2.2_F407.dir/Core/Src/usart.c.obj
 .comment       0x0000001e       0x1f CMakeFiles/V2.2_F407.dir/Core/Src/stm32f4xx_it.c.obj
 .comment       0x0000001e       0x1f CMakeFiles/V2.2_F407.dir/Core/Src/stm32f4xx_hal_msp.c.obj
 .comment       0x0000001e       0x1f CMakeFiles/V2.2_F407.dir/Core/Src/sysmem.c.obj
 .comment       0x0000001e       0x1f CMakeFiles/V2.2_F407.dir/Core/Src/syscalls.c.obj
 .comment       0x0000001e       0x1f CMakeFiles/V2.2_F407.dir/Core/Src/servo_driver.c.obj
 .comment       0x0000001e       0x1f CMakeFiles/V2.2_F407.dir/Core/Src/hcsr04.c.obj
 .comment       0x0000001e       0x1f CMakeFiles/V2.2_F407.dir/Core/Src/ov2640.c.obj
 .comment       0x0000001e       0x1f CMakeFiles/V2.2_F407.dir/Core/Src/test_suite.c.obj
 .comment       0x0000001e       0x1f /usr/lib/gcc/arm-none-eabi/14.2.0/thumb/v7e-m+fp/hard/libgcc.a(_udivmoddi4.o)
 .comment       0x0000001e       0x1f /usr/lib/gcc/arm-none-eabi/14.2.0/../../../../arm-none-eabi/lib/thumb/v7e-m+fp/hard/libg_nano.a(libc_a-nano-vfprintf_float.o)
 .comment       0x0000001e       0x1f /usr/lib/gcc/arm-none-eabi/14.2.0/../../../../arm-none-eabi/lib/thumb/v7e-m+fp/hard/libg_nano.a(libc_a-nano-vfprintf_i.o)
 .comment       0x0000001e       0x1f /usr/lib/gcc/arm-none-eabi/14.2.0/../../../../arm-none-eabi/lib/thumb/v7e-m+fp/hard/libg_nano.a(libc_a-findfp.o)
 .comment       0x0000001e       0x1f /usr/lib/gcc/arm-none-eabi/14.2.0/../../../../arm-none-eabi/lib/thumb/v7e-m+fp/hard/libg_nano.a(libc_a-fwalk.o)
 .comment       0x0000001e       0x1f /usr/lib/gcc/arm-none-eabi/14.2.0/../../../../arm-none-eabi/lib/thumb/v7e-m+fp/hard/libg_nano.a(libc_a-printf.o)
 .comment       0x0000001e       0x1f /usr/lib/gcc/arm-none-eabi/14.2.0/../../../../arm-none-eabi/lib/thumb/v7e-m+fp/hard/libg_nano.a(libc_a-puts.o)
 .comment       0x0000001e       0x1f /usr/lib/gcc/arm-none-eabi/14.2.0/../../../../arm-none-eabi/lib/thumb/v7e-m+fp/hard/libg_nano.a(libc_a-stdio.o)
 .comment       0x0000001e       0x1f /usr/lib/gcc/arm-none-eabi/14.2.0/../../../../arm-none-eabi/lib/thumb/v7e-m+fp/hard/libg_nano.a(libc_a-wbuf.o)
 .comment       0x0000001e       0x1f /usr/lib/gcc/arm-none-eabi/14.2.0/../../../../arm-none-eabi/lib/thumb/v7e-m+fp/hard/libg_nano.a(libc_a-wsetup.o)
 .comment       0x0000001e       0x1f /usr/lib/gcc/arm-none-eabi/14.2.0/../../../../arm-none-eabi/lib/thumb/v7e-m+fp/hard/libg_nano.a(libc_a-memset.o)
 .comment       0x0000001e       0x1f /usr/lib/gcc/arm-none-eabi/14.2.0/../../../../arm-none-eabi/lib/thumb/v7e-m+fp/hard/libg_nano.a(libc_a-localeconv.o)
 .comment       0x0000001e       0x1f /usr/lib/gcc/arm-none-eabi/14.2.0/../../../../arm-none-eabi/lib/thumb/v7e-m+fp/hard/libg_nano.a(libc_a-closer.o)
 .comment       0x0000001e       0x1f /usr/lib/gcc/arm-none-eabi/14.2.0/../../../../arm-none-eabi/lib/thumb/v7e-m+fp/hard/libg_nano.a(libc_a-reent.o)
 .comment       0x0000001e       0x1f /usr/lib/gcc/arm-none-eabi/14.2.0/../../../../arm-none-eabi/lib/thumb/v7e-m+fp/hard/libg_nano.a(libc_a-impure.o)
 .comment       0x0000001e       0x1f /usr/lib/gcc/arm-none-eabi/14.2.0/../../../../arm-none-eabi/lib/thumb/v7e-m+fp/hard/libg_nano.a(libc_a-lseekr.o)
 .comment       0x0000001e       0x1f /usr/lib/gcc/arm-none-eabi/14.2.0/../../../../arm-none-eabi/lib/thumb/v7e-m+fp/hard/libg_nano.a(libc_a-readr.o)
 .comment       0x0000001e       0x1f /usr/lib/gcc/arm-none-eabi/14.2.0/../../../../arm-none-eabi/lib/thumb/v7e-m+fp/hard/libg_nano.a(libc_a-writer.o)
 .comment       0x0000001e       0x1f /usr/lib/gcc/arm-none-eabi/14.2.0/../../../../arm-none-eabi/lib/thumb/v7e-m+fp/hard/libg_nano.a(libc_a-errno.o)
 .comment       0x0000001e       0x1f /usr/lib/gcc/arm-none-eabi/14.2.0/../../../../arm-none-eabi/lib/thumb/v7e-m+fp/hard/libg_nano.a(libc_a-init.o)
 .comment       0x0000001e       0x1f /usr/lib/gcc/arm-none-eabi/14.2.0/../../../../arm-none-eabi/lib/thumb/v7e-m+fp/hard/libg_nano.a(libc_a-lock.o)
 .comment       0x0000001e       0x1f /usr/lib/gcc/arm-none-eabi/14.2.0/../../../../arm-none-eabi/lib/thumb/v7e-m+fp/hard/libg_nano.a(libc_a-dtoa.o)
 .comment       0x0000001e       0x1f /usr/lib/gcc/arm-none-eabi/14.2.0/../../../../arm-none-eabi/lib/thumb/v7e-m+fp/hard/libg_nano.a(libc_a-freer.o)