Archive member included to satisfy reference by file (symbol)

/usr/lib/gcc/arm-none-eabi/14.2.0/thumb/v7e-m+fp/hard/libgcc.a(_arm_addsubdf3.o)
                              CMakeFiles/V2.2_F407.dir/Core/Src/main.c.obj (__aeabi_f2d)
/usr/lib/gcc/arm-none-eabi/14.2.0/thumb/v7e-m+fp/hard/libgcc.a(_aeabi_uldivmod.o)
                              cmake/stm32cubemx/CMakeFiles/STM32_Drivers.dir/__/__/Drivers/STM32F4xx_HAL_Driver/Src/stm32f4xx_hal_rcc.c.obj (__aeabi_uldivmod)
/usr/lib/gcc/arm-none-eabi/14.2.0/thumb/v7e-m+fp/hard/libgcc.a(_udivmoddi4.o)
                              /usr/lib/gcc/arm-none-eabi/14.2.0/thumb/v7e-m+fp/hard/libgcc.a(_aeabi_uldivmod.o) (__udivmoddi4)
/usr/lib/gcc/arm-none-eabi/14.2.0/thumb/v7e-m+fp/hard/libgcc.a(_dvmd_tls.o)
                              /usr/lib/gcc/arm-none-eabi/14.2.0/thumb/v7e-m+fp/hard/libgcc.a(_aeabi_uldivmod.o) (__aeabi_ldiv0)
/usr/lib/gcc/arm-none-eabi/14.2.0/../../../../arm-none-eabi/lib/thumb/v7e-m+fp/hard/libg_nano.a(libc_a-atexit.o)
                              /usr/lib/gcc/arm-none-eabi/14.2.0/../../../../arm-none-eabi/lib/thumb/v7e-m+fp/hard/crt0.o (atexit)
/usr/lib/gcc/arm-none-eabi/14.2.0/../../../../arm-none-eabi/lib/thumb/v7e-m+fp/hard/libg_nano.a(libc_a-exit.o)
                              /usr/lib/gcc/arm-none-eabi/14.2.0/../../../../arm-none-eabi/lib/thumb/v7e-m+fp/hard/crt0.o (exit)
/usr/lib/gcc/arm-none-eabi/14.2.0/../../../../arm-none-eabi/lib/thumb/v7e-m+fp/hard/libg_nano.a(libc_a-nano-vfprintf_float.o)
                              (_printf_float)
/usr/lib/gcc/arm-none-eabi/14.2.0/../../../../arm-none-eabi/lib/thumb/v7e-m+fp/hard/libg_nano.a(libc_a-nano-vfprintf_i.o)
                              /usr/lib/gcc/arm-none-eabi/14.2.0/../../../../arm-none-eabi/lib/thumb/v7e-m+fp/hard/libg_nano.a(libc_a-nano-vfprintf_float.o) (_printf_common)
/usr/lib/gcc/arm-none-eabi/14.2.0/../../../../arm-none-eabi/lib/thumb/v7e-m+fp/hard/libg_nano.a(libc_a-findfp.o)
                              /usr/lib/gcc/arm-none-eabi/14.2.0/../../../../arm-none-eabi/lib/thumb/v7e-m+fp/hard/libg_nano.a(libc_a-exit.o) (__stdio_exit_handler)
/usr/lib/gcc/arm-none-eabi/14.2.0/../../../../arm-none-eabi/lib/thumb/v7e-m+fp/hard/libg_nano.a(libc_a-fwalk.o)
                              /usr/lib/gcc/arm-none-eabi/14.2.0/../../../../arm-none-eabi/lib/thumb/v7e-m+fp/hard/libg_nano.a(libc_a-findfp.o) (_fwalk_sglue)
/usr/lib/gcc/arm-none-eabi/14.2.0/../../../../arm-none-eabi/lib/thumb/v7e-m+fp/hard/libg_nano.a(libc_a-printf.o)
                              CMakeFiles/V2.2_F407.dir/Core/Src/main.c.obj (printf)
/usr/lib/gcc/arm-none-eabi/14.2.0/../../../../arm-none-eabi/lib/thumb/v7e-m+fp/hard/libg_nano.a(libc_a-puts.o)
                              CMakeFiles/V2.2_F407.dir/Core/Src/main.c.obj (puts)
/usr/lib/gcc/arm-none-eabi/14.2.0/../../../../arm-none-eabi/lib/thumb/v7e-m+fp/hard/libg_nano.a(libc_a-stdio.o)
                              /usr/lib/gcc/arm-none-eabi/14.2.0/../../../../arm-none-eabi/lib/thumb/v7e-m+fp/hard/libg_nano.a(libc_a-findfp.o) (__sread)
/usr/lib/gcc/arm-none-eabi/14.2.0/../../../../arm-none-eabi/lib/thumb/v7e-m+fp/hard/libg_nano.a(libc_a-wbuf.o)
                              /usr/lib/gcc/arm-none-eabi/14.2.0/../../../../arm-none-eabi/lib/thumb/v7e-m+fp/hard/libg_nano.a(libc_a-puts.o) (__swbuf_r)
/usr/lib/gcc/arm-none-eabi/14.2.0/../../../../arm-none-eabi/lib/thumb/v7e-m+fp/hard/libg_nano.a(libc_a-wsetup.o)
                              /usr/lib/gcc/arm-none-eabi/14.2.0/../../../../arm-none-eabi/lib/thumb/v7e-m+fp/hard/libg_nano.a(libc_a-puts.o) (__swsetup_r)
/usr/lib/gcc/arm-none-eabi/14.2.0/../../../../arm-none-eabi/lib/thumb/v7e-m+fp/hard/libg_nano.a(libc_a-memset.o)
                              /usr/lib/gcc/arm-none-eabi/14.2.0/../../../../arm-none-eabi/lib/thumb/v7e-m+fp/hard/crt0.o (memset)
/usr/lib/gcc/arm-none-eabi/14.2.0/../../../../arm-none-eabi/lib/thumb/v7e-m+fp/hard/libg_nano.a(libc_a-localeconv.o)
                              /usr/lib/gcc/arm-none-eabi/14.2.0/../../../../arm-none-eabi/lib/thumb/v7e-m+fp/hard/libg_nano.a(libc_a-nano-vfprintf_float.o) (_localeconv_r)
/usr/lib/gcc/arm-none-eabi/14.2.0/../../../../arm-none-eabi/lib/thumb/v7e-m+fp/hard/libg_nano.a(libc_a-closer.o)
                              /usr/lib/gcc/arm-none-eabi/14.2.0/../../../../arm-none-eabi/lib/thumb/v7e-m+fp/hard/libg_nano.a(libc_a-stdio.o) (_close_r)
/usr/lib/gcc/arm-none-eabi/14.2.0/../../../../arm-none-eabi/lib/thumb/v7e-m+fp/hard/libg_nano.a(libc_a-reent.o)
                              /usr/lib/gcc/arm-none-eabi/14.2.0/../../../../arm-none-eabi/lib/thumb/v7e-m+fp/hard/libg_nano.a(libc_a-closer.o) (errno)
/usr/lib/gcc/arm-none-eabi/14.2.0/../../../../arm-none-eabi/lib/thumb/v7e-m+fp/hard/libg_nano.a(libc_a-impure.o)
                              /usr/lib/gcc/arm-none-eabi/14.2.0/../../../../arm-none-eabi/lib/thumb/v7e-m+fp/hard/libg_nano.a(libc_a-printf.o) (_impure_ptr)
[...]
Memory Configuration

Name             Origin             Length             Attributes
RAM              0x20000000         0x00020000         xrw
CCMRAM           0x10000000         0x00010000         xrw
FLASH            0x08000000         0x00080000         xr
*default*        0x00000000         0xffffffff

Linker script and memory map

LOAD /usr/lib/gcc/arm-none-eabi/14.2.0/thumb/v7e-m+fp/hard/crti.o
LOAD /usr/lib/gcc/arm-none-eabi/14.2.0/thumb/v7e-m+fp/hard/crtbegin.o
LOAD /usr/lib/gcc/arm-none-eabi/14.2.0/../../../../arm-none-eabi/lib/thumb/v7e-m+fp/hard/crt0.o
LOAD CMakeFiles/V2.2_F407.dir/Core/Src/main.c.obj
LOAD CMakeFiles/V2.2_F407.dir/Core/Src/gpio.c.obj
LOAD CMakeFiles/V2.2_F407.dir/Core/Src/dcmi.c.obj
LOAD CMakeFiles/V2.2_F407.dir/Core/Src/dma.c.obj
LOAD CMakeFiles/V2.2_F407.dir/Core/Src/i2c.c.obj
LOAD CMakeFiles/V2.2_F407.dir/Core/Src/tim.c.obj
LOAD CMakeFiles/V2.2_F407.dir/Core/Src/usart.c.obj
LOAD CMakeFiles/V2.2_F407.dir/Core/Src/stm32f4xx_it.c.obj
LOAD CMakeFiles/V2.2_F407.dir/Core/Src/stm32f4xx_hal_msp.c.obj
LOAD CMakeFiles/V2.2_F407.dir/Core/Src/sysmem.c.obj
LOAD CMakeFiles/V2.2_F407.dir/Core/Src/syscalls.c.obj
LOAD CMakeFiles/V2.2_F407.dir/startup_stm32f407xx.s.obj
LOAD CMakeFiles/V2.2_F407.dir/Core/Src/servo_driver.c.obj
LOAD CMakeFiles/V2.2_F407.dir/Core/Src/hcsr04.c.obj
LOAD CMakeFiles/V2.2_F407.dir/Core/Src/ov2640.c.obj
LOAD cmake/stm32cubemx/CMakeFiles/STM32_Drivers.dir/__/__/Core/Src/system_stm32f4xx.c.obj
LOAD cmake/stm32cubemx/CMakeFiles/STM32_Drivers.dir/__/__/Drivers/STM32F4xx_HAL_Driver/Src/stm32f4xx_hal_dcmi.c.obj
LOAD cmake/stm32cubemx/CMakeFiles/STM32_Drivers.dir/__/__/Drivers/STM32F4xx_HAL_Driver/Src/stm32f4xx_hal_dcmi_ex.c.obj
LOAD cmake/stm32cubemx/CMakeFiles/STM32_Drivers.dir/__/__/Drivers/STM32F4xx_HAL_Driver/Src/stm32f4xx_hal_rcc.c.obj
LOAD cmake/stm32cubemx/CMakeFiles/STM32_Drivers.dir/__/__/Drivers/STM32F4xx_HAL_Driver/Src/stm32f4xx_hal_rcc_ex.c.obj
LOAD cmake/stm32cubemx/CMakeFiles/STM32_Drivers.dir/__/__/Drivers/STM32F4xx_HAL_Driver/Src/stm32f4xx_hal_flash.c.obj
LOAD cmake/stm32cubemx/CMakeFiles/STM32_Drivers.dir/__/__/Drivers/STM32F4xx_HAL_Driver/Src/stm32f4xx_hal_flash_ex.c.obj
LOAD cmake/stm32cubemx/CMakeFiles/STM32_Drivers.dir/__/__/Drivers/STM32F4xx_HAL_Driver/Src/stm32f4xx_hal_flash_ramfunc.c.obj
LOAD cmake/stm32cubemx/CMakeFiles/STM32_Drivers.dir/__/__/Drivers/STM32F4xx_HAL_Driver/Src/stm32f4xx_hal_gpio.c.obj
LOAD cmake/stm32cubemx/CMakeFiles/STM32_Drivers.dir/__/__/Drivers/STM32F4xx_HAL_Driver/Src/stm32f4xx_hal_dma_ex.c.obj
LOAD cmake/stm32cubemx/CMakeFiles/STM32_Drivers.dir/__/__/Drivers/STM32F4xx_HAL_Driver/Src/stm32f4xx_hal_dma.c.obj
LOAD cmake/stm32cubemx/CMakeFiles/STM32_Drivers.dir/__/__/Drivers/STM32F4xx_HAL_Driver/Src/stm32f4xx_hal_pwr.c.obj
LOAD cmake/stm32cubemx/CMakeFiles/STM32_Drivers.dir/__/__/Drivers/STM32F4xx_HAL_Driver/Src/stm32f4xx_hal_pwr_ex.c.obj
LOAD cmake/stm32cubemx/CMakeFiles/STM32_Drivers.dir/__/__/Drivers/STM32F4xx_HAL_Driver/Src/stm32f4xx_hal_cortex.c.obj
LOAD cmake/stm32cubemx/CMakeFiles/STM32_Drivers.dir/__/__/Drivers/STM32F4xx_HAL_Driver/Src/stm32f4xx_hal.c.obj
LOAD cmake/stm32cubemx/CMakeFiles/STM32_Drivers.dir/__/__/Drivers/STM32F4xx_HAL_Driver/Src/stm32f4xx_hal_exti.c.obj
LOAD cmake/stm32cubemx/CMakeFiles/STM32_Drivers.dir/__/__/Drivers/STM32F4xx_HAL_Driver/Src/stm32f4xx_hal_i2c.c.obj
LOAD cmake/stm32cubemx/CMakeFiles/STM32_Drivers.dir/__/__/Drivers/STM32F4xx_HAL_Driver/Src/stm32f4xx_hal_i2c_ex.c.obj
LOAD cmake/stm32cubemx/CMakeFiles/STM32_Drivers.dir/__/__/Drivers/STM32F4xx_HAL_Driver/Src/stm32f4xx_hal_tim.c.obj
LOAD cmake/stm32cubemx/CMakeFiles/STM32_Drivers.dir/__/__/Drivers/STM32F4xx_HAL_Driver/Src/stm32f4xx_hal_tim_ex.c.obj
LOAD cmake/stm32cubemx/CMakeFiles/STM32_Drivers.dir/__/__/Drivers/STM32F4xx_HAL_Driver/Src/stm32f4xx_hal_uart.c.obj
LOAD /usr/lib/gcc/arm-none-eabi/14.2.0/../../../../arm-none-eabi/lib/thumb/v7e-m+fp/hard/libm.a
START GROUP
LOAD /usr/lib/gcc/arm-none-eabi/14.2.0/thumb/v7e-m+fp/hard/libgcc.a
LOAD /usr/lib/gcc/arm-none-eabi/14.2.0/../../../../arm-none-eabi/lib/thumb/v7e-m+fp/hard/libg_nano.a
LOAD /usr/lib/gcc/arm-none-eabi/14.2.0/../../../../arm-none-eabi/lib/thumb/v7e-m+fp/hard/libc_nano.a
END GROUP
START GROUP
LOAD /usr/lib/gcc/arm-none-eabi/14.2.0/thumb/v7e-m+fp/hard/libgcc.a
LOAD /usr/lib/gcc/arm-none-eabi/14.2.0/../../../../arm-none-eabi/lib/thumb/v7e-m+fp/hard/libc_nano.a
END GROUP
LOAD /usr/lib/gcc/arm-none-eabi/14.2.0/thumb/v7e-m+fp/hard/crtend.o
LOAD /usr/lib/gcc/arm-none-eabi/14.2.0/thumb/v7e-m+fp/hard/crtn.o
                0x20020000                        _estack = (ORIGIN (RAM) + LENGTH (RAM))
                0x00004000                        _Min_Heap_Size = 0x4000
                0x00001000                        _Min_Stack_Size = 0x1000

.isr_vector     0x08000000      0x188
                0x08000000                        . = ALIGN (0x4)
 *(.isr_vector)
 .isr_vector    0x08000000      0x188 CMakeFiles/V2.2_F407.dir/startup_stm32f407xx.s.obj
                0x08000000                g_pfnVectors
                0x08000188                        . = ALIGN (0x4)

.text           0x08000190     0xaafc
                0x08000190                        . = ALIGN (0x4)
 *(.text)
 .text          0x08000190      0x378 /usr/lib/gcc/arm-none-eabi/14.2.0/thumb/v7e-m+fp/hard/libgcc.a(_arm_addsubdf3.o)
                0x08000190                __aeabi_drsub
                0x08000198                __aeabi_dsub
                0x08000198                __subdf3
                0x0800019c                __adddf3
                0x0800019c                __aeabi_dadd
                0x08000414                __aeabi_ui2d
                0x08000414                __floatunsidf
                0x08000434                __floatsidf
                0x08000434                __aeabi_i2d
                0x08000458                __extendsfdf2
                0x08000458                __aeabi_f2d
                0x0800049c                __aeabi_ul2d
                0x0800049c                __floatundidf
                0x080004ac                __floatdidf
                0x080004ac                __aeabi_l2d
 .text          0x08000508       0x30 /usr/lib/gcc/arm-none-eabi/14.2.0/thumb/v7e-m+fp/hard/libgcc.a(_aeabi_uldivmod.o)
                0x08000508                __aeabi_uldivmod
 .text          0x08000538        0x4 /usr/lib/gcc/arm-none-eabi/14.2.0/thumb/v7e-m+fp/hard/libgcc.a(_dvmd_tls.o)
                0x08000538                __aeabi_ldiv0
                0x08000538                __aeabi_idiv0
 *fill*         0x0800053c        0x4 
 .text          0x08000540       0xa0 /usr/lib/gcc/arm-none-eabi/14.2.0/../../../../arm-none-eabi/lib/thumb/v7e-m+fp/hard/libg_nano.a(libc_a-memchr.o)
                0x08000540                memchr
 .text          0x080005e0       0x10 /usr/lib/gcc/arm-none-eabi/14.2.0/../../../../arm-none-eabi/lib/thumb/v7e-m+fp/hard/libg_nano.a(libc_a-strlen.o)
                0x080005e0                strlen
 .text          0x080005f0      0x424 /usr/lib/gcc/arm-none-eabi/14.2.0/thumb/v7e-m+fp/hard/libgcc.a(_arm_muldivdf3.o)
                0x080005f0                __aeabi_dmul
                0x080005f0                __muldf3
                0x08000844                __aeabi_ddiv
                0x08000844                __divdf3
 .text          0x08000a14      0x110 /usr/lib/gcc/arm-none-eabi/14.2.0/thumb/v7e-m+fp/hard/libgcc.a(_arm_cmpdf2.o)
                0x08000a14                __gtdf2
                0x08000a14                __gedf2
                0x08000a1c                __ltdf2
                0x08000a1c                __ledf2
                0x08000a24                __cmpdf2
                0x08000a24                __eqdf2
                0x08000a24                __nedf2
                0x08000aa0                __aeabi_cdrcmple
                0x08000ab0                __aeabi_cdcmple
                0x08000ab0                __aeabi_cdcmpeq
                0x08000ac0                __aeabi_dcmpeq
                0x08000ad4                __aeabi_dcmplt
                0x08000ae8                __aeabi_dcmple
                0x08000afc                __aeabi_dcmpge
                0x08000b10                __aeabi_dcmpgt
 .text          0x08000b24       0x2c /usr/lib/gcc/arm-none-eabi/14.2.0/thumb/v7e-m+fp/hard/libgcc.a(_arm_unorddf2.o)
                0x08000b24                __aeabi_dcmpun
                0x08000b24                __unorddf2
 .text          0x08000b50       0x50 /usr/lib/gcc/arm-none-eabi/14.2.0/thumb/v7e-m+fp/hard/libgcc.a(_arm_fixdfsi.o)
                0x08000b50                __fixdfsi
                0x08000b50                __aeabi_d2iz
 *(.text*)
 .text.__do_global_dtors_aux
                0x08000ba0       0x24 /usr/lib/gcc/arm-none-eabi/14.2.0/thumb/v7e-m+fp/hard/crtbegin.o
 .text.frame_dummy
                0x08000bc4       0x1c /usr/lib/gcc/arm-none-eabi/14.2.0/thumb/v7e-m+fp/hard/crtbegin.o
 .text.main     0x08000be0      0x2a4 CMakeFiles/V2.2_F407.dir/Core/Src/main.c.obj
                0x08000be0                main
 .text.SystemClock_Config
                0x08000e84       0xd4 CMakeFiles/V2.2_F407.dir/Core/Src/main.c.obj
                0x08000e84                SystemClock_Config
 .text.Error_Handler
                0x08000f58        0xc CMakeFiles/V2.2_F407.dir/Core/Src/main.c.obj
                0x08000f58                Error_Handler
 .text.MX_GPIO_Init
                0x08000f64      0x130 CMakeFiles/V2.2_F407.dir/Core/Src/gpio.c.obj
                0x08000f64                MX_GPIO_Init
 .text.MX_DCMI_Init
                0x08001094       0x50 CMakeFiles/V2.2_F407.dir/Core/Src/dcmi.c.obj
                0x08001094                MX_DCMI_Init
 .text.HAL_DCMI_MspInit
                0x080010e4      0x190 CMakeFiles/V2.2_F407.dir/Core/Src/dcmi.c.obj
                0x080010e4                HAL_DCMI_MspInit
 .text.MX_DMA_Init
                0x08001274       0x40 CMakeFiles/V2.2_F407.dir/Core/Src/dma.c.obj
                0x08001274                MX_DMA_Init
 .text.MX_I2C2_Init
                0x080012b4       0x5c CMakeFiles/V2.2_F407.dir/Core/Src/i2c.c.obj
                0x080012b4                MX_I2C2_Init
 .text.HAL_I2C_MspInit
                0x08001310       0x90 CMakeFiles/V2.2_F407.dir/Core/Src/i2c.c.obj
                0x08001310                HAL_I2C_MspInit
 .text.MX_TIM3_Init
                0x080013a0       0xe0 CMakeFiles/V2.2_F407.dir/Core/Src/tim.c.obj
                0x080013a0                MX_TIM3_Init
 .text.MX_TIM4_Init
                0x08001480      0x108 CMakeFiles/V2.2_F407.dir/Core/Src/tim.c.obj
                0x08001480                MX_TIM4_Init
 .text.HAL_TIM_Base_MspInit
                0x08001588       0xcc CMakeFiles/V2.2_F407.dir/Core/Src/tim.c.obj
                0x08001588                HAL_TIM_Base_MspInit
 .text.HAL_TIM_MspPostInit
                0x08001654       0x74 CMakeFiles/V2.2_F407.dir/Core/Src/tim.c.obj
                0x08001654                HAL_TIM_MspPostInit
 .text.MX_USART1_UART_Init
                0x080016c8       0x54 CMakeFiles/V2.2_F407.dir/Core/Src/usart.c.obj
                0x080016c8                MX_USART1_UART_Init
 .text.HAL_UART_MspInit
                0x0800171c       0x90 CMakeFiles/V2.2_F407.dir/Core/Src/usart.c.obj
                0x0800171c                HAL_UART_MspInit
 .text.__io_putchar
                0x080017ac       0x24 CMakeFiles/V2.2_F407.dir/Core/Src/usart.c.obj
                0x080017ac                __io_putchar
 .text.__io_getchar
                0x080017d0       0x24 CMakeFiles/V2.2_F407.dir/Core/Src/usart.c.obj
                0x080017d0                __io_getchar
 .text.NMI_Handler
                0x080017f4        0x8 CMakeFiles/V2.2_F407.dir/Core/Src/stm32f4xx_it.c.obj
                0x080017f4                NMI_Handler
 .text.HardFault_Handler
                0x080017fc        0x8 CMakeFiles/V2.2_F407.dir/Core/Src/stm32f4xx_it.c.obj
                0x080017fc                HardFault_Handler
 .text.MemManage_Handler
                0x08001804        0x8 CMakeFiles/V2.2_F407.dir/Core/Src/stm32f4xx_it.c.obj
                0x08001804                MemManage_Handler
 .text.BusFault_Handler
                0x0800180c        0x8 CMakeFiles/V2.2_F407.dir/Core/Src/stm32f4xx_it.c.obj
                0x0800180c                BusFault_Handler
 .text.UsageFault_Handler
                0x08001814        0x8 CMakeFiles/V2.2_F407.dir/Core/Src/stm32f4xx_it.c.obj
                0x08001814                UsageFault_Handler
 .text.SVC_Handler
                0x0800181c        0xe CMakeFiles/V2.2_F407.dir/Core/Src/stm32f4xx_it.c.obj
                0x0800181c                SVC_Handler
 .text.DebugMon_Handler
                0x0800182a        0xe CMakeFiles/V2.2_F407.dir/Core/Src/stm32f4xx_it.c.obj
                0x0800182a                DebugMon_Handler
 .text.PendSV_Handler
                0x08001838        0xe CMakeFiles/V2.2_F407.dir/Core/Src/stm32f4xx_it.c.obj
                0x08001838                PendSV_Handler
 .text.SysTick_Handler
                0x08001846        0xc CMakeFiles/V2.2_F407.dir/Core/Src/stm32f4xx_it.c.obj
                0x08001846                SysTick_Handler
 *fill*         0x08001852        0x2 
 .text.TIM3_IRQHandler
                0x08001854       0x14 CMakeFiles/V2.2_F407.dir/Core/Src/stm32f4xx_it.c.obj
                0x08001854                TIM3_IRQHandler
 .text.DMA2_Stream1_IRQHandler
                0x08001868       0x14 CMakeFiles/V2.2_F407.dir/Core/Src/stm32f4xx_it.c.obj
                0x08001868                DMA2_Stream1_IRQHandler
 .text.HAL_TIM_IC_CaptureCallback
                0x0800187c       0x24 CMakeFiles/V2.2_F407.dir/Core/Src/stm32f4xx_it.c.obj
                0x0800187c                HAL_TIM_IC_CaptureCallback
 .text.HAL_MspInit
                0x080018a0       0x50 CMakeFiles/V2.2_F407.dir/Core/Src/stm32f4xx_hal_msp.c.obj
                0x080018a0                HAL_MspInit
 .text._sbrk    0x080018f0       0x6c CMakeFiles/V2.2_F407.dir/Core/Src/sysmem.c.obj
                0x080018f0                _sbrk
 .text._getpid  0x0800195c       0x10 CMakeFiles/V2.2_F407.dir/Core/Src/syscalls.c.obj
                0x0800195c                _getpid
 .text._kill    0x0800196c       0x20 CMakeFiles/V2.2_F407.dir/Core/Src/syscalls.c.obj
                0x0800196c                _kill
 .text._exit    0x0800198c       0x16 CMakeFiles/V2.2_F407.dir/Core/Src/syscalls.c.obj
                0x0800198c                _exit
 .text._read    0x080019a2       0x3a CMakeFiles/V2.2_F407.dir/Core/Src/syscalls.c.obj
                0x080019a2                _read
 .text._write   0x080019dc       0x38 CMakeFiles/V2.2_F407.dir/Core/Src/syscalls.c.obj
                0x080019dc                _write
 .text._close   0x08001a14       0x18 CMakeFiles/V2.2_F407.dir/Core/Src/syscalls.c.obj
                0x08001a14                _close
 .text._fstat   0x08001a2c       0x20 CMakeFiles/V2.2_F407.dir/Core/Src/syscalls.c.obj
                0x08001a2c                _fstat
 .text._isatty  0x08001a4c       0x16 CMakeFiles/V2.2_F407.dir/Core/Src/syscalls.c.obj
                0x08001a4c                _isatty
 .text._lseek   0x08001a62       0x1a CMakeFiles/V2.2_F407.dir/Core/Src/syscalls.c.obj
                0x08001a62                _lseek
 .text.Reset_Handler
                0x08001a7c       0x50 CMakeFiles/V2.2_F407.dir/startup_stm32f407xx.s.obj
                0x08001a7c                Reset_Handler
 .text.Default_Handler
                0x08001acc        0x2 CMakeFiles/V2.2_F407.dir/startup_stm32f407xx.s.obj
                0x08001acc                RTC_Alarm_IRQHandler
                0x08001acc                HASH_RNG_IRQHandler
                0x08001acc                EXTI2_IRQHandler
                0x08001acc                TIM8_CC_IRQHandler
                0x08001acc                TIM1_CC_IRQHandler
                0x08001acc                DMA2_Stream5_IRQHandler
                0x08001acc                DMA1_Stream5_IRQHandler
                0x08001acc                PVD_IRQHandler
                0x08001acc                SDIO_IRQHandler
                0x08001acc                TAMP_STAMP_IRQHandler
                0x08001acc                CAN2_RX1_IRQHandler
                0x08001acc                EXTI3_IRQHandler
                0x08001acc                TIM8_TRG_COM_TIM14_IRQHandler
                0x08001acc                TIM1_UP_TIM10_IRQHandler
                0x08001acc                TIM8_UP_TIM13_IRQHandler
                0x08001acc                I2C3_ER_IRQHandler
                0x08001acc                EXTI0_IRQHandler
                0x08001acc                I2C2_EV_IRQHandler
                0x08001acc                DMA1_Stream2_IRQHandler
                0x08001acc                CAN1_RX0_IRQHandler
                0x08001acc                FPU_IRQHandler
                0x08001acc                OTG_HS_WKUP_IRQHandler
                0x08001acc                CAN2_SCE_IRQHandler
                0x08001acc                DMA2_Stream2_IRQHandler
                0x08001acc                SPI1_IRQHandler
                0x08001acc                TIM6_DAC_IRQHandler
                0x08001acc                TIM1_BRK_TIM9_IRQHandler
                0x08001acc                DCMI_IRQHandler
                0x08001acc                CAN2_RX0_IRQHandler
                0x08001acc                DMA2_Stream3_IRQHandler
                0x08001acc                USART6_IRQHandler
                0x08001acc                USART3_IRQHandler
                0x08001acc                CAN1_RX1_IRQHandler
                0x08001acc                UART5_IRQHandler
                0x08001acc                DMA2_Stream0_IRQHandler
                0x08001acc                TIM4_IRQHandler
                0x08001acc                I2C1_EV_IRQHandler
                0x08001acc                DMA1_Stream6_IRQHandler
                0x08001acc                DMA1_Stream1_IRQHandler
                0x08001acc                UART4_IRQHandler
                0x08001acc                RCC_IRQHandler
                0x08001acc                TIM8_BRK_TIM12_IRQHandler
                0x08001acc                Default_Handler
                0x08001acc                EXTI15_10_IRQHandler
                0x08001acc                ADC_IRQHandler
                0x08001acc                DMA1_Stream7_IRQHandler
                0x08001acc                TIM7_IRQHandler
                0x08001acc                CAN2_TX_IRQHandler
                0x08001acc                TIM5_IRQHandler
                0x08001acc                DMA2_Stream7_IRQHandler
                0x08001acc                I2C3_EV_IRQHandler
                0x08001acc                EXTI9_5_IRQHandler
                0x08001acc                RTC_WKUP_IRQHandler
                0x08001acc                ETH_WKUP_IRQHandler
                0x08001acc                SPI2_IRQHandler
                0x08001acc                OTG_HS_EP1_IN_IRQHandler
                0x08001acc                DMA1_Stream0_IRQHandler
                0x08001acc                CAN1_TX_IRQHandler
                0x08001acc                EXTI4_IRQHandler
                0x08001acc                FSMC_IRQHandler
                0x08001acc                ETH_IRQHandler
                0x08001acc                OTG_HS_EP1_OUT_IRQHandler
                0x08001acc                WWDG_IRQHandler
                0x08001acc                TIM2_IRQHandler
                0x08001acc                OTG_FS_WKUP_IRQHandler
                0x08001acc                TIM1_TRG_COM_TIM11_IRQHandler
                0x08001acc                OTG_HS_IRQHandler
                0x08001acc                EXTI1_IRQHandler
                0x08001acc                USART2_IRQHandler
                0x08001acc                I2C2_ER_IRQHandler
                0x08001acc                CAN1_SCE_IRQHandler
                0x08001acc                FLASH_IRQHandler
                0x08001acc                DMA2_Stream4_IRQHandler
                0x08001acc                USART1_IRQHandler
                0x08001acc                OTG_FS_IRQHandler
                0x08001acc                SPI3_IRQHandler
                0x08001acc                DMA1_Stream4_IRQHandler
                0x08001acc                I2C1_ER_IRQHandler
                0x08001acc                DMA2_Stream6_IRQHandler
                0x08001acc                DMA1_Stream3_IRQHandler
 *fill*         0x08001ace        0x2 
 .text.Servo_Init
                0x08001ad0       0x34 CMakeFiles/V2.2_F407.dir/Core/Src/servo_driver.c.obj
                0x08001ad0                Servo_Init
 .text.Servo_AngleToPulse
                0x08001b04       0x70 CMakeFiles/V2.2_F407.dir/Core/Src/servo_driver.c.obj
                0x08001b04                Servo_AngleToPulse
 .text.Servo_SetAngle
                0x08001b74       0x2a CMakeFiles/V2.2_F407.dir/Core/Src/servo_driver.c.obj
                0x08001b74                Servo_SetAngle
 *fill*         0x08001b9e        0x2 
 .text.Servo_SetPulse
                0x08001ba0       0x74 CMakeFiles/V2.2_F407.dir/Core/Src/servo_driver.c.obj
                0x08001ba0                Servo_SetPulse
 .text.HCSR04_Init
                0x08001c14       0x2c CMakeFiles/V2.2_F407.dir/Core/Src/hcsr04.c.obj
                0x08001c14                HCSR04_Init
 .text.HCSR04_Trigger
                0x08001c40       0x58 CMakeFiles/V2.2_F407.dir/Core/Src/hcsr04.c.obj
                0x08001c40                HCSR04_Trigger
 .text.HCSR04_GetStatus
                0x08001c98       0x50 CMakeFiles/V2.2_F407.dir/Core/Src/hcsr04.c.obj
                0x08001c98                HCSR04_GetStatus
 .text.HCSR04_GetDistance
                0x08001ce8       0x1c CMakeFiles/V2.2_F407.dir/Core/Src/hcsr04.c.obj
                0x08001ce8                HCSR04_GetDistance
 .text.HCSR04_PulseToDistance
                0x08001d04       0x2c CMakeFiles/V2.2_F407.dir/Core/Src/hcsr04.c.obj
                0x08001d04                HCSR04_PulseToDistance
 .text.HCSR04_CaptureCallback
                0x08001d30       0xe4 CMakeFiles/V2.2_F407.dir/Core/Src/hcsr04.c.obj
                0x08001d30                HCSR04_CaptureCallback
 .text.OV2640_WriteReg
                0x08001e14       0x44 CMakeFiles/V2.2_F407.dir/Core/Src/ov2640.c.obj
                0x08001e14                OV2640_WriteReg
 .text.OV2640_ReadReg
                0x08001e58       0x50 CMakeFiles/V2.2_F407.dir/Core/Src/ov2640.c.obj
                0x08001e58                OV2640_ReadReg
 .text.OV2640_ReadID
                0x08001ea8       0x76 CMakeFiles/V2.2_F407.dir/Core/Src/ov2640.c.obj
                0x08001ea8                OV2640_ReadID
 *fill*         0x08001f1e        0x2 
 .text.OV2640_HardwareReset
                0x08001f20       0x44 CMakeFiles/V2.2_F407.dir/Core/Src/ov2640.c.obj
 .text.OV2640_WriteArray
                0x08001f64       0x54 CMakeFiles/V2.2_F407.dir/Core/Src/ov2640.c.obj
 .text.OV2640_Init
                0x08001fb8       0xb4 CMakeFiles/V2.2_F407.dir/Core/Src/ov2640.c.obj
                0x08001fb8                OV2640_Init
 .text.OV2640_StartCapture
                0x0800206c       0x30 CMakeFiles/V2.2_F407.dir/Core/Src/ov2640.c.obj
                0x0800206c                OV2640_StartCapture
 .text.OV2640_StopCapture
                0x0800209c       0x20 CMakeFiles/V2.2_F407.dir/Core/Src/ov2640.c.obj
                0x0800209c                OV2640_StopCapture
 .text.SystemInit
                0x080020bc       0x24 cmake/stm32cubemx/CMakeFiles/STM32_Drivers.dir/__/__/Core/Src/system_stm32f4xx.c.obj
                0x080020bc                SystemInit
 .text.HAL_DCMI_Start_DMA
                0x080020e0      0x148 cmake/stm32cubemx/CMakeFiles/STM32_Drivers.dir/__/__/Drivers/STM32F4xx_HAL_Driver/Src/stm32f4xx_hal_dcmi.c.obj
                0x080020e0                HAL_DCMI_Start_DMA
 .text.HAL_DCMI_Stop
                0x08002228       0xb8 cmake/stm32cubemx/CMakeFiles/STM32_Drivers.dir/__/__/Drivers/STM32F4xx_HAL_Driver/Src/stm32f4xx_hal_dcmi.c.obj
                0x08002228                HAL_DCMI_Stop
 .text.HAL_DCMI_ErrorCallback
                0x080022e0       0x14 cmake/stm32cubemx/CMakeFiles/STM32_Drivers.dir/__/__/Drivers/STM32F4xx_HAL_Driver/Src/stm32f4xx_hal_dcmi.c.obj
                0x080022e0                HAL_DCMI_ErrorCallback
 .text.DCMI_DMAXferCplt
                0x080022f4      0x12a cmake/stm32cubemx/CMakeFiles/STM32_Drivers.dir/__/__/Drivers/STM32F4xx_HAL_Driver/Src/stm32f4xx_hal_dcmi.c.obj
 .text.DCMI_DMAError
                0x0800241e       0x2e cmake/stm32cubemx/CMakeFiles/STM32_Drivers.dir/__/__/Drivers/STM32F4xx_HAL_Driver/Src/stm32f4xx_hal_dcmi.c.obj
 .text.HAL_DCMI_Init
                0x0800244c       0xda cmake/stm32cubemx/CMakeFiles/STM32_Drivers.dir/__/__/Drivers/STM32F4xx_HAL_Driver/Src/stm32f4xx_hal_dcmi_ex.c.obj
                0x0800244c                HAL_DCMI_Init
 *fill*         0x08002526        0x2 
 .text.HAL_RCC_OscConfig
                0x08002528      0x4f0 cmake/stm32cubemx/CMakeFiles/STM32_Drivers.dir/__/__/Drivers/STM32F4xx_HAL_Driver/Src/stm32f4xx_hal_rcc.c.obj
                0x08002528                HAL_RCC_OscConfig
 .text.HAL_RCC_ClockConfig
                0x08002a18      0x1cc cmake/stm32cubemx/CMakeFiles/STM32_Drivers.dir/__/__/Drivers/STM32F4xx_HAL_Driver/Src/stm32f4xx_hal_rcc.c.obj
                0x08002a18                HAL_RCC_ClockConfig
 .text.HAL_RCC_GetSysClockFreq
                0x08002be4      0x20c cmake/stm32cubemx/CMakeFiles/STM32_Drivers.dir/__/__/Drivers/STM32F4xx_HAL_Driver/Src/stm32f4xx_hal_rcc.c.obj
                0x08002be4                HAL_RCC_GetSysClockFreq
 .text.HAL_RCC_GetHCLKFreq
                0x08002df0       0x18 cmake/stm32cubemx/CMakeFiles/STM32_Drivers.dir/__/__/Drivers/STM32F4xx_HAL_Driver/Src/stm32f4xx_hal_rcc.c.obj
                0x08002df0                HAL_RCC_GetHCLKFreq
 .text.HAL_RCC_GetPCLK1Freq
                0x08002e08       0x28 cmake/stm32cubemx/CMakeFiles/STM32_Drivers.dir/__/__/Drivers/STM32F4xx_HAL_Driver/Src/stm32f4xx_hal_rcc.c.obj
                0x08002e08                HAL_RCC_GetPCLK1Freq
 .text.HAL_RCC_GetPCLK2Freq
                0x08002e30       0x28 cmake/stm32cubemx/CMakeFiles/STM32_Drivers.dir/__/__/Drivers/STM32F4xx_HAL_Driver/Src/stm32f4xx_hal_rcc.c.obj
                0x08002e30                HAL_RCC_GetPCLK2Freq
 .text.HAL_GPIO_Init
                0x08002e58      0x338 cmake/stm32cubemx/CMakeFiles/STM32_Drivers.dir/__/__/Drivers/STM32F4xx_HAL_Driver/Src/stm32f4xx_hal_gpio.c.obj
                0x08002e58                HAL_GPIO_Init
 .text.HAL_GPIO_WritePin
                0x08003190       0x32 cmake/stm32cubemx/CMakeFiles/STM32_Drivers.dir/__/__/Drivers/STM32F4xx_HAL_Driver/Src/stm32f4xx_hal_gpio.c.obj
                0x08003190                HAL_GPIO_WritePin
 *fill*         0x080031c2        0x2 
 .text.HAL_DMAEx_MultiBufferStart_IT
                0x080031c4     0x1290 cmake/stm32cubemx/CMakeFiles/STM32_Drivers.dir/__/__/Drivers/STM32F4xx_HAL_Driver/Src/stm32f4xx_hal_dma_ex.c.obj
                0x080031c4                HAL_DMAEx_MultiBufferStart_IT
 .text.HAL_DMAEx_ChangeMemory
                0x08004454       0x34 cmake/stm32cubemx/CMakeFiles/STM32_Drivers.dir/__/__/Drivers/STM32F4xx_HAL_Driver/Src/stm32f4xx_hal_dma_ex.c.obj
                0x08004454                HAL_DMAEx_ChangeMemory
 .text.DMA_MultiBufferSetConfig
                0x08004488       0x4c cmake/stm32cubemx/CMakeFiles/STM32_Drivers.dir/__/__/Drivers/STM32F4xx_HAL_Driver/Src/stm32f4xx_hal_dma_ex.c.obj
 .text.HAL_DMA_Init
                0x080044d4      0x15c cmake/stm32cubemx/CMakeFiles/STM32_Drivers.dir/__/__/Drivers/STM32F4xx_HAL_Driver/Src/stm32f4xx_hal_dma.c.obj
                0x080044d4                HAL_DMA_Init
 .text.HAL_DMA_Start_IT
                0x08004630       0xb0 cmake/stm32cubemx/CMakeFiles/STM32_Drivers.dir/__/__/Drivers/STM32F4xx_HAL_Driver/Src/stm32f4xx_hal_dma.c.obj
                0x08004630                HAL_DMA_Start_IT
 .text.HAL_DMA_Abort
                0x080046e0       0xe0 cmake/stm32cubemx/CMakeFiles/STM32_Drivers.dir/__/__/Drivers/STM32F4xx_HAL_Driver/Src/stm32f4xx_hal_dma.c.obj
                0x080046e0                HAL_DMA_Abort
 .text.HAL_DMA_IRQHandler
                0x080047c0      0x314 cmake/stm32cubemx/CMakeFiles/STM32_Drivers.dir/__/__/Drivers/STM32F4xx_HAL_Driver/Src/stm32f4xx_hal_dma.c.obj
                0x080047c0                HAL_DMA_IRQHandler
 .text.DMA_SetConfig
                0x08004ad4       0x5c cmake/stm32cubemx/CMakeFiles/STM32_Drivers.dir/__/__/Drivers/STM32F4xx_HAL_Driver/Src/stm32f4xx_hal_dma.c.obj
 .text.DMA_CalcBaseAndBitshift
                0x08004b30       0x6c cmake/stm32cubemx/CMakeFiles/STM32_Drivers.dir/__/__/Drivers/STM32F4xx_HAL_Driver/Src/stm32f4xx_hal_dma.c.obj
 .text.DMA_CheckFifoParam
                0x08004b9c       0xf8 cmake/stm32cubemx/CMakeFiles/STM32_Drivers.dir/__/__/Drivers/STM32F4xx_HAL_Driver/Src/stm32f4xx_hal_dma.c.obj
 .text.__NVIC_SetPriorityGrouping
                0x08004c94       0x48 cmake/stm32cubemx/CMakeFiles/STM32_Drivers.dir/__/__/Drivers/STM32F4xx_HAL_Driver/Src/stm32f4xx_hal_cortex.c.obj
 .text.__NVIC_GetPriorityGrouping
                0x08004cdc       0x1c cmake/stm32cubemx/CMakeFiles/STM32_Drivers.dir/__/__/Drivers/STM32F4xx_HAL_Driver/Src/stm32f4xx_hal_cortex.c.obj
 .text.__NVIC_EnableIRQ
                0x08004cf8       0x3c cmake/stm32cubemx/CMakeFiles/STM32_Drivers.dir/__/__/Drivers/STM32F4xx_HAL_Driver/Src/stm32f4xx_hal_cortex.c.obj
 .text.__NVIC_SetPriority
                0x08004d34       0x54 cmake/stm32cubemx/CMakeFiles/STM32_Drivers.dir/__/__/Drivers/STM32F4xx_HAL_Driver/Src/stm32f4xx_hal_cortex.c.obj
 .text.NVIC_EncodePriority
                0x08004d88       0x66 cmake/stm32cubemx/CMakeFiles/STM32_Drivers.dir/__/__/Drivers/STM32F4xx_HAL_Driver/Src/stm32f4xx_hal_cortex.c.obj
 *fill*         0x08004dee        0x2 
 .text.SysTick_Config
                0x08004df0       0x44 cmake/stm32cubemx/CMakeFiles/STM32_Drivers.dir/__/__/Drivers/STM32F4xx_HAL_Driver/Src/stm32f4xx_hal_cortex.c.obj
 .text.HAL_NVIC_SetPriorityGrouping
                0x08004e34       0x16 cmake/stm32cubemx/CMakeFiles/STM32_Drivers.dir/__/__/Drivers/STM32F4xx_HAL_Driver/Src/stm32f4xx_hal_cortex.c.obj
                0x08004e34                HAL_NVIC_SetPriorityGrouping
 .text.HAL_NVIC_SetPriority
                0x08004e4a       0x38 cmake/stm32cubemx/CMakeFiles/STM32_Drivers.dir/__/__/Drivers/STM32F4xx_HAL_Driver/Src/stm32f4xx_hal_cortex.c.obj
                0x08004e4a                HAL_NVIC_SetPriority
 .text.HAL_NVIC_EnableIRQ
                0x08004e82       0x1c cmake/stm32cubemx/CMakeFiles/STM32_Drivers.dir/__/__/Drivers/STM32F4xx_HAL_Driver/Src/stm32f4xx_hal_cortex.c.obj
                0x08004e82                HAL_NVIC_EnableIRQ
 .text.HAL_SYSTICK_Config
                0x08004e9e       0x18 cmake/stm32cubemx/CMakeFiles/STM32_Drivers.dir/__/__/Drivers/STM32F4xx_HAL_Driver/Src/stm32f4xx_hal_cortex.c.obj
                0x08004e9e                HAL_SYSTICK_Config
 *fill*         0x08004eb6        0x2 
 .text.HAL_Init
                0x08004eb8       0x44 cmake/stm32cubemx/CMakeFiles/STM32_Drivers.dir/__/__/Drivers/STM32F4xx_HAL_Driver/Src/stm32f4xx_hal.c.obj
                0x08004eb8                HAL_Init
 .text.HAL_InitTick
                0x08004efc       0x60 cmake/stm32cubemx/CMakeFiles/STM32_Drivers.dir/__/__/Drivers/STM32F4xx_HAL_Driver/Src/stm32f4xx_hal.c.obj
                0x08004efc                HAL_InitTick
 .text.HAL_IncTick
                0x08004f5c       0x28 cmake/stm32cubemx/CMakeFiles/STM32_Drivers.dir/__/__/Drivers/STM32F4xx_HAL_Driver/Src/stm32f4xx_hal.c.obj
                0x08004f5c                HAL_IncTick
 .text.HAL_GetTick
                0x08004f84       0x18 cmake/stm32cubemx/CMakeFiles/STM32_Drivers.dir/__/__/Drivers/STM32F4xx_HAL_Driver/Src/stm32f4xx_hal.c.obj
                0x08004f84                HAL_GetTick
 .text.HAL_Delay
                0x08004f9c       0x48 cmake/stm32cubemx/CMakeFiles/STM32_Drivers.dir/__/__/Drivers/STM32F4xx_HAL_Driver/Src/stm32f4xx_hal.c.obj
                0x08004f9c                HAL_Delay
 .text.HAL_I2C_Init
                0x08004fe4      0x288 cmake/stm32cubemx/CMakeFiles/STM32_Drivers.dir/__/__/Drivers/STM32F4xx_HAL_Driver/Src/stm32f4xx_hal_i2c.c.obj
                0x08004fe4                HAL_I2C_Init
 .text.HAL_I2C_Master_Transmit
                0x0800526c      0x1fc cmake/stm32cubemx/CMakeFiles/STM32_Drivers.dir/__/__/Drivers/STM32F4xx_HAL_Driver/Src/stm32f4xx_hal_i2c.c.obj
                0x0800526c                HAL_I2C_Master_Transmit
 .text.HAL_I2C_Master_Receive
                0x08005468      0x464 cmake/stm32cubemx/CMakeFiles/STM32_Drivers.dir/__/__/Drivers/STM32F4xx_HAL_Driver/Src/stm32f4xx_hal_i2c.c.obj
                0x08005468                HAL_I2C_Master_Receive
 .text.I2C_MasterRequestWrite
                0x080058cc      0x104 cmake/stm32cubemx/CMakeFiles/STM32_Drivers.dir/__/__/Drivers/STM32F4xx_HAL_Driver/Src/stm32f4xx_hal_i2c.c.obj
 .text.I2C_MasterRequestRead
                0x080059d0      0x19c cmake/stm32cubemx/CMakeFiles/STM32_Drivers.dir/__/__/Drivers/STM32F4xx_HAL_Driver/Src/stm32f4xx_hal_i2c.c.obj
 .text.I2C_WaitOnFlagUntilTimeout
                0x08005b6c       0xf4 cmake/stm32cubemx/CMakeFiles/STM32_Drivers.dir/__/__/Drivers/STM32F4xx_HAL_Driver/Src/stm32f4xx_hal_i2c.c.obj
 .text.I2C_WaitOnMasterAddressFlagUntilTimeout
                0x08005c60      0x140 cmake/stm32cubemx/CMakeFiles/STM32_Drivers.dir/__/__/Drivers/STM32F4xx_HAL_Driver/Src/stm32f4xx_hal_i2c.c.obj
 .text.I2C_WaitOnTXEFlagUntilTimeout
                0x08005da0       0x90 cmake/stm32cubemx/CMakeFiles/STM32_Drivers.dir/__/__/Drivers/STM32F4xx_HAL_Driver/Src/stm32f4xx_hal_i2c.c.obj
 .text.I2C_WaitOnBTFFlagUntilTimeout
                0x08005e30       0x90 cmake/stm32cubemx/CMakeFiles/STM32_Drivers.dir/__/__/Drivers/STM32F4xx_HAL_Driver/Src/stm32f4xx_hal_i2c.c.obj
 .text.I2C_WaitOnRXNEFlagUntilTimeout
                0x08005ec0       0xba cmake/stm32cubemx/CMakeFiles/STM32_Drivers.dir/__/__/Drivers/STM32F4xx_HAL_Driver/Src/stm32f4xx_hal_i2c.c.obj
 .text.I2C_IsAcknowledgeFailed
                0x08005f7a       0x5e cmake/stm32cubemx/CMakeFiles/STM32_Drivers.dir/__/__/Drivers/STM32F4xx_HAL_Driver/Src/stm32f4xx_hal_i2c.c.obj
 .text.HAL_TIM_Base_Init
                0x08005fd8       0x9e cmake/stm32cubemx/CMakeFiles/STM32_Drivers.dir/__/__/Drivers/STM32F4xx_HAL_Driver/Src/stm32f4xx_hal_tim.c.obj
                0x08005fd8                HAL_TIM_Base_Init
 .text.HAL_TIM_PWM_Init
                0x08006076       0x9e cmake/stm32cubemx/CMakeFiles/STM32_Drivers.dir/__/__/Drivers/STM32F4xx_HAL_Driver/Src/stm32f4xx_hal_tim.c.obj
                0x08006076                HAL_TIM_PWM_Init
 .text.HAL_TIM_PWM_MspInit
                0x08006114       0x14 cmake/stm32cubemx/CMakeFiles/STM32_Drivers.dir/__/__/Drivers/STM32F4xx_HAL_Driver/Src/stm32f4xx_hal_tim.c.obj
                0x08006114                HAL_TIM_PWM_MspInit
 .text.HAL_TIM_PWM_Start
                0x08006128      0x190 cmake/stm32cubemx/CMakeFiles/STM32_Drivers.dir/__/__/Drivers/STM32F4xx_HAL_Driver/Src/stm32f4xx_hal_tim.c.obj
                0x08006128                HAL_TIM_PWM_Start
 .text.HAL_TIM_IC_Init
                0x080062b8       0x9e cmake/stm32cubemx/CMakeFiles/STM32_Drivers.dir/__/__/Drivers/STM32F4xx_HAL_Driver/Src/stm32f4xx_hal_tim.c.obj
                0x080062b8                HAL_TIM_IC_Init
 .text.HAL_TIM_IC_MspInit
                0x08006356       0x14 cmake/stm32cubemx/CMakeFiles/STM32_Drivers.dir/__/__/Drivers/STM32F4xx_HAL_Driver/Src/stm32f4xx_hal_tim.c.obj
                0x08006356                HAL_TIM_IC_MspInit
 *fill*         0x0800636a        0x2 
 .text.HAL_TIM_IC_Start_IT
                0x0800636c      0x250 cmake/stm32cubemx/CMakeFiles/STM32_Drivers.dir/__/__/Drivers/STM32F4xx_HAL_Driver/Src/stm32f4xx_hal_tim.c.obj
                0x0800636c                HAL_TIM_IC_Start_IT
 .text.HAL_TIM_IRQHandler
                0x080065bc      0x1e0 cmake/stm32cubemx/CMakeFiles/STM32_Drivers.dir/__/__/Drivers/STM32F4xx_HAL_Driver/Src/stm32f4xx_hal_tim.c.obj
                0x080065bc                HAL_TIM_IRQHandler
 .text.HAL_TIM_IC_ConfigChannel
                0x0800679c      0x138 cmake/stm32cubemx/CMakeFiles/STM32_Drivers.dir/__/__/Drivers/STM32F4xx_HAL_Driver/Src/stm32f4xx_hal_tim.c.obj
                0x0800679c                HAL_TIM_IC_ConfigChannel
 .text.HAL_TIM_PWM_ConfigChannel
                0x080068d4      0x184 cmake/stm32cubemx/CMakeFiles/STM32_Drivers.dir/__/__/Drivers/STM32F4xx_HAL_Driver/Src/stm32f4xx_hal_tim.c.obj
                0x080068d4                HAL_TIM_PWM_ConfigChannel
 .text.HAL_TIM_ConfigClockSource
                0x08006a58      0x18e cmake/stm32cubemx/CMakeFiles/STM32_Drivers.dir/__/__/Drivers/STM32F4xx_HAL_Driver/Src/stm32f4xx_hal_tim.c.obj
                0x08006a58                HAL_TIM_ConfigClockSource
 *fill*         0x08006be6        0x2 
 .text.HAL_TIM_ReadCapturedValue
                0x08006be8       0x88 cmake/stm32cubemx/CMakeFiles/STM32_Drivers.dir/__/__/Drivers/STM32F4xx_HAL_Driver/Src/stm32f4xx_hal_tim.c.obj
                0x08006be8                HAL_TIM_ReadCapturedValue
 .text.HAL_TIM_PeriodElapsedCallback
                0x08006c70       0x14 cmake/stm32cubemx/CMakeFiles/STM32_Drivers.dir/__/__/Drivers/STM32F4xx_HAL_Driver/Src/stm32f4xx_hal_tim.c.obj
                0x08006c70                HAL_TIM_PeriodElapsedCallback
 .text.HAL_TIM_OC_DelayElapsedCallback
                0x08006c84       0x14 cmake/stm32cubemx/CMakeFiles/STM32_Drivers.dir/__/__/Drivers/STM32F4xx_HAL_Driver/Src/stm32f4xx_hal_tim.c.obj
                0x08006c84                HAL_TIM_OC_DelayElapsedCallback
 .text.HAL_TIM_PWM_PulseFinishedCallback
                0x08006c98       0x14 cmake/stm32cubemx/CMakeFiles/STM32_Drivers.dir/__/__/Drivers/STM32F4xx_HAL_Driver/Src/stm32f4xx_hal_tim.c.obj
                0x08006c98                HAL_TIM_PWM_PulseFinishedCallback
 .text.HAL_TIM_TriggerCallback
                0x08006cac       0x14 cmake/stm32cubemx/CMakeFiles/STM32_Drivers.dir/__/__/Drivers/STM32F4xx_HAL_Driver/Src/stm32f4xx_hal_tim.c.obj
                0x08006cac                HAL_TIM_TriggerCallback
 .text.TIM_Base_SetConfig
                0x08006cc0      0x14c cmake/stm32cubemx/CMakeFiles/STM32_Drivers.dir/__/__/Drivers/STM32F4xx_HAL_Driver/Src/stm32f4xx_hal_tim.c.obj
                0x08006cc0                TIM_Base_SetConfig
 .text.TIM_OC1_SetConfig
                0x08006e0c       0xe0 cmake/stm32cubemx/CMakeFiles/STM32_Drivers.dir/__/__/Drivers/STM32F4xx_HAL_Driver/Src/stm32f4xx_hal_tim.c.obj
 .text.TIM_OC2_SetConfig
                0x08006eec       0xec cmake/stm32cubemx/CMakeFiles/STM32_Drivers.dir/__/__/Drivers/STM32F4xx_HAL_Driver/Src/stm32f4xx_hal_tim.c.obj
                0x08006eec                TIM_OC2_SetConfig
 .text.TIM_OC3_SetConfig
                0x08006fd8       0xe8 cmake/stm32cubemx/CMakeFiles/STM32_Drivers.dir/__/__/Drivers/STM32F4xx_HAL_Driver/Src/stm32f4xx_hal_tim.c.obj
 .text.TIM_OC4_SetConfig
                0x080070c0       0xac cmake/stm32cubemx/CMakeFiles/STM32_Drivers.dir/__/__/Drivers/STM32F4xx_HAL_Driver/Src/stm32f4xx_hal_tim.c.obj
 .text.TIM_TI1_SetConfig
                0x0800716c       0xe8 cmake/stm32cubemx/CMakeFiles/STM32_Drivers.dir/__/__/Drivers/STM32F4xx_HAL_Driver/Src/stm32f4xx_hal_tim.c.obj
                0x0800716c                TIM_TI1_SetConfig
 .text.TIM_TI1_ConfigInputStage
                0x08007254       0x5e cmake/stm32cubemx/CMakeFiles/STM32_Drivers.dir/__/__/Drivers/STM32F4xx_HAL_Driver/Src/stm32f4xx_hal_tim.c.obj
 .text.TIM_TI2_SetConfig
                0x080072b2       0x7a cmake/stm32cubemx/CMakeFiles/STM32_Drivers.dir/__/__/Drivers/STM32F4xx_HAL_Driver/Src/stm32f4xx_hal_tim.c.obj
 .text.TIM_TI2_ConfigInputStage
                0x0800732c       0x60 cmake/stm32cubemx/CMakeFiles/STM32_Drivers.dir/__/__/Drivers/STM32F4xx_HAL_Driver/Src/stm32f4xx_hal_tim.c.obj
 .text.TIM_TI3_SetConfig
                0x0800738c       0x78 cmake/stm32cubemx/CMakeFiles/STM32_Drivers.dir/__/__/Drivers/STM32F4xx_HAL_Driver/Src/stm32f4xx_hal_tim.c.obj
 .text.TIM_TI4_SetConfig
                0x08007404       0x7a cmake/stm32cubemx/CMakeFiles/STM32_Drivers.dir/__/__/Drivers/STM32F4xx_HAL_Driver/Src/stm32f4xx_hal_tim.c.obj
 .text.TIM_ITRx_SetConfig
                0x0800747e       0x36 cmake/stm32cubemx/CMakeFiles/STM32_Drivers.dir/__/__/Drivers/STM32F4xx_HAL_Driver/Src/stm32f4xx_hal_tim.c.obj
 .text.TIM_ETR_SetConfig
                0x080074b4       0x40 cmake/stm32cubemx/CMakeFiles/STM32_Drivers.dir/__/__/Drivers/STM32F4xx_HAL_Driver/Src/stm32f4xx_hal_tim.c.obj
                0x080074b4                TIM_ETR_SetConfig
 .text.TIM_CCxChannelCmd
                0x080074f4       0x4a cmake/stm32cubemx/CMakeFiles/STM32_Drivers.dir/__/__/Drivers/STM32F4xx_HAL_Driver/Src/stm32f4xx_hal_tim.c.obj
                0x080074f4                TIM_CCxChannelCmd
 *fill*         0x0800753e        0x2 
 .text.HAL_TIMEx_MasterConfigSynchronization
                0x08007540       0xf8 cmake/stm32cubemx/CMakeFiles/STM32_Drivers.dir/__/__/Drivers/STM32F4xx_HAL_Driver/Src/stm32f4xx_hal_tim_ex.c.obj
                0x08007540                HAL_TIMEx_MasterConfigSynchronization
 .text.HAL_TIMEx_CommutCallback
                0x08007638       0x14 cmake/stm32cubemx/CMakeFiles/STM32_Drivers.dir/__/__/Drivers/STM32F4xx_HAL_Driver/Src/stm32f4xx_hal_tim_ex.c.obj
                0x08007638                HAL_TIMEx_CommutCallback
 .text.HAL_TIMEx_BreakCallback
                0x0800764c       0x14 cmake/stm32cubemx/CMakeFiles/STM32_Drivers.dir/__/__/Drivers/STM32F4xx_HAL_Driver/Src/stm32f4xx_hal_tim_ex.c.obj
                0x0800764c                HAL_TIMEx_BreakCallback
 .text.HAL_UART_Init
                0x08007660       0xa0 cmake/stm32cubemx/CMakeFiles/STM32_Drivers.dir/__/__/Drivers/STM32F4xx_HAL_Driver/Src/stm32f4xx_hal_uart.c.obj
                0x08007660                HAL_UART_Init
 .text.HAL_UART_Transmit
                0x08007700      0x116 cmake/stm32cubemx/CMakeFiles/STM32_Drivers.dir/__/__/Drivers/STM32F4xx_HAL_Driver/Src/stm32f4xx_hal_uart.c.obj
                0x08007700                HAL_UART_Transmit
 .text.HAL_UART_Receive
                0x08007816      0x12e cmake/stm32cubemx/CMakeFiles/STM32_Drivers.dir/__/__/Drivers/STM32F4xx_HAL_Driver/Src/stm32f4xx_hal_uart.c.obj
                0x08007816                HAL_UART_Receive
 .text.UART_WaitOnFlagUntilTimeout
                0x08007944       0xb2 cmake/stm32cubemx/CMakeFiles/STM32_Drivers.dir/__/__/Drivers/STM32F4xx_HAL_Driver/Src/stm32f4xx_hal_uart.c.obj
 .text.UART_EndRxTransfer
                0x080079f6       0xc6 cmake/stm32cubemx/CMakeFiles/STM32_Drivers.dir/__/__/Drivers/STM32F4xx_HAL_Driver/Src/stm32f4xx_hal_uart.c.obj
 .text.UART_SetConfig
                0x08007abc      0x4e8 cmake/stm32cubemx/CMakeFiles/STM32_Drivers.dir/__/__/Drivers/STM32F4xx_HAL_Driver/Src/stm32f4xx_hal_uart.c.obj
 .text.__udivmoddi4
                0x08007fa4      0x2bc /usr/lib/gcc/arm-none-eabi/14.2.0/thumb/v7e-m+fp/hard/libgcc.a(_udivmoddi4.o)
                0x08007fa4                __udivmoddi4
 .text.__cvt    0x08008260       0xca /usr/lib/gcc/arm-none-eabi/14.2.0/../../../../arm-none-eabi/lib/thumb/v7e-m+fp/hard/libg_nano.a(libc_a-nano-vfprintf_float.o)
                0x08008260                __cvt
 .text.__exponent
                0x0800832a       0x74 /usr/lib/gcc/arm-none-eabi/14.2.0/../../../../arm-none-eabi/lib/thumb/v7e-m+fp/hard/libg_nano.a(libc_a-nano-vfprintf_float.o)
                0x0800832a                __exponent
 *fill*         0x0800839e        0x2 
 .text._printf_float
                0x080083a0      0x450 /usr/lib/gcc/arm-none-eabi/14.2.0/../../../../arm-none-eabi/lib/thumb/v7e-m+fp/hard/libg_nano.a(libc_a-nano-vfprintf_float.o)
                0x080083a0                _printf_float
 .text._printf_common
                0x080087f0       0xda /usr/lib/gcc/arm-none-eabi/14.2.0/../../../../arm-none-eabi/lib/thumb/v7e-m+fp/hard/libg_nano.a(libc_a-nano-vfprintf_i.o)
                0x080087f0                _printf_common
 *fill*         0x080088ca        0x2 
 .text._printf_i
                0x080088cc      0x240 /usr/lib/gcc/arm-none-eabi/14.2.0/../../../../arm-none-eabi/lib/thumb/v7e-m+fp/hard/libg_nano.a(libc_a-nano-vfprintf_i.o)
                0x080088cc                _printf_i
 .text.std      0x08008b0c       0x6c /usr/lib/gcc/arm-none-eabi/14.2.0/../../../../arm-none-eabi/lib/thumb/v7e-m+fp/hard/libg_nano.a(libc_a-findfp.o)
 .text.stdio_exit_handler
                0x08008b78       0x18 /usr/lib/gcc/arm-none-eabi/14.2.0/../../../../arm-none-eabi/lib/thumb/v7e-m+fp/hard/libg_nano.a(libc_a-findfp.o)
 .text.cleanup_stdio
                0x08008b90       0x40 /usr/lib/gcc/arm-none-eabi/14.2.0/../../../../arm-none-eabi/lib/thumb/v7e-m+fp/hard/libg_nano.a(libc_a-findfp.o)
 .text.global_stdio_init.part.0
                0x08008bd0       0x40 /usr/lib/gcc/arm-none-eabi/14.2.0/../../../../arm-none-eabi/lib/thumb/v7e-m+fp/hard/libg_nano.a(libc_a-findfp.o)
 .text.__sfp_lock_acquire
                0x08008c10        0xc /usr/lib/gcc/arm-none-eabi/14.2.0/../../../../arm-none-eabi/lib/thumb/v7e-m+fp/hard/libg_nano.a(libc_a-findfp.o)
                0x08008c10                __sfp_lock_acquire
 .text.__sfp_lock_release
                0x08008c1c        0xc /usr/lib/gcc/arm-none-eabi/14.2.0/../../../../arm-none-eabi/lib/thumb/v7e-m+fp/hard/libg_nano.a(libc_a-findfp.o)
                0x08008c1c                __sfp_lock_release
 .text.__sinit  0x08008c28       0x30 /usr/lib/gcc/arm-none-eabi/14.2.0/../../../../arm-none-eabi/lib/thumb/v7e-m+fp/hard/libg_nano.a(libc_a-findfp.o)
                0x08008c28                __sinit
 .text._fwalk_sglue
                0x08008c58       0x3c /usr/lib/gcc/arm-none-eabi/14.2.0/../../../../arm-none-eabi/lib/thumb/v7e-m+fp/hard/libg_nano.a(libc_a-fwalk.o)
                0x08008c58                _fwalk_sglue
 .text.printf   0x08008c94       0x24 /usr/lib/gcc/arm-none-eabi/14.2.0/../../../../arm-none-eabi/lib/thumb/v7e-m+fp/hard/libg_nano.a(libc_a-printf.o)
                0x08008c94                printf
                0x08008c94                iprintf
 .text._puts_r  0x08008cb8       0xaa /usr/lib/gcc/arm-none-eabi/14.2.0/../../../../arm-none-eabi/lib/thumb/v7e-m+fp/hard/libg_nano.a(libc_a-puts.o)
                0x08008cb8                _puts_r
 *fill*         0x08008d62        0x2 
 .text.puts     0x08008d64       0x10 /usr/lib/gcc/arm-none-eabi/14.2.0/../../../../arm-none-eabi/lib/thumb/v7e-m+fp/hard/libg_nano.a(libc_a-puts.o)
                0x08008d64                puts
 .text.__sread  0x08008d74       0x22 /usr/lib/gcc/arm-none-eabi/14.2.0/../../../../arm-none-eabi/lib/thumb/v7e-m+fp/hard/libg_nano.a(libc_a-stdio.o)
                0x08008d74                __sread
 .text.__swrite
                0x08008d96       0x38 /usr/lib/gcc/arm-none-eabi/14.2.0/../../../../arm-none-eabi/lib/thumb/v7e-m+fp/hard/libg_nano.a(libc_a-stdio.o)
                0x08008d96                __swrite
 .text.__sseek  0x08008dce       0x26 /usr/lib/gcc/arm-none-eabi/14.2.0/../../../../arm-none-eabi/lib/thumb/v7e-m+fp/hard/libg_nano.a(libc_a-stdio.o)
                0x08008dce                __sseek
 .text.__sclose
                0x08008df4        0x8 /usr/lib/gcc/arm-none-eabi/14.2.0/../../../../arm-none-eabi/lib/thumb/v7e-m+fp/hard/libg_nano.a(libc_a-stdio.o)
                0x08008df4                __sclose
 .text.__swbuf_r
                0x08008dfc       0x7c /usr/lib/gcc/arm-none-eabi/14.2.0/../../../../arm-none-eabi/lib/thumb/v7e-m+fp/hard/libg_nano.a(libc_a-wbuf.o)
                0x08008dfc                __swbuf_r
 .text.__swsetup_r
                0x08008e78       0xa8 /usr/lib/gcc/arm-none-eabi/14.2.0/../../../../arm-none-eabi/lib/thumb/v7e-m+fp/hard/libg_nano.a(libc_a-wsetup.o)
                0x08008e78                __swsetup_r
 .text.memset   0x08008f20       0x10 /usr/lib/gcc/arm-none-eabi/14.2.0/../../../../arm-none-eabi/lib/thumb/v7e-m+fp/hard/libg_nano.a(libc_a-memset.o)
                0x08008f20                memset
 .text._localeconv_r
                0x08008f30        0x8 /usr/lib/gcc/arm-none-eabi/14.2.0/../../../../arm-none-eabi/lib/thumb/v7e-m+fp/hard/libg_nano.a(libc_a-localeconv.o)
                0x08008f30                _localeconv_r
 .text._close_r
                0x08008f38       0x20 /usr/lib/gcc/arm-none-eabi/14.2.0/../../../../arm-none-eabi/lib/thumb/v7e-m+fp/hard/libg_nano.a(libc_a-closer.o)
                0x08008f38                _close_r
 .text._lseek_r
                0x08008f58       0x24 /usr/lib/gcc/arm-none-eabi/14.2.0/../../../../arm-none-eabi/lib/thumb/v7e-m+fp/hard/libg_nano.a(libc_a-lseekr.o)
                0x08008f58                _lseek_r
 .text._read_r  0x08008f7c       0x24 /usr/lib/gcc/arm-none-eabi/14.2.0/../../../../arm-none-eabi/lib/thumb/v7e-m+fp/hard/libg_nano.a(libc_a-readr.o)
                0x08008f7c                _read_r
 .text._write_r
                0x08008fa0       0x24 /usr/lib/gcc/arm-none-eabi/14.2.0/../../../../arm-none-eabi/lib/thumb/v7e-m+fp/hard/libg_nano.a(libc_a-writer.o)
                0x08008fa0                _write_r
 .text.__errno  0x08008fc4        0xc /usr/lib/gcc/arm-none-eabi/14.2.0/../../../../arm-none-eabi/lib/thumb/v7e-m+fp/hard/libg_nano.a(libc_a-errno.o)
                0x08008fc4                __errno
 .text.__libc_init_array
                0x08008fd0       0x48 /usr/lib/gcc/arm-none-eabi/14.2.0/../../../../arm-none-eabi/lib/thumb/v7e-m+fp/hard/libg_nano.a(libc_a-init.o)
                0x08008fd0                __libc_init_array
 .text.__retarget_lock_init_recursive
                0x08009018        0x2 /usr/lib/gcc/arm-none-eabi/14.2.0/../../../../arm-none-eabi/lib/thumb/v7e-m+fp/hard/libg_nano.a(libc_a-lock.o)
                0x08009018                __retarget_lock_init_recursive
 .text.__retarget_lock_acquire_recursive
                0x0800901a        0x2 /usr/lib/gcc/arm-none-eabi/14.2.0/../../../../arm-none-eabi/lib/thumb/v7e-m+fp/hard/libg_nano.a(libc_a-lock.o)
                0x0800901a                __retarget_lock_acquire_recursive
 .text.__retarget_lock_release_recursive
                0x0800901c        0x2 /usr/lib/gcc/arm-none-eabi/14.2.0/../../../../arm-none-eabi/lib/thumb/v7e-m+fp/hard/libg_nano.a(libc_a-lock.o)
                0x0800901c                __retarget_lock_release_recursive
 .text.quorem   0x0800901e      0x110 /usr/lib/gcc/arm-none-eabi/14.2.0/../../../../arm-none-eabi/lib/thumb/v7e-m+fp/hard/libg_nano.a(libc_a-dtoa.o)
 *fill*         0x0800912e        0x2 
 .text._dtoa_r  0x08009130      0xbc0 /usr/lib/gcc/arm-none-eabi/14.2.0/../../../../arm-none-eabi/lib/thumb/v7e-m+fp/hard/libg_nano.a(libc_a-dtoa.o)
                0x08009130                _dtoa_r
 .text._free_r  0x08009cf0       0x94 /usr/lib/gcc/arm-none-eabi/14.2.0/../../../../arm-none-eabi/lib/thumb/v7e-m+fp/hard/libg_nano.a(libc_a-freer.o)
                0x08009cf0                _free_r
 .text.malloc   0x08009d84       0x10 /usr/lib/gcc/arm-none-eabi/14.2.0/../../../../arm-none-eabi/lib/thumb/v7e-m+fp/hard/libg_nano.a(libc_a-malloc.o)
                0x08009d84                malloc
 .text.sbrk_aligned
                0x08009d94       0x44 /usr/lib/gcc/arm-none-eabi/14.2.0/../../../../arm-none-eabi/lib/thumb/v7e-m+fp/hard/libg_nano.a(libc_a-mallocr.o)
 .text._malloc_r
                0x08009dd8      0x100 /usr/lib/gcc/arm-none-eabi/14.2.0/../../../../arm-none-eabi/lib/thumb/v7e-m+fp/hard/libg_nano.a(libc_a-mallocr.o)
                0x08009dd8                _malloc_r
 .text.__malloc_lock
                0x08009ed8        0xc /usr/lib/gcc/arm-none-eabi/14.2.0/../../../../arm-none-eabi/lib/thumb/v7e-m+fp/hard/libg_nano.a(libc_a-mlock.o)
                0x08009ed8                __malloc_lock
 .text.__malloc_unlock
                0x08009ee4        0xc /usr/lib/gcc/arm-none-eabi/14.2.0/../../../../arm-none-eabi/lib/thumb/v7e-m+fp/hard/libg_nano.a(libc_a-mlock.o)
                0x08009ee4                __malloc_unlock
 .text._Balloc  0x08009ef0       0x7c /usr/lib/gcc/arm-none-eabi/14.2.0/../../../../arm-none-eabi/lib/thumb/v7e-m+fp/hard/libg_nano.a(libc_a-mprec.o)
                0x08009ef0                _Balloc
 .text._Bfree   0x08009f6c       0x44 /usr/lib/gcc/arm-none-eabi/14.2.0/../../../../arm-none-eabi/lib/thumb/v7e-m+fp/hard/libg_nano.a(libc_a-mprec.o)
                0x08009f6c                _Bfree
 .text.__multadd
                0x08009fb0       0x8c /usr/lib/gcc/arm-none-eabi/14.2.0/../../../../arm-none-eabi/lib/thumb/v7e-m+fp/hard/libg_nano.a(libc_a-mprec.o)
                0x08009fb0                __multadd
 .text.__hi0bits
                0x0800a03c       0x3e /usr/lib/gcc/arm-none-eabi/14.2.0/../../../../arm-none-eabi/lib/thumb/v7e-m+fp/hard/libg_nano.a(libc_a-mprec.o)
                0x0800a03c                __hi0bits
 .text.__lo0bits
                0x0800a07a       0x5a /usr/lib/gcc/arm-none-eabi/14.2.0/../../../../arm-none-eabi/lib/thumb/v7e-m+fp/hard/libg_nano.a(libc_a-mprec.o)
                0x0800a07a                __lo0bits
 .text.__i2b    0x0800a0d4       0x2c /usr/lib/gcc/arm-none-eabi/14.2.0/../../../../arm-none-eabi/lib/thumb/v7e-m+fp/hard/libg_nano.a(libc_a-mprec.o)
                0x0800a0d4                __i2b
 .text.__multiply
                0x0800a100      0x154 /usr/lib/gcc/arm-none-eabi/14.2.0/../../../../arm-none-eabi/lib/thumb/v7e-m+fp/hard/libg_nano.a(libc_a-mprec.o)
                0x0800a100                __multiply
 .text.__pow5mult
                0x0800a254       0xb8 /usr/lib/gcc/arm-none-eabi/14.2.0/../../../../arm-none-eabi/lib/thumb/v7e-m+fp/hard/libg_nano.a(libc_a-mprec.o)
                0x0800a254                __pow5mult
 .text.__lshift
                0x0800a30c       0xdc /usr/lib/gcc/arm-none-eabi/14.2.0/../../../../arm-none-eabi/lib/thumb/v7e-m+fp/hard/libg_nano.a(libc_a-mprec.o)
                0x0800a30c                __lshift
 .text.__mcmp   0x0800a3e8       0x36 /usr/lib/gcc/arm-none-eabi/14.2.0/../../../../arm-none-eabi/lib/thumb/v7e-m+fp/hard/libg_nano.a(libc_a-mprec.o)
                0x0800a3e8                __mcmp
 *fill*         0x0800a41e        0x2 
 .text.__mdiff  0x0800a420      0x130 /usr/lib/gcc/arm-none-eabi/14.2.0/../../../../arm-none-eabi/lib/thumb/v7e-m+fp/hard/libg_nano.a(libc_a-mprec.o)
                0x0800a420                __mdiff
 .text.__d2b    0x0800a550       0xb0 /usr/lib/gcc/arm-none-eabi/14.2.0/../../../../arm-none-eabi/lib/thumb/v7e-m+fp/hard/libg_nano.a(libc_a-mprec.o)
                0x0800a550                __d2b
 .text.__sfputc_r
                0x0800a600       0x2e /usr/lib/gcc/arm-none-eabi/14.2.0/../../../../arm-none-eabi/lib/thumb/v7e-m+fp/hard/libg_nano.a(libc_a-nano-vfprintf.o)
 .text.__sfputs_r
                0x0800a62e       0x24 /usr/lib/gcc/arm-none-eabi/14.2.0/../../../../arm-none-eabi/lib/thumb/v7e-m+fp/hard/libg_nano.a(libc_a-nano-vfprintf.o)
                0x0800a62e                __sfputs_r
 *fill*         0x0800a652        0x2 
 .text._vfprintf_r
                0x0800a654      0x230 /usr/lib/gcc/arm-none-eabi/14.2.0/../../../../arm-none-eabi/lib/thumb/v7e-m+fp/hard/libg_nano.a(libc_a-nano-vfprintf.o)
                0x0800a654                _vfiprintf_r
                0x0800a654                _vfprintf_r
 .text.__sflush_r
                0x0800a884      0x104 /usr/lib/gcc/arm-none-eabi/14.2.0/../../../../arm-none-eabi/lib/thumb/v7e-m+fp/hard/libg_nano.a(libc_a-fflush.o)
                0x0800a884                __sflush_r
 .text._fflush_r
                0x0800a988       0x50 /usr/lib/gcc/arm-none-eabi/14.2.0/../../../../arm-none-eabi/lib/thumb/v7e-m+fp/hard/libg_nano.a(libc_a-fflush.o)
                0x0800a988                _fflush_r
 .text.__swhatbuf_r
                0x0800a9d8       0x48 /usr/lib/gcc/arm-none-eabi/14.2.0/../../../../arm-none-eabi/lib/thumb/v7e-m+fp/hard/libg_nano.a(libc_a-makebuf.o)
                0x0800a9d8                __swhatbuf_r
 .text.__smakebuf_r
                0x0800aa20       0x72 /usr/lib/gcc/arm-none-eabi/14.2.0/../../../../arm-none-eabi/lib/thumb/v7e-m+fp/hard/libg_nano.a(libc_a-makebuf.o)
                0x0800aa20                __smakebuf_r
 *fill*         0x0800aa92        0x2 
 .text._fstat_r
                0x0800aa94       0x24 /usr/lib/gcc/arm-none-eabi/14.2.0/../../../../arm-none-eabi/lib/thumb/v7e-m+fp/hard/libg_nano.a(libc_a-fstatr.o)
                0x0800aa94                _fstat_r
 .text._isatty_r
                0x0800aab8       0x20 /usr/lib/gcc/arm-none-eabi/14.2.0/../../../../arm-none-eabi/lib/thumb/v7e-m+fp/hard/libg_nano.a(libc_a-isattyr.o)
                0x0800aab8                _isatty_r
 .text._sbrk_r  0x0800aad8       0x20 /usr/lib/gcc/arm-none-eabi/14.2.0/../../../../arm-none-eabi/lib/thumb/v7e-m+fp/hard/libg_nano.a(libc_a-sbrkr.o)
                0x0800aad8                _sbrk_r
 .text.memcpy   0x0800aaf8       0x1c /usr/lib/gcc/arm-none-eabi/14.2.0/../../../../arm-none-eabi/lib/thumb/v7e-m+fp/hard/libg_nano.a(libc_a-memcpy-stub.o)
                0x0800aaf8                memcpy
 .text.__assert_func
                0x0800ab14       0x3c /usr/lib/gcc/arm-none-eabi/14.2.0/../../../../arm-none-eabi/lib/thumb/v7e-m+fp/hard/libg_nano.a(libc_a-assert.o)
                0x0800ab14                __assert_func
 .text._calloc_r
                0x0800ab50       0x28 /usr/lib/gcc/arm-none-eabi/14.2.0/../../../../arm-none-eabi/lib/thumb/v7e-m+fp/hard/libg_nano.a(libc_a-callocr.o)
                0x0800ab50                _calloc_r
 .text.__ascii_mbtowc
                0x0800ab78       0x24 /usr/lib/gcc/arm-none-eabi/14.2.0/../../../../arm-none-eabi/lib/thumb/v7e-m+fp/hard/libg_nano.a(libc_a-mbtowc_r.o)
                0x0800ab78                __ascii_mbtowc
 .text.__ascii_wctomb
                0x0800ab9c       0x1a /usr/lib/gcc/arm-none-eabi/14.2.0/../../../../arm-none-eabi/lib/thumb/v7e-m+fp/hard/libg_nano.a(libc_a-wctomb_r.o)
                0x0800ab9c                __ascii_wctomb
 *fill*         0x0800abb6        0x2 
 .text.fprintf  0x0800abb8       0x24 /usr/lib/gcc/arm-none-eabi/14.2.0/../../../../arm-none-eabi/lib/thumb/v7e-m+fp/hard/libg_nano.a(libc_a-fprintf.o)
                0x0800abb8                fprintf
                0x0800abb8                fiprintf
 .text.abort    0x0800abdc        0xe /usr/lib/gcc/arm-none-eabi/14.2.0/../../../../arm-none-eabi/lib/thumb/v7e-m+fp/hard/libg_nano.a(libc_a-abort.o)
                0x0800abdc                abort
 .text._raise_r
                0x0800abea       0x50 /usr/lib/gcc/arm-none-eabi/14.2.0/../../../../arm-none-eabi/lib/thumb/v7e-m+fp/hard/libg_nano.a(libc_a-signal.o)
                0x0800abea                _raise_r
 *fill*         0x0800ac3a        0x2 
 .text.raise    0x0800ac3c       0x10 /usr/lib/gcc/arm-none-eabi/14.2.0/../../../../arm-none-eabi/lib/thumb/v7e-m+fp/hard/libg_nano.a(libc_a-signal.o)
                0x0800ac3c                raise
 .text._kill_r  0x0800ac4c       0x24 /usr/lib/gcc/arm-none-eabi/14.2.0/../../../../arm-none-eabi/lib/thumb/v7e-m+fp/hard/libg_nano.a(libc_a-signalr.o)
                0x0800ac4c                _kill_r
 .text._getpid_r
                0x0800ac70        0x4 /usr/lib/gcc/arm-none-eabi/14.2.0/../../../../arm-none-eabi/lib/thumb/v7e-m+fp/hard/libg_nano.a(libc_a-signalr.o)
                0x0800ac70                _getpid_r
 *(.glue_7)
 .glue_7        0x0800ac74        0x0 linker stubs
 *(.glue_7t)
 .glue_7t       0x0800ac74        0x0 linker stubs
 *(.eh_frame)
 .eh_frame      0x0800ac74        0x0 /usr/lib/gcc/arm-none-eabi/14.2.0/thumb/v7e-m+fp/hard/crtbegin.o
 *(.init)
 .init          0x0800ac74        0x4 /usr/lib/gcc/arm-none-eabi/14.2.0/thumb/v7e-m+fp/hard/crti.o
                0x0800ac74                _init
 .init          0x0800ac78        0x8 /usr/lib/gcc/arm-none-eabi/14.2.0/thumb/v7e-m+fp/hard/crtn.o
 *(.fini)
 .fini          0x0800ac80        0x4 /usr/lib/gcc/arm-none-eabi/14.2.0/thumb/v7e-m+fp/hard/crti.o
                0x0800ac80                _fini
 .fini          0x0800ac84        0x8 /usr/lib/gcc/arm-none-eabi/14.2.0/thumb/v7e-m+fp/hard/crtn.o
                0x0800ac8c                        . = ALIGN (0x4)
                0x0800ac8c                        _etext = .

.vfp11_veneer   0x0800ac8c        0x0
 .vfp11_veneer  0x0800ac8c        0x0 linker stubs

.v4_bx          0x0800ac8c        0x0
 .v4_bx         0x0800ac8c        0x0 linker stubs

.iplt           0x0800ac8c        0x0
 .iplt          0x0800ac8c        0x0 /usr/lib/gcc/arm-none-eabi/14.2.0/thumb/v7e-m+fp/hard/crtbegin.o

.rodata         0x0800ac90      0x6fc
                0x0800ac90                        . = ALIGN (0x4)
 *(.rodata)
 .rodata        0x0800ac90      0x25d CMakeFiles/V2.2_F407.dir/Core/Src/main.c.obj
 *(.rodata*)
 *fill*         0x0800aeed        0x3 
 .rodata.OV2640_SVGA_Init
                0x0800aef0       0x96 CMakeFiles/V2.2_F407.dir/Core/Src/ov2640.c.obj
                0x0800aef0                OV2640_SVGA_Init
 *fill*         0x0800af86        0x2 
 .rodata.OV2640_JPEG_Init
                0x0800af88       0x22 CMakeFiles/V2.2_F407.dir/Core/Src/ov2640.c.obj
                0x0800af88                OV2640_JPEG_Init
 *fill*         0x0800afaa        0x2 
 .rodata.OV2640_JPEG_QQVGA
                0x0800afac       0x3c CMakeFiles/V2.2_F407.dir/Core/Src/ov2640.c.obj
                0x0800afac                OV2640_JPEG_QQVGA
 .rodata.OV2640_JPEG_QVGA
                0x0800afe8       0x3c CMakeFiles/V2.2_F407.dir/Core/Src/ov2640.c.obj
                0x0800afe8                OV2640_JPEG_QVGA
 .rodata.AHBPrescTable
                0x0800b024       0x10 cmake/stm32cubemx/CMakeFiles/STM32_Drivers.dir/__/__/Core/Src/system_stm32f4xx.c.obj
                0x0800b024                AHBPrescTable
 .rodata.APBPrescTable
                0x0800b034        0x8 cmake/stm32cubemx/CMakeFiles/STM32_Drivers.dir/__/__/Core/Src/system_stm32f4xx.c.obj
                0x0800b034                APBPrescTable
 .rodata.flagBitshiftOffset.0
                0x0800b03c        0x8 cmake/stm32cubemx/CMakeFiles/STM32_Drivers.dir/__/__/Drivers/STM32F4xx_HAL_Driver/Src/stm32f4xx_hal_dma.c.obj
 .rodata._printf_float.str1.1
                0x0800b044      0x145 /usr/lib/gcc/arm-none-eabi/14.2.0/../../../../arm-none-eabi/lib/thumb/v7e-m+fp/hard/libg_nano.a(libc_a-nano-vfprintf_float.o)
                                 0x12 (size before relaxing)
 .rodata._printf_i.str1.1
                0x0800b189       0x22 /usr/lib/gcc/arm-none-eabi/14.2.0/../../../../arm-none-eabi/lib/thumb/v7e-m+fp/hard/libg_nano.a(libc_a-nano-vfprintf_i.o)
 .rodata._dtoa_r.str1.1
                0x0800b189       0x79 /usr/lib/gcc/arm-none-eabi/14.2.0/../../../../arm-none-eabi/lib/thumb/v7e-m+fp/hard/libg_nano.a(libc_a-dtoa.o)
 .rodata._Balloc.str1.1
                0x0800b189       0x5a /usr/lib/gcc/arm-none-eabi/14.2.0/../../../../arm-none-eabi/lib/thumb/v7e-m+fp/hard/libg_nano.a(libc_a-mprec.o)
 .rodata.__multadd.str1.1
                0x0800b189       0x11 /usr/lib/gcc/arm-none-eabi/14.2.0/../../../../arm-none-eabi/lib/thumb/v7e-m+fp/hard/libg_nano.a(libc_a-mprec.o)
 *fill*         0x0800b189        0x3 
 .rodata.p05.0  0x0800b18c        0xc /usr/lib/gcc/arm-none-eabi/14.2.0/../../../../arm-none-eabi/lib/thumb/v7e-m+fp/hard/libg_nano.a(libc_a-mprec.o)
 .rodata.__mprec_bigtens
                0x0800b198       0x28 /usr/lib/gcc/arm-none-eabi/14.2.0/../../../../arm-none-eabi/lib/thumb/v7e-m+fp/hard/libg_nano.a(libc_a-mprec.o)
                0x0800b198                __mprec_bigtens
 .rodata.__mprec_tens
                0x0800b1c0       0xc8 /usr/lib/gcc/arm-none-eabi/14.2.0/../../../../arm-none-eabi/lib/thumb/v7e-m+fp/hard/libg_nano.a(libc_a-mprec.o)
                0x0800b1c0                __mprec_tens
 .rodata._vfprintf_r.str1.1
                0x0800b288       0x11 /usr/lib/gcc/arm-none-eabi/14.2.0/../../../../arm-none-eabi/lib/thumb/v7e-m+fp/hard/libg_nano.a(libc_a-nano-vfprintf.o)
 .rodata._setlocale_r.str1.1
                0x0800b288        0x9 /usr/lib/gcc/arm-none-eabi/14.2.0/../../../../arm-none-eabi/lib/thumb/v7e-m+fp/hard/libg_nano.a(libc_a-locale.o)
 .rodata.str1.1
                0x0800b288        0x2 /usr/lib/gcc/arm-none-eabi/14.2.0/../../../../arm-none-eabi/lib/thumb/v7e-m+fp/hard/libg_nano.a(libc_a-locale.o)
 .rodata.__assert_func.str1.1
                0x0800b288       0x3d /usr/lib/gcc/arm-none-eabi/14.2.0/../../../../arm-none-eabi/lib/thumb/v7e-m+fp/hard/libg_nano.a(libc_a-assert.o)
 .rodata._ctype_
                0x0800b288      0x101 /usr/lib/gcc/arm-none-eabi/14.2.0/../../../../arm-none-eabi/lib/thumb/v7e-m+fp/hard/libg_nano.a(libc_a-ctype_.o)
                0x0800b288                _ctype_
                0x0800b38c                        . = ALIGN (0x4)
 *fill*         0x0800b389        0x3 

.ARM.extab      0x0800b38c        0x0
                0x0800b38c                        . = ALIGN (0x4)
 *(.ARM.extab* .gnu.linkonce.armextab.*)
                0x0800b38c                        . = ALIGN (0x4)

.ARM            0x0800b38c        0x8
                0x0800b38c                        . = ALIGN (0x4)
                0x0800b38c                        __exidx_start = .
 *(.ARM.exidx*)
 .ARM.exidx     0x0800b38c        0x8 /usr/lib/gcc/arm-none-eabi/14.2.0/../../../../arm-none-eabi/lib/thumb/v7e-m+fp/hard/libg_nano.a(libc_a-memchr.o)
 .ARM.exidx     0x0800b394        0x0 /usr/lib/gcc/arm-none-eabi/14.2.0/../../../../arm-none-eabi/lib/thumb/v7e-m+fp/hard/libg_nano.a(libc_a-strlen.o)
                                  0x8 (size before relaxing)
 .ARM.exidx.text.__udivmoddi4
                0x0800b394        0x0 /usr/lib/gcc/arm-none-eabi/14.2.0/thumb/v7e-m+fp/hard/libgcc.a(_udivmoddi4.o)
                                  0x8 (size before relaxing)
                0x0800b394                        __exidx_end = .
                0x0800b394                        . = ALIGN (0x4)

.preinit_array  0x0800b394        0x0
                0x0800b394                        . = ALIGN (0x4)
                0x0800b394                        PROVIDE (__preinit_array_start = .)
 *(.preinit_array*)
                0x0800b394                        PROVIDE (__preinit_array_end = .)
                0x0800b394                        . = ALIGN (0x4)

.init_array     0x0800b394        0x4
                0x0800b394                        . = ALIGN (0x4)
                0x0800b394                        PROVIDE (__init_array_start = .)
 *(SORT_BY_NAME(.init_array.*))
 *(.init_array*)
 .init_array    0x0800b394        0x4 /usr/lib/gcc/arm-none-eabi/14.2.0/thumb/v7e-m+fp/hard/crtbegin.o
                0x0800b398                        PROVIDE (__init_array_end = .)
                0x0800b398                        . = ALIGN (0x4)

.fini_array     0x0800b398        0x4
                0x0800b398                        . = ALIGN (0x4)
                0x0800b398                        PROVIDE (__fini_array_start = .)
 *(SORT_BY_NAME(.fini_array.*))
 *(.fini_array*)
 .fini_array    0x0800b398        0x4 /usr/lib/gcc/arm-none-eabi/14.2.0/thumb/v7e-m+fp/hard/crtbegin.o
                0x0800b39c                        PROVIDE (__fini_array_end = .)
                0x0800b39c                        . = ALIGN (0x4)
                0x0800b39c                        _siccmram = LOADADDR (.ccmram)

.rel.dyn        0x0800b39c        0x0
 .rel.iplt      0x0800b39c        0x0 /usr/lib/gcc/arm-none-eabi/14.2.0/thumb/v7e-m+fp/hard/crtbegin.o

.ccmram         0x10000000        0x0 load address 0x0800b39c
                0x10000000                        . = ALIGN (0x4)
                0x10000000                        _sccmram = .
 *(.ccmram)
 *(.ccmram*)
                0x10000000                        . = ALIGN (0x4)
                0x10000000                        _eccmram = .
                0x0800b39c                        _sidata = LOADADDR (.data)

.data           0x20000000      0x1d8 load address 0x0800b39c
                0x20000000                        . = ALIGN (0x4)
                0x20000000                        _sdata = .
 *(.data)
 *(.data*)
 .data.currentTiltAngle
                0x20000000        0x4 CMakeFiles/V2.2_F407.dir/Core/Src/main.c.obj
                0x20000000                currentTiltAngle
 .data.SystemCoreClock
                0x20000004        0x4 cmake/stm32cubemx/CMakeFiles/STM32_Drivers.dir/__/__/Core/Src/system_stm32f4xx.c.obj
                0x20000004                SystemCoreClock
 .data.uwTickPrio
                0x20000008        0x4 cmake/stm32cubemx/CMakeFiles/STM32_Drivers.dir/__/__/Drivers/STM32F4xx_HAL_Driver/Src/stm32f4xx_hal.c.obj
                0x20000008                uwTickPrio
 .data.uwTickFreq
                0x2000000c        0x1 cmake/stm32cubemx/CMakeFiles/STM32_Drivers.dir/__/__/Drivers/STM32F4xx_HAL_Driver/Src/stm32f4xx_hal.c.obj
                0x2000000c                uwTickFreq
 *fill*         0x2000000d        0x3 
 .data.__sglue  0x20000010        0xc /usr/lib/gcc/arm-none-eabi/14.2.0/../../../../arm-none-eabi/lib/thumb/v7e-m+fp/hard/libg_nano.a(libc_a-findfp.o)
                0x20000010                __sglue
 .data._impure_ptr
                0x2000001c        0x4 /usr/lib/gcc/arm-none-eabi/14.2.0/../../../../arm-none-eabi/lib/thumb/v7e-m+fp/hard/libg_nano.a(libc_a-impure.o)
                0x2000001c                _impure_ptr
 .data._impure_data
                0x20000020       0x4c /usr/lib/gcc/arm-none-eabi/14.2.0/../../../../arm-none-eabi/lib/thumb/v7e-m+fp/hard/libg_nano.a(libc_a-impure.o)
                0x20000020                _impure_data
 .data.__global_locale
                0x2000006c      0x16c /usr/lib/gcc/arm-none-eabi/14.2.0/../../../../arm-none-eabi/lib/thumb/v7e-m+fp/hard/libg_nano.a(libc_a-locale.o)
                0x2000006c                __global_locale
 *(.RamFunc)
 *(.RamFunc*)
                0x200001d8                        . = ALIGN (0x4)

.igot.plt       0x200001d8        0x0 load address 0x0800b574
 .igot.plt      0x200001d8        0x0 /usr/lib/gcc/arm-none-eabi/14.2.0/thumb/v7e-m+fp/hard/crtbegin.o

.tdata          0x200001d8        0x0 load address 0x0800b574
 *(.tdata .tdata.* .gnu.linkonce.td.*)
                0x200001d8                        . = ALIGN (0x4)
                0x200001d8                        _edata = .
                [!provide]                        PROVIDE (__data_end = .)
                [!provide]                        PROVIDE (__tdata_end = .)
                [!provide]                        PROVIDE (__tdata_start = ADDR (.tdata))
                [!provide]                        PROVIDE (__tdata_size = (__tdata_end - __tdata_start))
                [!provide]                        PROVIDE (__data_start = ADDR (.data))
                [!provide]                        PROVIDE (__data_size = (__data_end - __data_start))
                [!provide]                        PROVIDE (__tdata_source = LOADADDR (.tdata))
                [!provide]                        PROVIDE (__tdata_source_end = (LOADADDR (.tdata) + SIZEOF (.tdata)))
                [!provide]                        PROVIDE (__tdata_source_size = (__tdata_source_end - __tdata_source))
                [!provide]                        PROVIDE (__data_source = LOADADDR (.data))
                [!provide]                        PROVIDE (__data_source_end = __tdata_source_end)
                [!provide]                        PROVIDE (__data_source_size = (__data_source_end - __data_source))

.tbss           0x200001d8        0x0 load address 0x0800b574
                0x200001d8                        _sbss = .
                0x200001d8                        __bss_start__ = _sbss
 *(.tbss .tbss.*)
                0x200001d8                        . = ALIGN (0x4)
                [!provide]                        PROVIDE (__tbss_end = .)
                [!provide]                        PROVIDE (__tbss_start = ADDR (.tbss))
                [!provide]                        PROVIDE (__tbss_size = (__tbss_end - __tbss_start))
                [!provide]                        PROVIDE (__tbss_offset = (ADDR (.tbss) - ADDR (.tdata)))
                [!provide]                        PROVIDE (__tls_base = __tdata_start)
                [!provide]                        PROVIDE (__tls_end = __tbss_end)
                [!provide]                        PROVIDE (__tls_size = (__tls_end - __tls_base))
                [!provide]                        PROVIDE (__tls_align = MAX (ALIGNOF (.tdata), ALIGNOF (.tbss)))
                [!provide]                        PROVIDE (__tls_size_align = (((__tls_size + __tls_align) - 0x1) & ~ ((__tls_align - 0x1))))
                [!provide]                        PROVIDE (__arm32_tls_tcb_offset = MAX (0x8, __tls_align))
                [!provide]                        PROVIDE (__arm64_tls_tcb_offset = MAX (0x10, __tls_align))

.bss            0x200001d8     0x2b58 load address 0x0800b574
 *(.bss)
 *(.bss*)
 .bss.completed.1
                0x200001d8        0x1 /usr/lib/gcc/arm-none-eabi/14.2.0/thumb/v7e-m+fp/hard/crtbegin.o
 *fill*         0x200001d9        0x3 
 .bss.object.0  0x200001dc       0x18 /usr/lib/gcc/arm-none-eabi/14.2.0/thumb/v7e-m+fp/hard/crtbegin.o
 .bss.imageBuffer
                0x200001f4     0x2800 CMakeFiles/V2.2_F407.dir/Core/Src/main.c.obj
                0x200001f4                imageBuffer
 .bss.currentPanAngle
                0x200029f4        0x4 CMakeFiles/V2.2_F407.dir/Core/Src/main.c.obj
                0x200029f4                currentPanAngle
 .bss.hdcmi     0x200029f8       0x40 CMakeFiles/V2.2_F407.dir/Core/Src/dcmi.c.obj
                0x200029f8                hdcmi
 .bss.hdma_dcmi
                0x20002a38       0x60 CMakeFiles/V2.2_F407.dir/Core/Src/dcmi.c.obj
                0x20002a38                hdma_dcmi
 .bss.hi2c2     0x20002a98       0x54 CMakeFiles/V2.2_F407.dir/Core/Src/i2c.c.obj
                0x20002a98                hi2c2
 .bss.htim3     0x20002aec       0x48 CMakeFiles/V2.2_F407.dir/Core/Src/tim.c.obj
                0x20002aec                htim3
 .bss.htim4     0x20002b34       0x48 CMakeFiles/V2.2_F407.dir/Core/Src/tim.c.obj
                0x20002b34                htim4
 .bss.huart1    0x20002b7c       0x48 CMakeFiles/V2.2_F407.dir/Core/Src/usart.c.obj
                0x20002b7c                huart1
 .bss.__sbrk_heap_end
                0x20002bc4        0x4 CMakeFiles/V2.2_F407.dir/Core/Src/sysmem.c.obj
 .bss.capture1  0x20002bc8        0x4 CMakeFiles/V2.2_F407.dir/Core/Src/hcsr04.c.obj
 .bss.capture2  0x20002bcc        0x4 CMakeFiles/V2.2_F407.dir/Core/Src/hcsr04.c.obj
 .bss.captureFlag
                0x20002bd0        0x1 CMakeFiles/V2.2_F407.dir/Core/Src/hcsr04.c.obj
 .bss.measureStatus
                0x20002bd1        0x1 CMakeFiles/V2.2_F407.dir/Core/Src/hcsr04.c.obj
 *fill*         0x20002bd2        0x2 
 .bss.distance_cm
                0x20002bd4        0x4 CMakeFiles/V2.2_F407.dir/Core/Src/hcsr04.c.obj
 .bss.timeoutCounter
                0x20002bd8        0x4 CMakeFiles/V2.2_F407.dir/Core/Src/hcsr04.c.obj
 .bss.currentFormat
                0x20002bdc        0x1 CMakeFiles/V2.2_F407.dir/Core/Src/ov2640.c.obj
 *fill*         0x20002bdd        0x3 
 .bss.uwTick    0x20002be0        0x4 cmake/stm32cubemx/CMakeFiles/STM32_Drivers.dir/__/__/Drivers/STM32F4xx_HAL_Driver/Src/stm32f4xx_hal.c.obj
                0x20002be0                uwTick
 .bss.__sf      0x20002be4      0x138 /usr/lib/gcc/arm-none-eabi/14.2.0/../../../../arm-none-eabi/lib/thumb/v7e-m+fp/hard/libg_nano.a(libc_a-findfp.o)
                0x20002be4                __sf
 .bss.__stdio_exit_handler
                0x20002d1c        0x4 /usr/lib/gcc/arm-none-eabi/14.2.0/../../../../arm-none-eabi/lib/thumb/v7e-m+fp/hard/libg_nano.a(libc_a-findfp.o)
                0x20002d1c                __stdio_exit_handler
 .bss.errno     0x20002d20        0x4 /usr/lib/gcc/arm-none-eabi/14.2.0/../../../../arm-none-eabi/lib/thumb/v7e-m+fp/hard/libg_nano.a(libc_a-reent.o)
                0x20002d20                errno
 .bss.__lock___malloc_recursive_mutex
                0x20002d24        0x1 /usr/lib/gcc/arm-none-eabi/14.2.0/../../../../arm-none-eabi/lib/thumb/v7e-m+fp/hard/libg_nano.a(libc_a-lock.o)
                0x20002d24                __lock___malloc_recursive_mutex
 .bss.__lock___sfp_recursive_mutex
                0x20002d25        0x1 /usr/lib/gcc/arm-none-eabi/14.2.0/../../../../arm-none-eabi/lib/thumb/v7e-m+fp/hard/libg_nano.a(libc_a-lock.o)
                0x20002d25                __lock___sfp_recursive_mutex
 *fill*         0x20002d26        0x2 
 .bss.__malloc_sbrk_start
                0x20002d28        0x4 /usr/lib/gcc/arm-none-eabi/14.2.0/../../../../arm-none-eabi/lib/thumb/v7e-m+fp/hard/libg_nano.a(libc_a-mallocr.o)
                0x20002d28                __malloc_sbrk_start
 .bss.__malloc_free_list
                0x20002d2c        0x4 /usr/lib/gcc/arm-none-eabi/14.2.0/../../../../arm-none-eabi/lib/thumb/v7e-m+fp/hard/libg_nano.a(libc_a-mallocr.o)
                0x20002d2c                __malloc_free_list
 *(COMMON)
                0x20002d30                        . = ALIGN (0x4)
                0x20002d30                        _ebss = .
                0x20002d30                        __bss_end__ = _ebss
                [!provide]                        PROVIDE (__bss_end = .)
                [!provide]                        PROVIDE (__non_tls_bss_start = ADDR (.bss))
                [!provide]                        PROVIDE (__bss_start = __tbss_start)
                [!provide]                        PROVIDE (__bss_size = (__bss_end - __bss_start))

._user_heap_stack
                0x20002d30     0x5000 load address 0x0800b574
                0x20002d30                        . = ALIGN (0x8)
                [!provide]                        PROVIDE (end = .)
                0x20002d30                        PROVIDE (_end = .)
                0x20006d30                        . = (. + _Min_Heap_Size)
 *fill*         0x20002d30     0x4000 
                0x20007d30                        . = (. + _Min_Stack_Size)
 *fill*         0x20006d30     0x1000 
                0x20007d30                        . = ALIGN (0x8)

/DISCARD/
 libc.a:*(*)
 libm.a:*(*)
 libgcc.a:*(*)
OUTPUT(V2.2_F407.elf elf32-littlearm)
LOAD linker stubs

.ARM.attributes
                0x00000000       0x30
 .ARM.attributes
                0x00000000       0x22 /usr/lib/gcc/arm-none-eabi/14.2.0/thumb/v7e-m+fp/hard/crti.o
 .ARM.attributes
                0x00000022       0x34 /usr/lib/gcc/arm-none-eabi/14.2.0/thumb/v7e-m+fp/hard/crtbegin.o
 .ARM.attributes
                0x00000056       0x34 CMakeFiles/V2.2_F407.dir/Core/Src/main.c.obj
 .ARM.attributes
                0x0000008a       0x34 CMakeFiles/V2.2_F407.dir/Core/Src/gpio.c.obj
 .ARM.attributes
                0x000000be       0x34 CMakeFiles/V2.2_F407.dir/Core/Src/dcmi.c.obj
 .ARM.attributes
                0x000000f2       0x34 CMakeFiles/V2.2_F407.dir/Core/Src/dma.c.obj
 .ARM.attributes
                0x00000126       0x34 CMakeFiles/V2.2_F407.dir/Core/Src/i2c.c.obj
 .ARM.attributes
                0x0000015a       0x34 CMakeFiles/V2.2_F407.dir/Core/Src/tim.c.obj
 .ARM.attributes
                0x0000018e       0x34 CMakeFiles/V2.2_F407.dir/Core/Src/usart.c.obj
 .ARM.attributes
                0x000001c2       0x34 CMakeFiles/V2.2_F407.dir/Core/Src/stm32f4xx_it.c.obj
 .ARM.attributes
                0x000001f6       0x34 CMakeFiles/V2.2_F407.dir/Core/Src/stm32f4xx_hal_msp.c.obj
 .ARM.attributes
                0x0000022a       0x34 CMakeFiles/V2.2_F407.dir/Core/Src/sysmem.c.obj
 .ARM.attributes
                0x0000025e       0x34 CMakeFiles/V2.2_F407.dir/Core/Src/syscalls.c.obj
 .ARM.attributes
                0x00000292       0x21 CMakeFiles/V2.2_F407.dir/startup_stm32f407xx.s.obj
 .ARM.attributes
                0x000002b3       0x34 CMakeFiles/V2.2_F407.dir/Core/Src/servo_driver.c.obj
 .ARM.attributes
                0x000002e7       0x34 CMakeFiles/V2.2_F407.dir/Core/Src/hcsr04.c.obj
 .ARM.attributes
                0x0000031b       0x34 CMakeFiles/V2.2_F407.dir/Core/Src/ov2640.c.obj
 .ARM.attributes
                0x0000034f       0x34 cmake/stm32cubemx/CMakeFiles/STM32_Drivers.dir/__/__/Core/Src/system_stm32f4xx.c.obj
 .ARM.attributes
                0x00000383       0x34 cmake/stm32cubemx/CMakeFiles/STM32_Drivers.dir/__/__/Drivers/STM32F4xx_HAL_Driver/Src/stm32f4xx_hal_dcmi.c.obj
 .ARM.attributes
                0x000003b7       0x34 cmake/stm32cubemx/CMakeFiles/STM32_Drivers.dir/__/__/Drivers/STM32F4xx_HAL_Driver/Src/stm32f4xx_hal_dcmi_ex.c.obj
 .ARM.attributes
                0x000003eb       0x34 cmake/stm32cubemx/CMakeFiles/STM32_Drivers.dir/__/__/Drivers/STM32F4xx_HAL_Driver/Src/stm32f4xx_hal_rcc.c.obj
 .ARM.attributes
                0x0000041f       0x34 cmake/stm32cubemx/CMakeFiles/STM32_Drivers.dir/__/__/Drivers/STM32F4xx_HAL_Driver/Src/stm32f4xx_hal_gpio.c.obj
 .ARM.attributes
                0x00000453       0x34 cmake/stm32cubemx/CMakeFiles/STM32_Drivers.dir/__/__/Drivers/STM32F4xx_HAL_Driver/Src/stm32f4xx_hal_dma_ex.c.obj
 .ARM.attributes
                0x00000487       0x34 cmake/stm32cubemx/CMakeFiles/STM32_Drivers.dir/__/__/Drivers/STM32F4xx_HAL_Driver/Src/stm32f4xx_hal_dma.c.obj
 .ARM.attributes
                0x000004bb       0x34 cmake/stm32cubemx/CMakeFiles/STM32_Drivers.dir/__/__/Drivers/STM32F4xx_HAL_Driver/Src/stm32f4xx_hal_cortex.c.obj
 .ARM.attributes
                0x000004ef       0x34 cmake/stm32cubemx/CMakeFiles/STM32_Drivers.dir/__/__/Drivers/STM32F4xx_HAL_Driver/Src/stm32f4xx_hal.c.obj
 .ARM.attributes
                0x00000523       0x34 cmake/stm32cubemx/CMakeFiles/STM32_Drivers.dir/__/__/Drivers/STM32F4xx_HAL_Driver/Src/stm32f4xx_hal_i2c.c.obj
 .ARM.attributes
                0x00000557       0x34 cmake/stm32cubemx/CMakeFiles/STM32_Drivers.dir/__/__/Drivers/STM32F4xx_HAL_Driver/Src/stm32f4xx_hal_tim.c.obj
 .ARM.attributes
                0x0000058b       0x34 cmake/stm32cubemx/CMakeFiles/STM32_Drivers.dir/__/__/Drivers/STM32F4xx_HAL_Driver/Src/stm32f4xx_hal_tim_ex.c.obj
 .ARM.attributes
                0x000005bf       0x34 cmake/stm32cubemx/CMakeFiles/STM32_Drivers.dir/__/__/Drivers/STM32F4xx_HAL_Driver/Src/stm32f4xx_hal_uart.c.obj
 .ARM.attributes
                0x000005f3       0x22 /usr/lib/gcc/arm-none-eabi/14.2.0/thumb/v7e-m+fp/hard/libgcc.a(_arm_addsubdf3.o)
 .ARM.attributes
                0x00000615       0x22 /usr/lib/gcc/arm-none-eabi/14.2.0/thumb/v7e-m+fp/hard/libgcc.a(_aeabi_uldivmod.o)
 .ARM.attributes
                0x00000637       0x34 /usr/lib/gcc/arm-none-eabi/14.2.0/thumb/v7e-m+fp/hard/libgcc.a(_udivmoddi4.o)
 .ARM.attributes
                0x0000066b       0x22 /usr/lib/gcc/arm-none-eabi/14.2.0/thumb/v7e-m+fp/hard/libgcc.a(_dvmd_tls.o)
 .ARM.attributes
                0x0000068d       0x34 /usr/lib/gcc/arm-none-eabi/14.2.0/../../../../arm-none-eabi/lib/thumb/v7e-m+fp/hard/libg_nano.a(libc_a-nano-vfprintf_float.o)
 .ARM.attributes
                0x000006c1       0x34 /usr/lib/gcc/arm-none-eabi/14.2.0/../../../../arm-none-eabi/lib/thumb/v7e-m+fp/hard/libg_nano.a(libc_a-nano-vfprintf_i.o)
 .ARM.attributes
                0x000006f5       0x34 /usr/lib/gcc/arm-none-eabi/14.2.0/../../../../arm-none-eabi/lib/thumb/v7e-m+fp/hard/libg_nano.a(libc_a-findfp.o)
 .ARM.attributes
                0x00000729       0x34 /usr/lib/gcc/arm-none-eabi/14.2.0/../../../../arm-none-eabi/lib/thumb/v7e-m+fp/hard/libg_nano.a(libc_a-fwalk.o)
 .ARM.attributes
                0x0000075d       0x34 /usr/lib/gcc/arm-none-eabi/14.2.0/../../../../arm-none-eabi/lib/thumb/v7e-m+fp/hard/libg_nano.a(libc_a-printf.o)
 .ARM.attributes
                0x00000791       0x34 /usr/lib/gcc/arm-none-eabi/14.2.0/../../../../arm-none-eabi/lib/thumb/v7e-m+fp/hard/libg_nano.a(libc_a-puts.o)
 .ARM.attributes
                0x000007c5       0x34 /usr/lib/gcc/arm-none-eabi/14.2.0/../../../../arm-none-eabi/lib/thumb/v7e-m+fp/hard/libg_nano.a(libc_a-stdio.o)
 .ARM.attributes
                0x000007f9       0x34 /usr/lib/gcc/arm-none-eabi/14.2.0/../../../../arm-none-eabi/lib/thumb/v7e-m+fp/hard/libg_nano.a(libc_a-wbuf.o)
 .ARM.attributes
                0x0000082d       0x34 /usr/lib/gcc/arm-none-eabi/14.2.0/../../../../arm-none-eabi/lib/thumb/v7e-m+fp/hard/libg_nano.a(libc_a-wsetup.o)
 .ARM.attributes
                0x00000861       0x34 /usr/lib/gcc/arm-none-eabi/14.2.0/../../../../arm-none-eabi/lib/thumb/v7e-m+fp/hard/libg_nano.a(libc_a-memset.o)
 .ARM.attributes
                0x00000895       0x34 /usr/lib/gcc/arm-none-eabi/14.2.0/../../../../arm-none-eabi/lib/thumb/v7e-m+fp/hard/libg_nano.a(libc_a-localeconv.o)
 .ARM.attributes
                0x000008c9       0x34 /usr/lib/gcc/arm-none-eabi/14.2.0/../../../../arm-none-eabi/lib/thumb/v7e-m+fp/hard/libg_nano.a(libc_a-closer.o)
 .ARM.attributes
                0x000008fd       0x34 /usr/lib/gcc/arm-none-eabi/14.2.0/../../../../arm-none-eabi/lib/thumb/v7e-m+fp/hard/libg_nano.a(libc_a-reent.o)
 .ARM.attributes
                0x00000931       0x34 /usr/lib/gcc/arm-none-eabi/14.2.0/../../../../arm-none-eabi/lib/thumb/v7e-m+fp/hard/libg_nano.a(libc_a-impure.o)
 .ARM.attributes
                0x00000965       0x34 /usr/lib/gcc/arm-none-eabi/14.2.0/../../../../arm-none-eabi/lib/thumb/v7e-m+fp/hard/libg_nano.a(libc_a-lseekr.o)
 .ARM.attributes
                0x00000999       0x34 /usr/lib/gcc/arm-none-eabi/14.2.0/../../../../arm-none-eabi/lib/thumb/v7e-m+fp/hard/libg_nano.a(libc_a-readr.o)
 .ARM.attributes
                0x000009cd       0x34 /usr/lib/gcc/arm-none-eabi/14.2.0/../../../../arm-none-eabi/lib/thumb/v7e-m+fp/hard/libg_nano.a(libc_a-writer.o)
 .ARM.attributes
                0x00000a01       0x34 /usr/lib/gcc/arm-none-eabi/14.2.0/../../../../arm-none-eabi/lib/thumb/v7e-m+fp/hard/libg_nano.a(libc_a-errno.o)
 .ARM.attributes
                0x00000a35       0x34 /usr/lib/gcc/arm-none-eabi/14.2.0/../../../../arm-none-eabi/lib/thumb/v7e-m+fp/hard/libg_nano.a(libc_a-init.o)
 .ARM.attributes
                0x00000a69       0x34 /usr/lib/gcc/arm-none-eabi/14.2.0/../../../../arm-none-eabi/lib/thumb/v7e-m+fp/hard/libg_nano.a(libc_a-lock.o)
 .ARM.attributes
                0x00000a9d       0x1c /usr/lib/gcc/arm-none-eabi/14.2.0/../../../../arm-none-eabi/lib/thumb/v7e-m+fp/hard/libg_nano.a(libc_a-memchr.o)
 .ARM.attributes
                0x00000ab9       0x17 /usr/lib/gcc/arm-none-eabi/14.2.0/../../../../arm-none-eabi/lib/thumb/v7e-m+fp/hard/libg_nano.a(libc_a-strlen.o)
 .ARM.attributes
                0x00000ad0       0x34 /usr/lib/gcc/arm-none-eabi/14.2.0/../../../../arm-none-eabi/lib/thumb/v7e-m+fp/hard/libg_nano.a(libc_a-dtoa.o)
 .ARM.attributes
                0x00000b04       0x34 /usr/lib/gcc/arm-none-eabi/14.2.0/../../../../arm-none-eabi/lib/thumb/v7e-m+fp/hard/libg_nano.a(libc_a-freer.o)
 .ARM.attributes
                0x00000b38       0x34 /usr/lib/gcc/arm-none-eabi/14.2.0/../../../../arm-none-eabi/lib/thumb/v7e-m+fp/hard/libg_nano.a(libc_a-malloc.o)
 .ARM.attributes
                0x00000b6c       0x34 /usr/lib/gcc/arm-none-eabi/14.2.0/../../../../arm-none-eabi/lib/thumb/v7e-m+fp/hard/libg_nano.a(libc_a-mallocr.o)
 .ARM.attributes
                0x00000ba0       0x34 /usr/lib/gcc/arm-none-eabi/14.2.0/../../../../arm-none-eabi/lib/thumb/v7e-m+fp/hard/libg_nano.a(libc_a-mlock.o)
 .ARM.attributes
                0x00000bd4       0x34 /usr/lib/gcc/arm-none-eabi/14.2.0/../../../../arm-none-eabi/lib/thumb/v7e-m+fp/hard/libg_nano.a(libc_a-mprec.o)
 .ARM.attributes
                0x00000c08       0x34 /usr/lib/gcc/arm-none-eabi/14.2.0/../../../../arm-none-eabi/lib/thumb/v7e-m+fp/hard/libg_nano.a(libc_a-nano-vfprintf.o)
 .ARM.attributes
                0x00000c3c       0x34 /usr/lib/gcc/arm-none-eabi/14.2.0/../../../../arm-none-eabi/lib/thumb/v7e-m+fp/hard/libg_nano.a(libc_a-fflush.o)
 .ARM.attributes
                0x00000c70       0x34 /usr/lib/gcc/arm-none-eabi/14.2.0/../../../../arm-none-eabi/lib/thumb/v7e-m+fp/hard/libg_nano.a(libc_a-makebuf.o)
 .ARM.attributes
                0x00000ca4       0x34 /usr/lib/gcc/arm-none-eabi/14.2.0/../../../../arm-none-eabi/lib/thumb/v7e-m+fp/hard/libg_nano.a(libc_a-locale.o)
 .ARM.attributes
                0x00000cd8       0x34 /usr/lib/gcc/arm-none-eabi/14.2.0/../../../../arm-none-eabi/lib/thumb/v7e-m+fp/hard/libg_nano.a(libc_a-fstatr.o)
 .ARM.attributes
                0x00000d0c       0x34 /usr/lib/gcc/arm-none-eabi/14.2.0/../../../../arm-none-eabi/lib/thumb/v7e-m+fp/hard/libg_nano.a(libc_a-isattyr.o)
 .ARM.attributes
                0x00000d40       0x34 /usr/lib/gcc/arm-none-eabi/14.2.0/../../../../arm-none-eabi/lib/thumb/v7e-m+fp/hard/libg_nano.a(libc_a-sbrkr.o)
 .ARM.attributes
                0x00000d74       0x34 /usr/lib/gcc/arm-none-eabi/14.2.0/../../../../arm-none-eabi/lib/thumb/v7e-m+fp/hard/libg_nano.a(libc_a-memcpy-stub.o)
 .ARM.attributes
                0x00000da8       0x34 /usr/lib/gcc/arm-none-eabi/14.2.0/../../../../arm-none-eabi/lib/thumb/v7e-m+fp/hard/libg_nano.a(libc_a-assert.o)
 .ARM.attributes
                0x00000ddc       0x34 /usr/lib/gcc/arm-none-eabi/14.2.0/../../../../arm-none-eabi/lib/thumb/v7e-m+fp/hard/libg_nano.a(libc_a-callocr.o)
 .ARM.attributes
                0x00000e10       0x34 /usr/lib/gcc/arm-none-eabi/14.2.0/../../../../arm-none-eabi/lib/thumb/v7e-m+fp/hard/libg_nano.a(libc_a-mbtowc_r.o)
 .ARM.attributes
                0x00000e44       0x34 /usr/lib/gcc/arm-none-eabi/14.2.0/../../../../arm-none-eabi/lib/thumb/v7e-m+fp/hard/libg_nano.a(libc_a-wctomb_r.o)
 .ARM.attributes
                0x00000e78       0x34 /usr/lib/gcc/arm-none-eabi/14.2.0/../../../../arm-none-eabi/lib/thumb/v7e-m+fp/hard/libg_nano.a(libc_a-ctype_.o)
 .ARM.attributes
                0x00000eac       0x34 /usr/lib/gcc/arm-none-eabi/14.2.0/../../../../arm-none-eabi/lib/thumb/v7e-m+fp/hard/libg_nano.a(libc_a-fprintf.o)
 .ARM.attributes
                0x00000ee0       0x34 /usr/lib/gcc/arm-none-eabi/14.2.0/../../../../arm-none-eabi/lib/thumb/v7e-m+fp/hard/libg_nano.a(libc_a-abort.o)
 .ARM.attributes
                0x00000f14       0x34 /usr/lib/gcc/arm-none-eabi/14.2.0/../../../../arm-none-eabi/lib/thumb/v7e-m+fp/hard/libg_nano.a(libc_a-signal.o)
 .ARM.attributes
                0x00000f48       0x34 /usr/lib/gcc/arm-none-eabi/14.2.0/../../../../arm-none-eabi/lib/thumb/v7e-m+fp/hard/libg_nano.a(libc_a-signalr.o)
 .ARM.attributes
                0x00000f7c       0x22 /usr/lib/gcc/arm-none-eabi/14.2.0/thumb/v7e-m+fp/hard/libgcc.a(_arm_muldivdf3.o)
 .ARM.attributes
                0x00000f9e       0x22 /usr/lib/gcc/arm-none-eabi/14.2.0/thumb/v7e-m+fp/hard/libgcc.a(_arm_cmpdf2.o)
 .ARM.attributes
                0x00000fc0       0x22 /usr/lib/gcc/arm-none-eabi/14.2.0/thumb/v7e-m+fp/hard/libgcc.a(_arm_unorddf2.o)
 .ARM.attributes
                0x00000fe2       0x22 /usr/lib/gcc/arm-none-eabi/14.2.0/thumb/v7e-m+fp/hard/libgcc.a(_arm_fixdfsi.o)
 .ARM.attributes
                0x00001004       0x22 /usr/lib/gcc/arm-none-eabi/14.2.0/thumb/v7e-m+fp/hard/crtn.o

.comment        0x00000000       0x1e
 .comment       0x00000000       0x1e CMakeFiles/V2.2_F407.dir/Core/Src/main.c.obj
                                 0x1f (size before relaxing)
 .comment       0x0000001e       0x1f CMakeFiles/V2.2_F407.dir/Core/Src/gpio.c.obj
 .comment       0x0000001e       0x1f CMakeFiles/V2.2_F407.dir/Core/Src/dcmi.c.obj
 .comment       0x0000001e       0x1f CMakeFiles/V2.2_F407.dir/Core/Src/dma.c.obj
 .comment       0x0000001e       0x1f CMakeFiles/V2.2_F407.dir/Core/Src/i2c.c.obj
 .comment       0x0000001e       0x1f CMakeFiles/V2.2_F407.dir/Core/Src/tim.c.obj
 .comment       0x0000001e       0x1f CMakeFiles/V2.2_F407.dir/Core/Src/usart.c.obj
 .comment       0x0000001e       0x1f CMakeFiles/V2.2_F407.dir/Core/Src/stm32f4xx_it.c.obj
 .comment       0x0000001e       0x1f CMakeFiles/V2.2_F407.dir/Core/Src/stm32f4xx_hal_msp.c.obj
 .comment       0x0000001e       0x1f CMakeFiles/V2.2_F407.dir/Core/Src/sysmem.c.obj
 .comment       0x0000001e       0x1f CMakeFiles/V2.2_F407.dir/Core/Src/syscalls.c.obj
 .comment       0x0000001e       0x1f CMakeFiles/V2.2_F407.dir/Core/Src/servo_driver.c.obj
 .comment       0x0000001e       0x1f CMakeFiles/V2.2_F407.dir/Core/Src/hcsr04.c.obj
 .comment       0x0000001e       0x1f CMakeFiles/V2.2_F407.dir/Core/Src/ov2640.c.obj
 .comment       0x0000001e       0x1f cmake/stm32cubemx/CMakeFiles/STM32_Drivers.dir/__/__/Core/Src/system_stm32f4xx.c.obj
 .comment       0x0000001e       0x1f cmake/stm32cubemx/CMakeFiles/STM32_Drivers.dir/__/__/Drivers/STM32F4xx_HAL_Driver/Src/stm32f4xx_hal_dcmi.c.obj
 .comment       0x0000001e       0x1f cmake/stm32cubemx/CMakeFiles/STM32_Drivers.dir/__/__/Drivers/STM32F4xx_HAL_Driver/Src/stm32f4xx_hal_dcmi_ex.c.obj
 .comment       0x0000001e       0x1f cmake/stm32cubemx/CMakeFiles/STM32_Drivers.dir/__/__/Drivers/STM32F4xx_HAL_Driver/Src/stm32f4xx_hal_rcc.c.obj
 .comment       0x0000001e       0x1f cmake/stm32cubemx/CMakeFiles/STM32_Drivers.dir/__/__/Drivers/STM32F4xx_HAL_Driver/Src/stm32f4xx_hal_gpio.c.obj
 .comment       0x0000001e       0x1f cmake/stm32cubemx/CMakeFiles/STM32_Drivers.dir/__/__/Drivers/STM32F4xx_HAL_Driver/Src/stm32f4xx_hal_dma_ex.c.obj
 .comment       0x0000001e       0x1f cmake/stm32cubemx/CMakeFiles/STM32_Drivers.dir/__/__/Drivers/STM32F4xx_HAL_Driver/Src/stm32f4xx_hal_dma.c.obj
 .comment       0x0000001e       0x1f cmake/stm32cubemx/CMakeFiles/STM32_Drivers.dir/__/__/Drivers/STM32F4xx_HAL_Driver/Src/stm32f4xx_hal_cortex.c.obj
 .comment       0x0000001e       0x1f cmake/stm32cubemx/CMakeFiles/STM32_Drivers.dir/__/__/Drivers/STM32F4xx_HAL_Driver/Src/stm32f4xx_hal.c.obj
 .comment       0x0000001e       0x1f cmake/stm32cubemx/CMakeFiles/STM32_Drivers.dir/__/__/Drivers/STM32F4xx_HAL_Driver/Src/stm32f4xx_hal_i2c.c.obj
 .comment       0x0000001e       0x1f cmake/stm32cubemx/CMakeFiles/STM32_Drivers.dir/__/__/Drivers/STM32F4xx_HAL_Driver/Src/stm32f4xx_hal_tim.c.obj
 .comment       0x0000001e       0x1f cmake/stm32cubemx/CMakeFiles/STM32_Drivers.dir/__/__/Drivers/STM32F4xx_HAL_Driver/Src/stm32f4xx_hal_tim_ex.c.obj
 .comment       0x0000001e       0x1f cmake/stm32cubemx/CMakeFiles/STM32_Drivers.dir/__/__/Drivers/STM32F4xx_HAL_Driver/Src/stm32f4xx_hal_uart.c.obj
 .comment       0x0000001e       0x1f /usr/lib/gcc/arm-none-eabi/14.2.0/thumb/v7e-m+fp/hard/libgcc.a(_udivmoddi4.o)
 .comment       0x0000001e       0x1f /usr/lib/gcc/arm-none-eabi/14.2.0/../../../../arm-none-eabi/lib/thumb/v7e-m+fp/hard/libg_nano.a(libc_a-nano-vfprintf_float.o)